###############################################################################
#                                                                             #
# IAR C/C++ Compiler V5.50.0.50277/W32 for Atmel AVR    02/Dec/2013  00:32:58 #
# Copyright (C) 1996-2010 IAR Systems AB.                                     #
#                                                                             #
#    Source file  =  D:\Work\IAR\TIEF_Framework\TIEL_FrameWork\Basic_Componen #
#                    t\dio.cpp                                                #
#    Command line =  D:\Work\IAR\TIEF_Framework\TIEL_FrameWork\Basic_Componen #
#                    t\dio.cpp --cpu=m128 -ms -o                              #
#                    D:\Work\IAR\TIEF_Framework\ATmega128_Release\Obj\ -D     #
#                    NDEBUG -D xWATCHDOG_ENABLE -lC                           #
#                    D:\Work\IAR\TIEF_Framework\ATmega128_Release\List\ -y    #
#                    --initializers_in_flash -z9 --cross_call_passes=2        #
#                    -DENABLE_BIT_DEFINITIONS --do_cross_call -e -I ./\ -I    #
#                    D:\Work\IAR\TIEF_Framework\ -I                           #
#                    D:\Work\IAR\TIEF_Framework/TIEL_FrameWork/Basic_Componen #
#                    t\ -I D:\Work\IAR\TIEF_Framework/TIEL_FrameWork/BSP/MC_E #
#                    02SMB_v1_3\ -I D:\Work\IAR\TIEF_Framework/TIEL_FrameWork #
#                    /Common\ -I D:\Work\IAR\TIEF_Framework/TIEL_FrameWork/Co #
#                    nfiguration\ -I D:\Work\IAR\TIEF_Framework/TIEL_FrameWor #
#                    k/CPU/AVR_Driver\ -I D:\Work\IAR\TIEF_Framework/TIEL_Fra #
#                    meWork/Driver_Interface\ -I                              #
#                    D:\Work\IAR\TIEF_Framework/TIEL_FrameWork/Drivers\ -I    #
#                    D:\Work\IAR\TIEF_Framework/TIEL_FrameWork/Service\ -I    #
#                    D:\Work\IAR\TIEF_Framework/TIEL_FrameWork/System\ -I     #
#                    D:\Work\IAR\TIEF_Framework/TIEL_FrameWork/Test\ -I       #
#                    D:\Work\IAR\TIEF_Framework/TIEL_FrameWork/Utils\ -I      #
#                    D:\Work\IAR\TIEF_Framework/BUILD_COUNT\ -I "C:\Program   #
#                    Files (x86)\IAR Systems\Embedded Workbench               #
#                    5.4_0\avr\INC\" -I "C:\Program Files (x86)\IAR           #
#                    Systems\Embedded Workbench 5.4_0\avr\INC\DLIB\"          #
#                    --eeprom_size 4096 --eec++ --dlib_config "C:\Program     #
#                    Files (x86)\IAR Systems\Embedded Workbench               #
#                    5.4_0\avr\LIB\DLIB\dlAVR-3s-ec_mul-n.h"                  #
#    List file    =  D:\Work\IAR\TIEF_Framework\ATmega128_Release\List\dio.ls #
#                    t                                                        #
#    Object file  =  D:\Work\IAR\TIEF_Framework\ATmega128_Release\Obj\dio.r90 #
#                                                                             #
#                                                                             #
###############################################################################

D:\Work\IAR\TIEF_Framework\TIEL_FrameWork\Basic_Component\dio.cpp
      1          #include "dio.h"
      2          
      3          #include <assert.h>
      4          

   \                                 In  segment CODE, align 2, keep-with-next
      5          DOut::DOut(void):stat(0)
   \                     ??DOut:
   \   00000000   E020               LDI     R18, 0
   \   00000002   01F8               MOVW    R31:R30, R17:R16
   \   00000004   8320               ST      Z, R18
      6          {
      7          }
   \   00000006   9508               RET
      8          

   \                                 In  segment CODE, align 2, keep-with-next
      9          void DOut::Set(unsigned char _v)
   \                     ??Set:
     10          {
   \   00000000   ........           CALL    ?PROLOGUE4_L09
   \   00000004   01D8               MOVW    R27:R26, R17:R16
   \   00000006   2F82               MOV     R24, R18
     11          //  assert(0x01 >= _v);
     12            
     13          //  _v &= 0x01;
     14            SetPort(_v);
   \   00000008   01F8               MOVW    R31:R30, R17:R16
   \   0000000A   8141               LDD     R20, Z+1
   \   0000000C   81F2               LDD     R31, Z+2
   \   0000000E   ....               RCALL   ?Subroutine1
     15          //?  assert(GetPort() == _v);
     16            
     17            stat = _v;
   \                     ??CrossCallReturnLabel_8:
   \   00000010   938C               ST      X, R24
     18          }
   \   00000012                      REQUIRE ?Subroutine5
   \   00000012                      ;               // Fall through to label ?Subroutine5

   \                                 In  segment CODE, align 2, keep-with-next
   \                     ?Subroutine5:
   \   00000000   E0E4               LDI     R30, 4
   \   00000002   ........           JMP     ?EPILOGUE_B4_L09

   \                                 In  segment CODE, align 2, keep-with-next
   \                     ?Subroutine1:
   \   00000000   2FE4               MOV     R30, R20
   \   00000002                      REQUIRE ??Subroutine7_0
   \   00000002                      ;               // Fall through to label ??Subroutine7_0

   \                                 In  segment CODE, align 2, keep-with-next
   \                     ??Subroutine7_0:
   \   00000000   9632               ADIW    R31:R30, 2
   \   00000002   9145               LPM     R20, Z+
   \   00000004   91F4               LPM     R31, Z
   \   00000006   2FE4               MOV     R30, R20
   \   00000008   9409               IJMP
     19          

   \                                 In  segment CODE, align 2, keep-with-next
     20          unsigned char DOut::Get(void)
   \                     ??Get:
     21          {
   \   00000000   93BA               ST      -Y, R27
   \   00000002   93AA               ST      -Y, R26
   \   00000004   01D8               MOVW    R27:R26, R17:R16
     22          //  assert(0x01 >= GetPort());
     23            
     24            stat = GetPort();// & 0x01;
   \   00000006   9611               ADIW    R27:R26, 1
   \   00000008   91ED               LD      R30, X+
   \   0000000A   91FC               LD      R31, X
   \   0000000C   9712               SBIW    R27:R26, 2
   \   0000000E   9634               ADIW    R31:R30, 4
   \   00000010   ....               RCALL   ?Subroutine3
   \                     ??CrossCallReturnLabel_2:
   \   00000012   930C               ST      X, R16
     25            
     26            return stat;
   \   00000014                      REQUIRE ?Subroutine4
   \   00000014                      ;               // Fall through to label ?Subroutine4
     27          }

   \                                 In  segment CODE, align 2, keep-with-next
   \                     ?Subroutine4:
   \   00000000   91A9               LD      R26, Y+
   \   00000002   91B9               LD      R27, Y+
   \   00000004   9508               RET

   \                                 In  segment CODE, align 2, keep-with-next
   \                     ?Subroutine3:
   \   00000000   9125               LPM     R18, Z+
   \   00000002   91F4               LPM     R31, Z
   \   00000004   2FE2               MOV     R30, R18
   \   00000006   9409               IJMP
     28          

   \                                 In  segment CODE, align 2, keep-with-next
     29          void DOut::Flip(unsigned char _mask)
   \                     ??Flip:
     30          {
     31          //  assert(0x01 >= stat);
     32            
     33            Set( stat ^ _mask  );//& 0x01) );
   \   00000000   01F8               MOVW    R31:R30, R17:R16
   \   00000002   8130               LD      R19, Z
   \   00000004   2723               EOR     R18, R19
   \   00000006   ....               RJMP    ??Set
     34          }
     35          
     36          
     37          

   \                                 In  segment CODE, align 2, keep-with-next
     38          DIn::DIn(DInEvent & _ev,unsigned char _timerInterval_MS)
   \                     ??DIn:
     39          :ev(&_ev),buff(0xff),pressed(0)
   \   00000000   EF4F               LDI     R20, 255
   \   00000002   01F8               MOVW    R31:R30, R17:R16
   \   00000004   8341               STD     Z+1, R20
   \   00000006   E040               LDI     R20, 0
   \   00000008   8342               STD     Z+2, R20
   \   0000000A   8323               STD     Z+3, R18
   \   0000000C   8334               STD     Z+4, R19
     40          {
     41            
     42          }
   \   0000000E   9508               RET
     43          

   \                                 In  segment CODE, align 2, keep-with-next
     44          DIn::DIn()
   \                     ??DIn_1:
     45          :ev(0),buff(0xff),pressed(0)
   \   00000000   EF2F               LDI     R18, 255
   \   00000002   01F8               MOVW    R31:R30, R17:R16
   \   00000004   8321               STD     Z+1, R18
   \   00000006   E020               LDI     R18, 0
   \   00000008   8322               STD     Z+2, R18
   \   0000000A   8323               STD     Z+3, R18
   \   0000000C   8324               STD     Z+4, R18
     46          {
     47            
     48          }
   \   0000000E   9508               RET
     49          

   \                                 In  segment CODE, align 2, keep-with-next
     50          char DIn::SetEvent(DInEvent & _ev)
   \                     ??SetEvent:
     51          {
     52            assert(0 == ev);
     53            
     54            if(0 == ev)
   \   00000000   01F8               MOVW    R31:R30, R17:R16
   \   00000002   8143               LDD     R20, Z+3
   \   00000004   8154               LDD     R21, Z+4
   \   00000006   2B45               OR      R20, R21
   \   00000008   F421               BRNE    ??SetEvent_1
     55            {
     56              ev = &_ev;
   \   0000000A   8323               STD     Z+3, R18
   \   0000000C   8334               STD     Z+4, R19
     57              return 1;
   \   0000000E   E001               LDI     R16, 1
   \   00000010   9508               RET
     58            }
     59            
     60            return 0;
   \                     ??SetEvent_1:
   \   00000012   E000               LDI     R16, 0
   \   00000014   9508               RET
     61              
     62            
     63          }

   \                                 In  segment CODE, align 2, keep-with-next
     64          unsigned char DIn::Get(void)
   \                     ??Get_1:
     65          {
   \   00000000   93BA               ST      -Y, R27
   \   00000002   93AA               ST      -Y, R26
     66          
     67            return GetPort() & 0x01;
   \   00000004   ....               RCALL   ?Subroutine0
   \                     ??CrossCallReturnLabel_0:
   \   00000006   2F10               MOV     R17, R16
   \   00000008   7011               ANDI    R17, 0x01
   \   0000000A   2F01               MOV     R16, R17
   \   0000000C   ....               RJMP    ?Subroutine4
     68          //  return pressed;
     69          }

   \                                 In  segment CODE, align 2, keep-with-next
   \                     ?Subroutine0:
   \   00000000   01D8               MOVW    R27:R26, R17:R16
   \   00000002   9615               ADIW    R27:R26, 5
   \   00000004   91ED               LD      R30, X+
   \   00000006   91FC               LD      R31, X
   \   00000008   9632               ADIW    R31:R30, 2
   \   0000000A                      REQUIRE ?Subroutine3
   \   0000000A                      ;               // Fall through to label ?Subroutine3

   \                                 In  segment CODE, align 2, keep-with-next
     70          void DIn::SetTimerInterval(unsigned char _timerInterval_MS)
   \                     ??SetTimerInterval:
     71          {
     72          
     73            assert(0 != _timerInterval_MS);
     74            
     75            if(0 == _timerInterval_MS)
   \   00000000   2322               TST     R18
   \   00000002   F011               BREQ    ??SetTimerInterval_1
     76              return ;
     77          
     78            timerInterval_MS = _timerInterval_MS;  
   \   00000004   01F8               MOVW    R31:R30, R17:R16
   \   00000006   8320               ST      Z, R18
     79            
     80          }
   \                     ??SetTimerInterval_1:
   \   00000008   9508               RET
     81          
     82          // It's called ISR. 재진입 가능 함수
     83          //

   \                                 In  segment CODE, align 2, keep-with-next
     84          void DIn::evISR(void)
   \                     ??evISR:
     85          {
     86            
     87          }
   \   00000000   9508               RET
     88          
     89          
     90           //외부 타이머에 의해 호출. 비재진입 함수 

   \                                 In  segment CODE, align 2, keep-with-next
     91          void DIn::evTimerExpir(void)
   \                     ??evTimerExpir:
     92          {
   \   00000000   ........           CALL    ?PROLOGUE4_L09
   \   00000004   01C8               MOVW    R25:R24, R17:R16
     93            
     94            buff = (buff << 1) | (GetPort() & 0x01);
   \   00000006   ....               RCALL   ?Subroutine0
   \                     ??CrossCallReturnLabel_1:
   \   00000008   01FC               MOVW    R31:R30, R25:R24
   \   0000000A   8111               LDD     R17, Z+1
   \   0000000C   0F11               LSL     R17
   \   0000000E   2F20               MOV     R18, R16
   \   00000010   7021               ANDI    R18, 0x01
   \   00000012   2B12               OR      R17, R18
   \   00000014   8311               STD     Z+1, R17
     95            
     96            if( (buff&0x0f) == 0x0f){ //버퍼의 모든 키 값이 1이라면 노이즈가 없는 것으로 간주.
   \   00000016   2F01               MOV     R16, R17
   \   00000018   700F               ANDI    R16, 0x0F
   \   0000001A   300F               CPI     R16, 15
   \   0000001C   F481               BRNE    ??evTimerExpir_1
     97              if( pressed == 0)
   \   0000001E   8102               LDD     R16, Z+2
   \   00000020   2300               TST     R16
   \   00000022   F451               BRNE    ??CrossCallReturnLabel_7
     98              {
     99                //key |= FALLING; // 이전 키값이 0 이고 현재 키값이 1이므로 FALLING???
    100                if(0 != ev)
   \   00000024   8103               LDD     R16, Z+3
   \   00000026   8114               LDD     R17, Z+4
   \   00000028   2F20               MOV     R18, R16
   \   0000002A   2B21               OR      R18, R17
   \   0000002C   F029               BREQ    ??CrossCallReturnLabel_7
    101                  ev->Changed(DInEvent::FALLING);
   \   0000002E   E021               LDI     R18, 1
   \   00000030   01F8               MOVW    R31:R30, R17:R16
   \   00000032   8140               LD      R20, Z
   \   00000034   81F1               LDD     R31, Z+1
   \   00000036   ....               RCALL   ?Subroutine1
    102              }
    103              pressed = 1; // 현재 키값으로 대체
   \                     ??CrossCallReturnLabel_7:
   \   00000038   E001               LDI     R16, 1
   \   0000003A   01FC               MOVW    R31:R30, R25:R24
   \   0000003C   8302               STD     Z+2, R16
    104            }
    105          			 
    106            if( (buff&0x0f) == 0x00){
   \                     ??evTimerExpir_1:
   \   0000003E   8101               LDD     R16, Z+1
   \   00000040   700F               ANDI    R16, 0x0F
   \   00000042   F481               BRNE    ??evTimerExpir_2
    107              if( pressed == 1)
   \   00000044   8102               LDD     R16, Z+2
   \   00000046   3001               CPI     R16, 1
   \   00000048   F451               BRNE    ??CrossCallReturnLabel_6
    108              {
    109                //key |= RISING;
    110                if(0 != ev)
   \   0000004A   81A3               LDD     R26, Z+3
   \   0000004C   81B4               LDD     R27, Z+4
   \   0000004E   2F0A               MOV     R16, R26
   \   00000050   2B0B               OR      R16, R27
   \   00000052   F029               BREQ    ??CrossCallReturnLabel_6
    111                  ev->Changed(DInEvent::RISING);
   \   00000054   E020               LDI     R18, 0
   \   00000056   018D               MOVW    R17:R16, R27:R26
   \   00000058   91ED               LD      R30, X+
   \   0000005A   91FC               LD      R31, X
   \   0000005C   ....               RCALL   ??Subroutine7_0
    112              }
    113               pressed = 0;
   \                     ??CrossCallReturnLabel_6:
   \   0000005E   E000               LDI     R16, 0
   \   00000060   01FC               MOVW    R31:R30, R25:R24
   \   00000062   8302               STD     Z+2, R16
    114            }
    115              
    116          }
   \                     ??evTimerExpir_2:
   \   00000064   ....               RJMP    ?Subroutine5

   \                                 In  segment CODE, align 2, keep-with-next
   \   __nearfunc __version_3 DOut *DOut::new DOut()
   \                     `??new DOut`:
   \   00000000   E003               LDI     R16, 3
   \   00000002   ....               RCALL   ??Subroutine6_0
   \                     ??CrossCallReturnLabel_5:
   \   00000004   E020               LDI     R18, 0
   \   00000006   F021               BREQ    `??new DOut_1`
   \   00000008   01F8               MOVW    R31:R30, R17:R16
   \   0000000A   8320               ST      Z, R18
   \   0000000C   0198               MOVW    R19:R18, R17:R16
   \   0000000E   C001               RJMP    `??new DOut_2`
   \                     `??new DOut_1`:
   \   00000010   E030               LDI     R19, 0
   \                     `??new DOut_2`:
   \   00000012   0189               MOVW    R17:R16, R19:R18
   \   00000014   9508               RET

   \                                 In  segment CODE, align 2, keep-with-next
   \   __nearfunc __version_3 DIn *DIn::new DIn(DInEvent &, unsigned char)
   \                     `??new DIn`:
   \   00000000   ........           CALL    ?PROLOGUE3_L09
   \   00000004   01C8               MOVW    R25:R24, R17:R16
   \   00000006   2FA2               MOV     R26, R18
   \   00000008   ....               RCALL   ?Subroutine2
   \                     ??CrossCallReturnLabel_3:
   \   0000000A   F021               BREQ    `??new DIn_2`
   \   0000000C   2F4A               MOV     R20, R26
   \   0000000E   019C               MOVW    R19:R18, R25:R24
   \   00000010   ....               RCALL   ??DIn
   \   00000012   C002               RJMP    `??new DIn_3`
   \                     `??new DIn_2`:
   \   00000014   E000               LDI     R16, 0
   \   00000016   E010               LDI     R17, 0
   \                     `??new DIn_3`:
   \   00000018   E0E3               LDI     R30, 3
   \   0000001A   ........           JMP     ?EPILOGUE_B3_L09

   \                                 In  segment CODE, align 2, keep-with-next
   \                     ?Subroutine2:
   \   00000000   E007               LDI     R16, 7
   \   00000002                      REQUIRE ??Subroutine6_0
   \   00000002                      ;               // Fall through to label ??Subroutine6_0

   \                                 In  segment CODE, align 2, keep-with-next
   \                     ??Subroutine6_0:
   \   00000000   E010               LDI     R17, 0
   \   00000002   ........           CALL    `??operator new`
   \   00000006   2F20               MOV     R18, R16
   \   00000008   2B21               OR      R18, R17
   \   0000000A   9508               RET

   \                                 In  segment CODE, align 2, keep-with-next
   \   __nearfunc __version_3 DIn *DIn::new DIn()
   \                     `??new DIn_1`:
   \   00000000   ....               RCALL   ?Subroutine2
   \                     ??CrossCallReturnLabel_4:
   \   00000002   F009               BREQ    `??new DIn_4`
   \   00000004   ....               RJMP    ??DIn_1
   \                     `??new DIn_4`:
   \   00000006   E000               LDI     R16, 0
   \   00000008   E010               LDI     R17, 0
   \   0000000A   9508               RET

   Maximum stack usage in bytes:

     Function                       CSTACK RSTACK
     --------                       ------ ------
     DIn::DIn()                         0      2
     DIn::DIn(DInEvent &, unsigned char)
                                        0      2
     DIn::Get()                         2      2
       ->   Indirect call               2      2
     DIn::SetEvent(DInEvent &)          0      2
     DIn::SetTimerInterval(unsigned char)
                                        0      2
     DIn::evISR()                       0      2
     DIn::evTimerExpir()                4      2
       ->   Indirect call               4      2
       ->   Indirect call               4      2
       ->   Indirect call               4      2
     DIn::new DIn()                     0      2
       -> operator new(unsigned int)
                                        0      2
       -> DIn::DIn()                    0      2
     DIn::new DIn(DInEvent &, unsigned char)
                                        3      2
       -> operator new(unsigned int)
                                        3      2
       -> DIn::DIn(DInEvent &, unsigned char)
                                        3      2
     DOut::DOut()                       0      2
     DOut::Flip(unsigned char)          0      2
       -> DOut::Set(unsigned char)      0      2
     DOut::Get()                        2      2
       ->   Indirect call               2      2
     DOut::Set(unsigned char)           4      2
       ->   Indirect call               4      2
     DOut::new DOut()                   0      2
       -> operator new(unsigned int)
                                        0      2


   Segment part sizes:

     Function/Label                 Bytes
     --------------                 -----
     DOut::DOut()                      8
     DOut::Set(unsigned char)         18
     ?Subroutine5                      6
     ?Subroutine1                      2
     ??Subroutine7_0                  10
     DOut::Get()                      20
     ?Subroutine4                      6
     ?Subroutine3                      8
     DOut::Flip(unsigned char)         8
     DIn::DIn(DInEvent &, unsigned char)
                                      16
     DIn::DIn()                       16
     DIn::SetEvent(DInEvent &)        22
     DIn::Get()                       14
     ?Subroutine0                     10
     DIn::SetTimerInterval(unsigned char)
                                      10
     DIn::evISR()                      2
     DIn::evTimerExpir()             102
     DOut::new DOut()                 22
     DIn::new DIn(DInEvent &, unsigned char)
                                      30
     ?Subroutine2                      2
     ??Subroutine6_0                  12
     DIn::new DIn()                   12

 
 356 bytes in segment CODE
 
 356 bytes of CODE memory

Errors: none
Warnings: none
