################################################################################
#                                                                              #
#      IAR Universal Linker V4.61L/W32                                         #
#                                                                              #
#           Link time     =  02/Dec/2013  00:33:08                             #
#           Target CPU    =  A90                                               #
#           List file     =  D:\Work\IAR\TIEF_Framework\ATmega128_Release\List #
#                            \TIEF.map                                         #
#           Output file 1 =  D:\Work\IAR\TIEF_Framework\ATmega128_Release\Exe\ #
#                            TIEF.d90                                          #
#                            Format: debug                                     #
#                            UBROF version 10.0.2                              #
#                            Using library modules for C-SPY (-r)              #
#           Command line  =  D:\Work\IAR\TIEF_Framework\ATmega128_Release\Obj\ #
#                            ANSI200.r90                                       #
#                            D:\Work\IAR\TIEF_Framework\ATmega128_Release\Obj\ #
#                            BCComponentManager.r90                            #
#                            D:\Work\IAR\TIEF_Framework\ATmega128_Release\Obj\ #
#                            CalClkFuncGen.r90                                 #
#                            D:\Work\IAR\TIEF_Framework\ATmega128_Release\Obj\ #
#                            DriverFactory.r90                                 #
#                            D:\Work\IAR\TIEF_Framework\ATmega128_Release\Obj\ #
#                            MC_E02SMB_v1_3DriverFactory.r90                   #
#                            D:\Work\IAR\TIEF_Framework\ATmega128_Release\Obj\ #
#                            Power_Manager.r90                                 #
#                            D:\Work\IAR\TIEF_Framework\ATmega128_Release\Obj\ #
#                            StdConsole.r90                                    #
#                            D:\Work\IAR\TIEF_Framework\ATmega128_Release\Obj\ #
#                            System_Info.r90                                   #
#                            D:\Work\IAR\TIEF_Framework\ATmega128_Release\Obj\ #
#                            System_Manager.r90                                #
#                            D:\Work\IAR\TIEF_Framework\ATmega128_Release\Obj\ #
#                            System_main.r90                                   #
#                            D:\Work\IAR\TIEF_Framework\ATmega128_Release\Obj\ #
#                            Term_Project_s.r90                                #
#                            D:\Work\IAR\TIEF_Framework\ATmega128_Release\Obj\ #
#                            TimerManager.r90                                  #
#                            D:\Work\IAR\TIEF_Framework\ATmega128_Release\Obj\ #
#                            adc.r90                                           #
#                            D:\Work\IAR\TIEF_Framework\ATmega128_Release\Obj\ #
#                            avr_WatchDog.r90                                  #
#                            D:\Work\IAR\TIEF_Framework\ATmega128_Release\Obj\ #
#                            avr_adc.r90                                       #
#                            D:\Work\IAR\TIEF_Framework\ATmega128_Release\Obj\ #
#                            avr_common.r90                                    #
#                            D:\Work\IAR\TIEF_Framework\ATmega128_Release\Obj\ #
#                            avr_nv_ram.r90                                    #
#                            D:\Work\IAR\TIEF_Framework\ATmega128_Release\Obj\ #
#                            avr_pwm.r90                                       #
#                            D:\Work\IAR\TIEF_Framework\ATmega128_Release\Obj\ #
#                            avr_sleep.r90                                     #
#                            D:\Work\IAR\TIEF_Framework\ATmega128_Release\Obj\ #
#                            avr_spi.r90                                       #
#                            D:\Work\IAR\TIEF_Framework\ATmega128_Release\Obj\ #
#                            avr_timer.r90                                     #
#                            D:\Work\IAR\TIEF_Framework\ATmega128_Release\Obj\ #
#                            avr_uart.r90                                      #
#                            D:\Work\IAR\TIEF_Framework\ATmega128_Release\Obj\ #
#                            clcd.r90                                          #
#                            D:\Work\IAR\TIEF_Framework\ATmega128_Release\Obj\ #
#                            clcd_adaptor.r90                                  #
#                            D:\Work\IAR\TIEF_Framework\ATmega128_Release\Obj\ #
#                            dac7512.r90                                       #
#                            D:\Work\IAR\TIEF_Framework\ATmega128_Release\Obj\ #
#                            dio.r90                                           #
#                            D:\Work\IAR\TIEF_Framework\ATmega128_Release\Obj\ #
#                            dio_adaptor.r90                                   #
#                            D:\Work\IAR\TIEF_Framework\ATmega128_Release\Obj\ #
#                            led.r90                                           #
#                            D:\Work\IAR\TIEF_Framework\ATmega128_Release\Obj\ #
#                            mcp3204.r90                                       #
#                            D:\Work\IAR\TIEF_Framework\ATmega128_Release\Obj\ #
#                            pwm.r90                                           #
#                            D:\Work\IAR\TIEF_Framework\ATmega128_Release\Obj\ #
#                            ringbuffer.r90                                    #
#                            D:\Work\IAR\TIEF_Framework\ATmega128_Release\Obj\ #
#                            serialIO.r90                                      #
#                            D:\Work\IAR\TIEF_Framework\ATmega128_Release\Obj\ #
#                            split2.r90                                        #
#                            D:\Work\IAR\TIEF_Framework\ATmega128_Release\Obj\ #
#                            terminal_service.r90                              #
#                            D:\Work\IAR\TIEF_Framework\ATmega128_Release\Obj\ #
#                            type.r90                                          #
#                            D:\Work\IAR\TIEF_Framework\ATmega128_Release\Obj\ #
#                            xmodem.r90                                        #
#                            -o                                                #
#                            D:\Work\IAR\TIEF_Framework\ATmega128_Release\Exe\ #
#                            TIEF.d90                                          #
#                            -B -z -G -l                                       #
#                            D:\Work\IAR\TIEF_Framework\ATmega128_Release\List #
#                            \TIEF.map                                         #
#                            -xmsnio                                           #
#                            "-IC:\Program Files (x86)\IAR Systems\Embedded Wo #
#                            rkbench 5.4_0\avr\LIB\"                           #
#                            -f                                                #
#                            "C:\Program Files (x86)\IAR Systems\Embedded Work #
#                            bench 5.4_0\avr\src\template\cfgm128.xcl"         #
#                            (-D_..X_INTVEC_SIZE=8C -D_..X_FLASH_NEND=FFFF     #
#                            -D_..X_FLASH_END=1FFFF -D_..X_SRAM_BASE=100       #
#                            -D_..X_SRAM_TBASE=0 -D_..X_SRAM_TSIZE=0           #
#                            -D_..X_SRAM_END=10FF -D_..X_EEPROM_END=FFF        #
#                            -D_..X_EEPROM_START=0) -D_..X_HEAP_SIZE=0         #
#                            -D_..X_TINY_HEAP_SIZE=0                           #
#                            -D_..X_NEAR_HEAP_SIZE=260                         #
#                            -D_..X_FAR_HEAP_SIZE=0 -D_..X_HUGE_HEAP_SIZE=0    #
#                            -D_..X_CSTACK_SIZE=2C0 -D_..X_RSTACK_SIZE=40 -f   #
#                            "C:\Program Files (x86)\IAR Systems\Embedded Work #
#                            bench 5.4_0\avr\src\template\cfg3soim.xcl"        #
#                            (-ca90 -w29                                       #
#                            -Z(CODE)INTVEC=0-(_..X_INTVEC_SIZE-1)             #
#                            -Z(CODE)TINY_F=_..X_FLASH_BASE-FF                 #
#                            -Z(CODE)NEAR_F=_..X_FLASH_BASE-_..X_FLASH_NEND    #
#                            -Z(CODE)SWITCH=_..X_FLASH_BASE-_..X_FLASH_NEND    #
#                            -Z(CODE)DIFUNCT=_..X_FLASH_BASE-_..X_FLASH_NEND   #
#                            -Z(CODE)CODE=_..X_FLASH_BASE-_..X_FLASH_END       #
#                            -Z(CODE)FAR_F=[_..X_FLASH_BASE-_..X_FLASH_END]/10 #
#                            000                                               #
#                            -Z(CODE)INITTAB=_..X_FLASH_BASE-_..X_FLASH_END    #
#                            -Z(CODE)HUGE_F=_..X_FLASH_BASE-_..X_FLASH_END     #
#                            -Z(CODE)TINY_ID=_..X_FLASH_BASE-_..X_FLASH_END    #
#                            -Z(CODE)NEAR_ID=_..X_FLASH_BASE-_..X_FLASH_END    #
#                            -Z(CODE)CHECKSUM#_..X_FLASH_END                   #
#                            -Z(DATA)TINY_I,TINY_Z,TINY_N=_..X_SRAM_TBASE:+_.. #
#                            X_SRAM_TSIZE                                      #
#                            -Z(DATA)CSTACK+_..X_CSTACK_SIZE=_..X_CSTACK_BASE- #
#                            _..X_CSTACK_END                                   #
#                            -Z(DATA)HEAP+_..X_HEAP_SIZE=_..X_SRAM_BASE-_..X_S #
#                            RAM_END                                           #
#                            -Z(DATA)IOSTREAM_N#_..X_SRAM_BASE-_..X_SRAM_END   #
#                            -Z(DATA)NEAR_HEAP+_..X_NEAR_HEAP_SIZE=_..X_SRAM_B #
#                            ASE-_..X_SRAM_END                                 #
#                            -Z(DATA)RSTACK+_..X_RSTACK_SIZE=_..X_RSTACK_BASE- #
#                            _..X_RSTACK_END                                   #
#                            -Z(DATA)NEAR_I,NEAR_Z,NEAR_N=_..X_SRAM_BASE-_..X_ #
#                            SRAM_END                                          #
#                            -Z(XDATA)EEPROM_I,EEPROM_N=_..X_EEPROM_START-_..X #
#                            _EEPROM_END)                                      #
#                            -D_..X_FLASH_BASE=_..X_INTVEC_SIZE -H1895         #
#                            -h(CODE)0-(_..X_INTVEC_SIZE-1)                    #
#                            -D_..X_EXT_SRAM_BASE=_..X_SRAM_END                #
#                            -D_..X_EXT_SRAM_SIZE=0                            #
#                            -D_..X_EXT_ROM_BASE=_..X_SRAM_END                 #
#                            -D_..X_EXT_ROM_SIZE=0                             #
#                            -D_..X_EXT_NV_BASE=_..X_SRAM_END                  #
#                            -D_..X_EXT_NV_SIZE=0                              #
#                            -D_..X_CSTACK_BASE=_..X_SRAM_BASE                 #
#                            -D_..X_CSTACK_END=_..X_SRAM_END                   #
#                            -D_..X_RSTACK_BASE=_..X_SRAM_BASE                 #
#                            -D_..X_RSTACK_END=_..X_SRAM_END -r -s             #
#                            __program_start                                   #
#                            "C:\Program Files (x86)\IAR Systems\Embedded Work #
#                            bench 5.4_0\avr\LIB\DLIB\dlAVR-3s-ec_mul-n.r90"   #
#                            -e_PrintfLarge=_Printf -e_ScanfSmall=_Scanf       #
#                                                                              #
#                           Copyright (C) 1987-2009 IAR Systems AB.            #
################################################################################





                ****************************************
                *                                      *
                *           CROSS REFERENCE            *
                *                                      *
                ****************************************

       Program entry at : CODE      00000000  Relocatable, from module : ?RESET




                ****************************************
                *                                      *
                *            RUNTIME MODEL             *
                *                                      *
                ****************************************

  R10                        = REG
  R11                        = REG
  R12                        = REG
  R13                        = REG
  R14                        = REG
  R15                        = REG
  R4                         = REG
  R5                         = REG
  R6                         = REG
  R7                         = REG
  R8                         = REG
  R9                         = REG
  __64bit_doubles            = disabled
  __cpu                      = 3
  __cpu_name                 = ATmega128
  __dlib_file_descriptor     = 0
  __dlib_full_locale_support = 0
  __enhanced_core            = enabled
  __has_elpm                 = true
  __memory_model             = 2
  __no_rampd                 = enabled
  __rt_version               = 3
  __tiny_avr                 = false



                ****************************************
                *                                      *
                *              MODULE MAP              *
                *                                      *
                ****************************************


  DEFINED ABSOLUTE ENTRIES
  PROGRAM MODULE, NAME : ?ABS_ENTRY_MOD

Absolute parts
           ENTRY                   ADDRESS         REF BY
           =====                   =======         ======
           _..X_RSTACK_END         000010FF 
           _..X_RSTACK_BASE        00000100 
           _..X_CSTACK_END         000010FF 
           _..X_CSTACK_BASE        00000100 
           _..X_EXT_NV_SIZE        00000000 
           _..X_EXT_NV_BASE        000010FF 
           _..X_EXT_ROM_SIZE       00000000 
           _..X_EXT_ROM_BASE       000010FF 
           _..X_EXT_SRAM_SIZE      00000000 
           _..X_EXT_SRAM_BASE      000010FF 
           _..X_FLASH_BASE         0000008C 
           _..X_RSTACK_SIZE        00000040 
           _..X_CSTACK_SIZE        000002C0 
           _..X_HUGE_HEAP_SIZE     00000000 
           _..X_FAR_HEAP_SIZE      00000000 
           _..X_NEAR_HEAP_SIZE     00000260 
           _..X_TINY_HEAP_SIZE     00000000 
           _..X_HEAP_SIZE          00000000 
           _..X_EEPROM_START       00000000 
           _..X_EEPROM_END         00000FFF 
           _..X_SRAM_END           000010FF 
           _..X_SRAM_TSIZE         00000000 
           _..X_SRAM_TBASE         00000000 
           _..X_SRAM_BASE          00000100 
           _..X_FLASH_END          0001FFFF 
           _..X_FLASH_NEND         0000FFFF 
           _..X_INTVEC_SIZE        0000008C 
    *************************************************************************

  FILE NAME : D:\Work\IAR\TIEF_Framework\ATmega128_Release\Obj\ANSI200.r90
  PROGRAM MODULE, NAME : ANSI200

  SEGMENTS IN THE MODULE
  ======================
ABSOLUTE
  Relative segment, address: DATA 0000001C, align: 0
  Segment part 1. ROOT.
           ENTRY                   ADDRESS         REF BY
           =====                   =======         ======
           __?EECR                 0000001C 
    -------------------------------------------------------------------------
ABSOLUTE
  Relative segment, address: DATA 0000001D, align: 0
  Segment part 2. ROOT.
           ENTRY                   ADDRESS         REF BY
           =====                   =======         ======
           __?EEDR                 0000001D 
    -------------------------------------------------------------------------
ABSOLUTE
  Relative segment, address: DATA 0000001E, align: 0
  Segment part 3. ROOT.
           ENTRY                   ADDRESS         REF BY
           =====                   =======         ======
           __?EEARL                0000001E 
    -------------------------------------------------------------------------
ABSOLUTE
  Relative segment, address: DATA 0000001F, align: 0
  Segment part 4. ROOT.
           ENTRY                   ADDRESS         REF BY
           =====                   =======         ======
           __?EEARH                0000001F 
    -------------------------------------------------------------------------
CSTACK
  Segment part 5. NOT NEEDED.
    -------------------------------------------------------------------------
RSTACK
  Segment part 6. NOT NEEDED.

    *************************************************************************

  FILE NAME : D:\Work\IAR\TIEF_Framework\ATmega128_Release\Obj\BCComponentManager.r90
  PROGRAM MODULE, NAME : BCComponentManager

  SEGMENTS IN THE MODULE
  ======================
NEAR_Z
  Relative segment, address: DATA 0000076A - 0000076B (0x2 bytes), align: 0
  Segment part 10.            Intra module refs:   BCComponentManager::BCComponentManager()
           ENTRY                   ADDRESS         REF BY
           =====                   =======         ======
           BCComponentManager::Instantce
                                   0000076A 
    -------------------------------------------------------------------------
NEAR_I
  Relative segment, address: DATA 00000660 - 00000665 (0x6 bytes), align: 0
  Segment part 13.            Intra module refs:   __sti__routine()
    -------------------------------------------------------------------------
NEAR_I
  Relative segment, address: DATA 00000666 - 0000067D (0x18 bytes), align: 0
  Segment part 17.            Intra module refs:   BCComponentManager::Init()
    -------------------------------------------------------------------------
NEAR_I
  Relative segment, address: DATA 0000067E - 00000683 (0x6 bytes), align: 0
  Segment part 24.            Intra module refs:   BCComponentManager::CreateAdc()
    -------------------------------------------------------------------------
CODE
  Relative segment, address: CODE 000002B0 - 000002B1 (0x2 bytes), align: 1
  Segment part 31.            Intra module refs:   Segment part 18
           LOCAL                   ADDRESS         
           =====                   =======         
           <Unnamed 1>             000002B0 
               RSTACK = 00000000 ( 00000002 )
    -------------------------------------------------------------------------
CODE
  Relative segment, address: CODE 000002B2 - 000002B3 (0x2 bytes), align: 1
  Segment part 32.            Intra module refs:   Segment part 18
           LOCAL                   ADDRESS         
           =====                   =======         
           <Unnamed 2>             000002B2 
               RSTACK = 00000000 ( 00000002 )
    -------------------------------------------------------------------------
CODE
  Relative segment, address: CODE 000002B4 - 000002B5 (0x2 bytes), align: 1
  Segment part 33.            Intra module refs:   Segment part 18
           LOCAL                   ADDRESS         
           =====                   =======         
           <Unnamed 3>             000002B4 
               RSTACK = 00000000 ( 00000002 )
    -------------------------------------------------------------------------
CODE
  Relative segment, address: CODE 000002B6 - 000002BD (0x8 bytes), align: 1
  Segment part 34.            Intra module refs:   Segment part 25
           LOCAL                   ADDRESS         
           =====                   =======         
           <Unnamed 4>             000002B6 
               calls direct
               RSTACK = 00000000 ( 00000002 )
    -------------------------------------------------------------------------
NEAR_I
  Relative segment, address: DATA 00000684 - 00000689 (0x6 bytes), align: 0
  Segment part 27.            Intra module refs:   BCComponentManager::CreatePwm()
    -------------------------------------------------------------------------
CODE
  Relative segment, address: CODE 000002BE - 000002C5 (0x8 bytes), align: 1
  Segment part 35.            Intra module refs:   Segment part 28
           LOCAL                   ADDRESS         
           =====                   =======         
           <Unnamed 5>             000002BE 
               calls direct
               RSTACK = 00000000 ( 00000002 )
    -------------------------------------------------------------------------
CODE
  Segment part 36. NOT NEEDED.
           ENTRY                   ADDRESS         REF BY
           =====                   =======         ======
           BCComponentManager::new BCComponentManager()
                                   
               calls direct
               not allocated function
    -------------------------------------------------------------------------
CODE
  Relative segment, address: CODE 000002C6 - 000002CB (0x6 bytes), align: 1
  Segment part 37.            Intra module refs:   BCComponentManager::CreateSerialIO(unsigned char)
    -------------------------------------------------------------------------
CODE
  Relative segment, address: CODE 000002CC - 000002E1 (0x16 bytes), align: 1
  Segment part 38.            Intra module refs:   Segment part 30
           LOCAL                   ADDRESS         
           =====                   =======         
           __sti__routine()        000002CC 
               calls direct
               RSTACK = 00000000 ( 00000002 )
    -------------------------------------------------------------------------
CODE
  Relative segment, address: CODE 000002E2 - 000002E3 (0x2 bytes), align: 1
  Segment part 39.            Intra module refs:   __sti__routine()
    -------------------------------------------------------------------------
CODE
  Relative segment, address: CODE 000002E4 - 000002E5 (0x2 bytes), align: 1
  Segment part 40.            Intra module refs:   Segment part 14
           LOCAL                   ADDRESS         
           =====                   =======         
           <Unnamed 0>             000002E4 
               RSTACK = 00000000 ( 00000002 )
    -------------------------------------------------------------------------
CODE
  Relative segment, address: CODE 000002E6 - 000002F7 (0x12 bytes), align: 1
  Segment part 41.            Intra module refs:   Segment part 39
           ENTRY                   ADDRESS         REF BY
           =====                   =======         ======
           BCComponentManager::BCComponentManager()
                                   000002E6 
               RSTACK = 00000000 ( 00000002 )
    -------------------------------------------------------------------------
CODE
  Relative segment, address: CODE 000002F8 - 000003F3 (0xfc bytes), align: 1
  Segment part 42.
           ENTRY                   ADDRESS         REF BY
           =====                   =======         ======
           BCComponentManager::Init()
                                   000002F8        main (System_main)
               calls direct and indirect
               CSTACK = 00000000 ( 00000006 )
               RSTACK = 00000000 ( 00000002 )
    -------------------------------------------------------------------------
CODE
  Relative segment, address: CODE 000003F4 - 000003FF (0xc bytes), align: 1
  Segment part 43.            Intra module refs:   BCComponentManager::Init()
    -------------------------------------------------------------------------
CODE
  Relative segment, address: CODE 00000400 - 00000413 (0x14 bytes), align: 1
  Segment part 44.            Intra module refs:   BCComponentManager::Init()
    -------------------------------------------------------------------------
CODE
  Relative segment, address: CODE 00000414 - 0000041B (0x8 bytes), align: 1
  Segment part 45.
           ENTRY                   ADDRESS         REF BY
           =====                   =======         ======
           BCComponentManager::CreateTimer()
                                   00000414        Term_Project_s::Init() (Term_Project_s)
               RSTACK = 00000000 ( 00000002 )
    -------------------------------------------------------------------------
CODE
  Relative segment, address: CODE 0000041C - 00000433 (0x18 bytes), align: 1
  Segment part 46.
           ENTRY                   ADDRESS         REF BY
           =====                   =======         ======
           BCComponentManager::CreateLed(enum LED)
                                   0000041C        Term_Project_s::Init() (Term_Project_s)
               RSTACK = 00000000 ( 00000002 )
    -------------------------------------------------------------------------
CODE
  Relative segment, address: CODE 00000434 - 00000441 (0xe bytes), align: 1
  Segment part 47.            Intra module refs:   BCComponentMod::Init()
           ENTRY                   ADDRESS         REF BY
           =====                   =======         ======
           BCComponentManager::CreateSerialIO(unsigned char)
                                   00000434        Term_Project_s::Init() (Term_Project_s)
               RSTACK = 00000000 ( 00000002 )
    -------------------------------------------------------------------------
CODE
  Relative segment, address: CODE 00000442 - 00000455 (0x14 bytes), align: 1
  Segment part 48.
           ENTRY                   ADDRESS         REF BY
           =====                   =======         ======
           BCComponentManager::CreateDIn()
                                   00000442        Term_Project_s::Init() (Term_Project_s)
               calls indirect
               CSTACK = 00000000 ( 00000002 )
               RSTACK = 00000000 ( 00000002 )
    -------------------------------------------------------------------------
CODE
  Relative segment, address: CODE 00000456 - 0000045B (0x6 bytes), align: 1
  Segment part 49.            Intra module refs:   BCComponentManager::CreateDIn()
                                                   BCComponentManager::CreatePwm()
    -------------------------------------------------------------------------
CODE
  Relative segment, address: CODE 0000045C - 0000045D (0x2 bytes), align: 1
  Segment part 50.            Intra module refs:   BCComponentManager::CreateDIn()
                                                   BCComponentManager::Init()
    -------------------------------------------------------------------------
CODE
  Relative segment, address: CODE 0000045E - 00000465 (0x8 bytes), align: 1
  Segment part 51.            Intra module refs:   BCComponentManager::Init()
                                                   Segment part 50
                                                   Segment part 55
    -------------------------------------------------------------------------
CODE
  Relative segment, address: CODE 00000466 - 000004A1 (0x3c bytes), align: 1
  Segment part 52.
           ENTRY                   ADDRESS         REF BY
           =====                   =======         ======
           BCComponentManager::CreateAdc()
                                   00000466        Term_Project_s::Init() (Term_Project_s)
               calls direct and indirect
               CSTACK = 00000000 ( 00000004 )
               RSTACK = 00000000 ( 00000002 )
    -------------------------------------------------------------------------
CODE
  Relative segment, address: CODE 000004A2 - 000004AB (0xa bytes), align: 1
  Segment part 53.            Intra module refs:   BCComponentManager::CreateAdc()
                                                   BCComponentManager::Init()
    -------------------------------------------------------------------------
CODE
  Relative segment, address: CODE 000004AC - 000004AF (0x4 bytes), align: 1
  Segment part 54.            Intra module refs:   BCComponentManager::CreateAdc()
                                                   BCComponentManager::CreatePwm()
                                                   BCComponentManager::Init()
                                                   __sti__routine()
    -------------------------------------------------------------------------
CODE
  Relative segment, address: CODE 000004B0 - 000004B5 (0x6 bytes), align: 1
  Segment part 55.            Intra module refs:   BCComponentManager::CreateAdc()
                                                   BCComponentManager::CreatePwm()
                                                   BCComponentManager::Init()
    -------------------------------------------------------------------------
CODE
  Relative segment, address: CODE 000004B6 - 000004B9 (0x4 bytes), align: 1
  Segment part 56.            Intra module refs:   BCComponentManager::CreateAdc()
                                                   BCComponentManager::Init()
    -------------------------------------------------------------------------
CODE
  Relative segment, address: CODE 000004BA - 000004C9 (0x10 bytes), align: 1
  Segment part 57.            Intra module refs:   BCComponentManager::Init()
                                                   Segment part 56
    -------------------------------------------------------------------------
CODE
  Relative segment, address: CODE 000004CA - 00000503 (0x3a bytes), align: 1
  Segment part 58.
           ENTRY                   ADDRESS         REF BY
           =====                   =======         ======
           BCComponentManager::CreatePwm()
                                   000004CA        Term_Project_s::Init() (Term_Project_s)
               calls direct and indirect
               CSTACK = 00000000 ( 00000002 )
               RSTACK = 00000000 ( 00000002 )
    -------------------------------------------------------------------------
NEAR_Z
  Relative segment, address: DATA 0000076C - 000007B2 (0x47 bytes), align: 0
  Segment part 12.            Intra module refs:   BCComponentManager::CreateAdc()
                                                   BCComponentManager::CreateDIn()
                                                   BCComponentManager::CreatePwm()
                                                   BCComponentManager::Init()
                                                   BCComponentMod::Init()
                                                   GetBCComponentManager()
                                                   Segment part 14
                                                   Segment part 18
                                                   Segment part 25
                                                   Segment part 28
                                                   __sti__routine()
           ENTRY                   ADDRESS         REF BY
           =====                   =======         ======
           BCComponentManager::Driver
                                   0000076C 
           bcmod                   0000076E 
    -------------------------------------------------------------------------
NEAR_Z
  Relative segment, address: DATA 000007B3 - 000007B4 (0x2 bytes), align: 0
  Segment part 16.            Intra module refs:   Segment part 14
    -------------------------------------------------------------------------
NEAR_Z
  Relative segment, address: DATA 000007B5 - 000007B6 (0x2 bytes), align: 0
  Segment part 19.            Intra module refs:   Segment part 18
    -------------------------------------------------------------------------
NEAR_Z
  Relative segment, address: DATA 000007B7 - 000007D9 (0x23 bytes), align: 0
  Segment part 20.            Intra module refs:   BCComponentManager::Init()
                                                   Segment part 18
    -------------------------------------------------------------------------
NEAR_Z
  Relative segment, address: DATA 000007DA - 000007DB (0x2 bytes), align: 0
  Segment part 21.            Intra module refs:   Segment part 18
    -------------------------------------------------------------------------
NEAR_Z
  Relative segment, address: DATA 000007DC - 000007DD (0x2 bytes), align: 0
  Segment part 22.            Intra module refs:   Segment part 18
    -------------------------------------------------------------------------
NEAR_Z
  Relative segment, address: DATA 000007DE - 000007DF (0x2 bytes), align: 0
  Segment part 23.            Intra module refs:   Segment part 18
    -------------------------------------------------------------------------
NEAR_Z
  Relative segment, address: DATA 000007E0 - 000007E1 (0x2 bytes), align: 0
  Segment part 26.            Intra module refs:   Segment part 25
    -------------------------------------------------------------------------
NEAR_Z
  Relative segment, address: DATA 000007E2 - 000007E3 (0x2 bytes), align: 0
  Segment part 29.            Intra module refs:   Segment part 28
    -------------------------------------------------------------------------
CODE
  Relative segment, address: CODE 00000504 - 00000509 (0x6 bytes), align: 1
  Segment part 59.
           ENTRY                   ADDRESS         REF BY
           =====                   =======         ======
           GetBCComponentManager()
                                   00000504        Segment part 54 (Term_Project_s)
                                                   main (System_main)
               RSTACK = 00000000 ( 00000002 )
    -------------------------------------------------------------------------
CODE
  Relative segment, address: CODE 0000050A - 00000519 (0x10 bytes), align: 1
  Segment part 60.            Intra module refs:   Segment part 7
           ENTRY                   ADDRESS         REF BY
           =====                   =======         ======
           DInTimerAdaptor::~DInTimerAdaptor()
                                   0000050A 
               calls direct
               RSTACK = 00000000 ( 00000002 )
    -------------------------------------------------------------------------
CODE
  Relative segment, address: CODE 0000051A - 00000557 (0x3e bytes), align: 1
  Segment part 61.            Intra module refs:   BCComponentManager::Init()
           ENTRY                   ADDRESS         REF BY
           =====                   =======         ======
           DInTimerAdaptor::DInTimerAdaptor(DIn &, unsigned char)
                                   0000051A 
               calls direct
               CSTACK = 00000000 ( 00000002 )
               RSTACK = 00000000 ( 00000002 )
    -------------------------------------------------------------------------
CODE
  Relative segment, address: CODE 00000558 - 00000561 (0xa bytes), align: 1
  Segment part 62.            Intra module refs:   Segment part 7
           ENTRY                   ADDRESS         REF BY
           =====                   =======         ======
           DInTimerAdaptor::TimeOutEvent()
                                   00000558 
               calls direct
               RSTACK = 00000000 ( 00000002 )
    -------------------------------------------------------------------------
CODE
  Relative segment, address: CODE 00000562 - 00000571 (0x10 bytes), align: 1
  Segment part 63.            Intra module refs:   Segment part 8
           ENTRY                   ADDRESS         REF BY
           =====                   =======         ======
           TimerWithLedAdapter::~TimerWithLedAdapter()
                                   00000562 
               calls direct
               RSTACK = 00000000 ( 00000002 )
    -------------------------------------------------------------------------
CODE
  Relative segment, address: CODE 00000572 - 00000593 (0x22 bytes), align: 1
  Segment part 64.            Intra module refs:   BCComponentManager::Init()
           ENTRY                   ADDRESS         REF BY
           =====                   =======         ======
           TimerWithLedAdapter::TimerWithLedAdapter(Led *)
                                   00000572 
               RSTACK = 00000000 ( 00000002 )
    -------------------------------------------------------------------------
CODE
  Relative segment, address: CODE 00000594 - 0000059D (0xa bytes), align: 1
  Segment part 65.            Intra module refs:   Segment part 8
           ENTRY                   ADDRESS         REF BY
           =====                   =======         ======
           TimerWithLedAdapter::TimeOutEvent()
                                   00000594 
               calls direct
               RSTACK = 00000000 ( 00000002 )
    -------------------------------------------------------------------------
CODE
  Relative segment, address: CODE 0000059E - 000005AD (0x10 bytes), align: 1
  Segment part 66.            Intra module refs:   Segment part 9
           ENTRY                   ADDRESS         REF BY
           =====                   =======         ======
           BCComponentMod::~BCComponentMod()
                                   0000059E 
               calls direct
               RSTACK = 00000000 ( 00000002 )
    -------------------------------------------------------------------------
CODE
  Relative segment, address: CODE 000005AE - 000005D7 (0x2a bytes), align: 1
  Segment part 67.            Intra module refs:   Segment part 9
           ENTRY                   ADDRESS         REF BY
           =====                   =======         ======
           BCComponentMod::Init()
                                   000005AE 
               calls direct
               CSTACK = 00000000 ( 00000002 )
               RSTACK = 00000000 ( 00000002 )
    -------------------------------------------------------------------------
CODE
  Relative segment, address: CODE 000005D8 - 00000613 (0x3c bytes), align: 1
  Segment part 68.            Intra module refs:   Segment part 9
           ENTRY                   ADDRESS         REF BY
           =====                   =======         ======
           BCComponentMod::Execute()
                                   000005D8 
               calls direct
               CSTACK = 00000000 ( 00000002 )
               RSTACK = 00000000 ( 00000002 )
    -------------------------------------------------------------------------
ABSOLUTE
  Segment part 1. TENTATIVE. Used definition from ANSI200
           ENTRY                   ADDRESS         REF BY
           =====                   =======         ======
           __?EECR                 
    -------------------------------------------------------------------------
ABSOLUTE
  Segment part 2. TENTATIVE. Used definition from ANSI200
           ENTRY                   ADDRESS         REF BY
           =====                   =======         ======
           __?EEDR                 
    -------------------------------------------------------------------------
ABSOLUTE
  Segment part 3. TENTATIVE. Used definition from ANSI200
           ENTRY                   ADDRESS         REF BY
           =====                   =======         ======
           __?EEARL                
    -------------------------------------------------------------------------
ABSOLUTE
  Segment part 4. TENTATIVE. Used definition from ANSI200
           ENTRY                   ADDRESS         REF BY
           =====                   =======         ======
           __?EEARH                
    -------------------------------------------------------------------------
CSTACK
  Segment part 5. NOT NEEDED.
    -------------------------------------------------------------------------
RSTACK
  Segment part 6. NOT NEEDED.
    -------------------------------------------------------------------------
INITTAB
  Relative segment, address: CODE 000036BE - 000036C4 (0x7 bytes), align: 0
  Segment part 11.            Intra module refs:   BCComponentManager::Instantce
                                                   DriverFactory::instance (DriverFactory)
                                                   MC_E02SMBDriverFactory::CreateAdc()::avr_adc (MC_E02SMB_v1_3DriverFactory)
                                                   MC_E02SMBDriverFactory::CreateAdc()::static guard for avr_adc (MC_E02SMB_v1_3DriverFactory)
                                                   Segment part 12
                                                   Segment part 12 (Term_Project_s)
                                                   Segment part 12 (avr_adc)
                                                   Segment part 13 (MC_E02SMB_v1_3DriverFactory)
                                                   Segment part 13 (TimerManager)
                                                   Segment part 14 (MC_E02SMB_v1_3DriverFactory)
                                                   Segment part 15 (MC_E02SMB_v1_3DriverFactory)
                                                   Segment part 16
                                                   Segment part 16 (MC_E02SMB_v1_3DriverFactory)
                                                   Segment part 16 (Term_Project_s)
                                                   Segment part 17 (MC_E02SMB_v1_3DriverFactory)
                                                   Segment part 17 (Term_Project_s)
                                                   Segment part 17 (avr_uart)
                                                   Segment part 18 (MC_E02SMB_v1_3DriverFactory)
                                                   Segment part 18 (Term_Project_s)
                                                   Segment part 19
                                                   Segment part 19 (Term_Project_s)
                                                   Segment part 20
                                                   Segment part 20 (Term_Project_s)
                                                   Segment part 21
                                                   Segment part 21 (MC_E02SMB_v1_3DriverFactory)
                                                   Segment part 21 (Term_Project_s)
                                                   Segment part 22
                                                   Segment part 22 (Term_Project_s)
                                                   Segment part 23
                                                   Segment part 23 (Term_Project_s)
                                                   Segment part 24 (Term_Project_s)
                                                   Segment part 25 (Term_Project_s)
                                                   Segment part 26
                                                   Segment part 26 (Term_Project_s)
                                                   Segment part 29
                                                   Segment part 3 (?cppinit)
                                                   Segment part 3 (?xgetmemchunk)
                                                   Segment part 8 (MC_E02SMB_v1_3DriverFactory)
                                                   SystemManager::instance (System_Manager)
                                                   TimerManager::pInstance (TimerManager)
                                                   __iar_New_hand (?new)
                                                   __near_Aldata (?xxmemxmalloc)
                                                   timeout (avr_timer)
           ENTRY                   ADDRESS         REF BY
           =====                   =======         ======
           ?<Segment init: NEAR_Z>
                                   000036BE 
    -------------------------------------------------------------------------
NEAR_ID
  Relative segment, address: CODE 000036CC - 000036D1 (0x6 bytes), align: 0
  Segment part 14.            Intra module refs:   Segment part 13
    -------------------------------------------------------------------------
INITTAB
  Relative segment, address: CODE 000036C5 - 000036CB (0x7 bytes), align: 0
  Segment part 15.            Intra module refs:   Segment part 10 (MC_E02SMB_v1_3DriverFactory)
                                                   Segment part 10 (TimerManager)
                                                   Segment part 11 (CalClkFuncGen)
                                                   Segment part 13
                                                   Segment part 13 (CalClkFuncGen)
                                                   Segment part 14 (Term_Project_s)
                                                   Segment part 15 (CalClkFuncGen)
                                                   Segment part 17
                                                   Segment part 19 (MC_E02SMB_v1_3DriverFactory)
                                                   Segment part 24
                                                   Segment part 27
                                                   Segment part 3 (?xprintflarge)
                                                   Segment part 6 (?xprintflarge)
                                                   Segment part 8 (?xprintflarge)
                                                   Segment part 8 (CalClkFuncGen)
                                                   Segment part 9 (Term_Project_s)
                                                   __Constant_0_0 (?xprintflarge)
           ENTRY                   ADDRESS         REF BY
           =====                   =======         ======
           ?<Segment init: NEAR_I>
                                   000036C5 
    -------------------------------------------------------------------------
NEAR_ID
  Relative segment, address: CODE 000036D2 - 000036E9 (0x18 bytes), align: 0
  Segment part 18.            Intra module refs:   Segment part 17
    -------------------------------------------------------------------------
NEAR_ID
  Relative segment, address: CODE 000036EA - 000036EF (0x6 bytes), align: 0
  Segment part 25.            Intra module refs:   Segment part 24
    -------------------------------------------------------------------------
NEAR_ID
  Relative segment, address: CODE 000036F0 - 000036F5 (0x6 bytes), align: 0
  Segment part 28.            Intra module refs:   Segment part 27
    -------------------------------------------------------------------------
DIFUNCT
  Relative segment, address: CODE 000002AA - 000002AB (0x2 bytes), align: 0
  Segment part 30. ROOT.
    -------------------------------------------------------------------------
NEAR_F
  Relative segment, address: CODE 0000008C - 0000008F (0x4 bytes), align: 0
  Segment part 7.             Intra module refs:   DInTimerAdaptor::DInTimerAdaptor(DIn &, unsigned char)
    -------------------------------------------------------------------------
NEAR_F
  Relative segment, address: CODE 00000090 - 00000093 (0x4 bytes), align: 0
  Segment part 8.             Intra module refs:   TimerWithLedAdapter::TimerWithLedAdapter(Led *)
    -------------------------------------------------------------------------
NEAR_F
  Relative segment, address: CODE 00000094 - 00000099 (0x6 bytes), align: 0
  Segment part 9.             Intra module refs:   __sti__routine()

    *************************************************************************

  FILE NAME : D:\Work\IAR\TIEF_Framework\ATmega128_Release\Obj\CalClkFuncGen.r90
  PROGRAM MODULE, NAME : CalClkFuncGen

  SEGMENTS IN THE MODULE
  ======================
CODE
  Segment part 17. NOT NEEDED.
           ENTRY                   ADDRESS         REF BY
           =====                   =======         ======
           CalClkFuncGen::new CalClkFuncGen()
                                   
               calls direct
               not allocated function
    -------------------------------------------------------------------------
CODE
  Relative segment, address: CODE 00000614 - 0000062B (0x18 bytes), align: 1
  Segment part 18.
           ENTRY                   ADDRESS         REF BY
           =====                   =======         ======
           CalClkFuncGen::CalClkFuncGen()
                                   00000614        __sti__routine() (Term_Project_s)
               RSTACK = 00000000 ( 00000002 )
    -------------------------------------------------------------------------
CODE
  Relative segment, address: CODE 0000062C - 0000063B (0x10 bytes), align: 1
  Segment part 19.            Intra module refs:   CalClkFuncGen::__vtbl
           ENTRY                   ADDRESS         REF BY
           =====                   =======         ======
           CalClkFuncGen::~CalClkFuncGen()
                                   0000062C        <Unnamed 1> (Term_Project_s)
               calls direct
               RSTACK = 00000000 ( 00000002 )
    -------------------------------------------------------------------------
CODE
  Relative segment, address: CODE 0000063C - 00000667 (0x2c bytes), align: 1
  Segment part 20.
           ENTRY                   ADDRESS         REF BY
           =====                   =======         ======
           CalClkFuncGen::Init()   0000063C        Term_Project_s::Init() (Term_Project_s)
               calls indirect
               CSTACK = 00000000 ( 00000002 )
               RSTACK = 00000000 ( 00000002 )
    -------------------------------------------------------------------------
CODE
  Relative segment, address: CODE 00000668 - 00000677 (0x10 bytes), align: 1
  Segment part 21.
           ENTRY                   ADDRESS         REF BY
           =====                   =======         ======
           CalClkFuncGen::SetIStringOut(IStringOut *, IStringOut *, IStringOut *)
                                   00000668        Term_Project_s::Init() (Term_Project_s)
               RSTACK = 00000000 ( 00000002 )
    -------------------------------------------------------------------------
CODE
  Relative segment, address: CODE 00000678 - 0000067F (0x8 bytes), align: 1
  Segment part 22.
           ENTRY                   ADDRESS         REF BY
           =====                   =======         ======
           CalClkFuncGen::SetPwm(IPwmOut *)
                                   00000678        Term_Project_s::Init() (Term_Project_s)
               RSTACK = 00000000 ( 00000002 )
    -------------------------------------------------------------------------
CODE
  Relative segment, address: CODE 00000680 - 0000068D (0xe bytes), align: 1
  Segment part 23.
           ENTRY                   ADDRESS         REF BY
           =====                   =======         ======
           CalClkFuncGen::Switch()
                                   00000680        mySWEvent::Changed(enum DInEvent::EDGE) (Term_Project_s)
               calls indirect
               CSTACK = 00000000 ( 00000002 )
               RSTACK = 00000000 ( 00000002 )
    -------------------------------------------------------------------------
CODE
  Relative segment, address: CODE 0000068E - 000006DF (0x52 bytes), align: 1
  Segment part 24.
           ENTRY                   ADDRESS         REF BY
           =====                   =======         ======
           CalClkFuncGen::InputCh(char)
                                   0000068E        mySerialEvent::Receive(unsigned char) (Term_Project_s)
               calls indirect
               CSTACK = 00000000 ( 00000004 )
               RSTACK = 00000000 ( 00000002 )
    -------------------------------------------------------------------------
CODE
  Relative segment, address: CODE 000006E0 - 000006E9 (0xa bytes), align: 1
  Segment part 25.
           ENTRY                   ADDRESS         REF BY
           =====                   =======         ======
           CalClkFuncGen::InputAdc(unsigned short)
                                   000006E0        myAdcAdaptor::Converted(unsigned short) (Term_Project_s)
               calls indirect
               CSTACK = 00000000 ( 00000002 )
               RSTACK = 00000000 ( 00000002 )
    -------------------------------------------------------------------------
CODE
  Relative segment, address: CODE 000006EA - 000006EF (0x6 bytes), align: 1
  Segment part 26.            Intra module refs:   CalClkFuncGen::Init()
                                                   CalClkFuncGen::InputAdc(unsigned short)
                                                   CalClkFuncGen::Switch()
                                                   CalClkFuncGen::tm1s()
    -------------------------------------------------------------------------
CODE
  Relative segment, address: CODE 000006F0 - 000006F1 (0x2 bytes), align: 1
  Segment part 27.            Intra module refs:   CalClkFuncGen::InputAdc(unsigned short)
                                                   CalClkFuncGen::Switch()
    -------------------------------------------------------------------------
CODE
  Relative segment, address: CODE 000006F2 - 000006F7 (0x6 bytes), align: 1
  Segment part 28.            Intra module refs:   CalClkFuncGen::Init()
                                                   Segment part 27
    -------------------------------------------------------------------------
CODE
  Relative segment, address: CODE 000006F8 - 000006FD (0x6 bytes), align: 1
  Segment part 29.            Intra module refs:   CalClkFuncGen::tm1s()
                                                   Segment part 27
                                                   Segment part 28
    -------------------------------------------------------------------------
CODE
  Relative segment, address: CODE 000006FE - 00000747 (0x4a bytes), align: 1
  Segment part 30.
           ENTRY                   ADDRESS         REF BY
           =====                   =======         ======
           CalClkFuncGen::tm1s()   000006FE        myTimer1s::TimeOutEvent() (Term_Project_s)
               calls direct and indirect
               CSTACK = 00000000 ( 00000017 )
               RSTACK = 00000000 ( 00000002 )
    -------------------------------------------------------------------------
CODE
  Relative segment, address: CODE 00000748 - 00000751 (0xa bytes), align: 1
  Segment part 31.            Intra module refs:   CalClkFuncGen::InputCh(char)
    -------------------------------------------------------------------------
CODE
  Relative segment, address: CODE 00000752 - 0000075B (0xa bytes), align: 1
  Segment part 32.            Intra module refs:   CalClkFuncGen::Init()
                                                   CalClkFuncGen::tm1s()
                                                   Segment part 28
                                                   Segment part 31
    -------------------------------------------------------------------------
CODE
  Relative segment, address: CODE 0000075C - 0000075D (0x2 bytes), align: 1
  Segment part 33.
           ENTRY                   ADDRESS         REF BY
           =====                   =======         ======
           CalClkFuncGen::tm500ms()
                                   0000075C        myTimer500ms::TimeOutEvent() (Term_Project_s)
               RSTACK = 00000000 ( 00000002 )
    -------------------------------------------------------------------------
ABSOLUTE
  Segment part 1. TENTATIVE. Used definition from ANSI200
           ENTRY                   ADDRESS         REF BY
           =====                   =======         ======
           __?EECR                 
    -------------------------------------------------------------------------
ABSOLUTE
  Segment part 2. TENTATIVE. Used definition from ANSI200
           ENTRY                   ADDRESS         REF BY
           =====                   =======         ======
           __?EEDR                 
    -------------------------------------------------------------------------
ABSOLUTE
  Segment part 3. TENTATIVE. Used definition from ANSI200
           ENTRY                   ADDRESS         REF BY
           =====                   =======         ======
           __?EEARL                
    -------------------------------------------------------------------------
ABSOLUTE
  Segment part 4. TENTATIVE. Used definition from ANSI200
           ENTRY                   ADDRESS         REF BY
           =====                   =======         ======
           __?EEARH                
    -------------------------------------------------------------------------
CSTACK
  Segment part 5. NOT NEEDED.
    -------------------------------------------------------------------------
RSTACK
  Segment part 6. NOT NEEDED.
    -------------------------------------------------------------------------
NEAR_ID
  Relative segment, address: CODE 000036F6 - 00003720 (0x2b bytes), align: 0
  Segment part 9.             Intra module refs:   Segment part 8
    -------------------------------------------------------------------------
INITTAB
  Segment part 10. TENTATIVE. Used definition from BCComponentManager
           ENTRY                   ADDRESS         REF BY
           =====                   =======         ======
           ?<Segment init: NEAR_I>
                                   
    -------------------------------------------------------------------------
NEAR_ID
  Relative segment, address: CODE 00003721 - 00003728 (0x8 bytes), align: 0
  Segment part 12.            Intra module refs:   Segment part 11
    -------------------------------------------------------------------------
NEAR_ID
  Relative segment, address: CODE 00003729 - 00003731 (0x9 bytes), align: 0
  Segment part 14.            Intra module refs:   Segment part 13
    -------------------------------------------------------------------------
NEAR_ID
  Relative segment, address: CODE 00003732 - 00003740 (0xf bytes), align: 0
  Segment part 16.            Intra module refs:   Segment part 15
    -------------------------------------------------------------------------
NEAR_I
  Relative segment, address: DATA 0000068A - 000006B4 (0x2b bytes), align: 0
  Segment part 8.             Intra module refs:   CalClkFuncGen::Init()
    -------------------------------------------------------------------------
NEAR_I
  Relative segment, address: DATA 000006B5 - 000006BC (0x8 bytes), align: 0
  Segment part 11.            Intra module refs:   CalClkFuncGen::Switch()
    -------------------------------------------------------------------------
NEAR_I
  Relative segment, address: DATA 000006BD - 000006C5 (0x9 bytes), align: 0
  Segment part 13.            Intra module refs:   CalClkFuncGen::InputCh(char)
    -------------------------------------------------------------------------
NEAR_I
  Relative segment, address: DATA 000006C6 - 000006D4 (0xf bytes), align: 0
  Segment part 15.            Intra module refs:   CalClkFuncGen::tm1s()
    -------------------------------------------------------------------------
NEAR_F
  Relative segment, address: CODE 0000009A - 0000009B (0x2 bytes), align: 0
  Segment part 7.             Intra module refs:   CalClkFuncGen::CalClkFuncGen()
           ENTRY                   ADDRESS         REF BY
           =====                   =======         ======
           CalClkFuncGen::__vtbl   0000009A 

    *************************************************************************

  FILE NAME : D:\Work\IAR\TIEF_Framework\ATmega128_Release\Obj\DriverFactory.r90
  PROGRAM MODULE, NAME : DriverFactory

  SEGMENTS IN THE MODULE
  ======================
NEAR_Z
  Relative segment, address: DATA 000007E4 - 000007E5 (0x2 bytes), align: 0
  Segment part 7.
           ENTRY                   ADDRESS         REF BY
           =====                   =======         ======
           DriverFactory::instance
                                   000007E4        __sti__routine() (MC_E02SMB_v1_3DriverFactory)
    -------------------------------------------------------------------------
ABSOLUTE
  Segment part 1. TENTATIVE. Used definition from ANSI200
           ENTRY                   ADDRESS         REF BY
           =====                   =======         ======
           __?EECR                 
    -------------------------------------------------------------------------
ABSOLUTE
  Segment part 2. TENTATIVE. Used definition from ANSI200
           ENTRY                   ADDRESS         REF BY
           =====                   =======         ======
           __?EEDR                 
    -------------------------------------------------------------------------
ABSOLUTE
  Segment part 3. TENTATIVE. Used definition from ANSI200
           ENTRY                   ADDRESS         REF BY
           =====                   =======         ======
           __?EEARL                
    -------------------------------------------------------------------------
ABSOLUTE
  Segment part 4. TENTATIVE. Used definition from ANSI200
           ENTRY                   ADDRESS         REF BY
           =====                   =======         ======
           __?EEARH                
    -------------------------------------------------------------------------
CSTACK
  Segment part 5. NOT NEEDED.
    -------------------------------------------------------------------------
RSTACK
  Segment part 6. NOT NEEDED.
    -------------------------------------------------------------------------
INITTAB
  Segment part 8. TENTATIVE. Used definition from BCComponentManager
           ENTRY                   ADDRESS         REF BY
           =====                   =======         ======
           ?<Segment init: NEAR_Z>
                                   

    *************************************************************************

  FILE NAME : D:\Work\IAR\TIEF_Framework\ATmega128_Release\Obj\MC_E02SMB_v1_3DriverFactory.r90
  PROGRAM MODULE, NAME : MC_E02SMB_v1_3DriverFactory

  SEGMENTS IN THE MODULE
  ======================
NEAR_I
  Relative segment, address: DATA 000006D5 - 000006F8 (0x24 bytes), align: 0
  Segment part 10.            Intra module refs:   __sti__routine()
    -------------------------------------------------------------------------
NEAR_I
  Relative segment, address: DATA 000006F9 - 000006FE (0x6 bytes), align: 0
  Segment part 19.            Intra module refs:   MC_E02SMBDriverFactory::CreateAdc()
    -------------------------------------------------------------------------
CODE
  Relative segment, address: CODE 0000075E - 00000765 (0x8 bytes), align: 1
  Segment part 25.            Intra module refs:   Segment part 20
           LOCAL                   ADDRESS         
           =====                   =======         
           <Unnamed 6>             0000075E 
               calls direct
               RSTACK = 00000000 ( 00000002 )
    -------------------------------------------------------------------------
CODE
  Relative segment, address: CODE 00000766 - 000007DD (0x78 bytes), align: 1
  Segment part 26.            Intra module refs:   Segment part 24
           LOCAL                   ADDRESS         
           =====                   =======         
           __sti__routine()        00000766 
               calls direct
               RSTACK = 00000000 ( 00000002 )
    -------------------------------------------------------------------------
CODE
  Relative segment, address: CODE 000007DE - 000007E1 (0x4 bytes), align: 1
  Segment part 27.            Intra module refs:   __sti__routine()
    -------------------------------------------------------------------------
CODE
  Relative segment, address: CODE 000007E2 - 000007E3 (0x2 bytes), align: 1
  Segment part 28.            Intra module refs:   Segment part 11
           LOCAL                   ADDRESS         
           =====                   =======         
           <Unnamed 0>             000007E2 
               RSTACK = 00000000 ( 00000002 )
    -------------------------------------------------------------------------
CODE
  Relative segment, address: CODE 000007E4 - 000007E5 (0x2 bytes), align: 1
  Segment part 29.            Intra module refs:   Segment part 11
           LOCAL                   ADDRESS         
           =====                   =======         
           <Unnamed 1>             000007E4 
               RSTACK = 00000000 ( 00000002 )
    -------------------------------------------------------------------------
CODE
  Relative segment, address: CODE 000007E6 - 000007ED (0x8 bytes), align: 1
  Segment part 30.            Intra module refs:   Segment part 11
           LOCAL                   ADDRESS         
           =====                   =======         
           <Unnamed 2>             000007E6 
               calls direct
               RSTACK = 00000000 ( 00000002 )
    -------------------------------------------------------------------------
CODE
  Relative segment, address: CODE 000007EE - 000007EF (0x2 bytes), align: 1
  Segment part 31.            Intra module refs:   Segment part 11
           LOCAL                   ADDRESS         
           =====                   =======         
           <Unnamed 3>             000007EE 
               RSTACK = 00000000 ( 00000002 )
    -------------------------------------------------------------------------
CODE
  Relative segment, address: CODE 000007F0 - 000007F1 (0x2 bytes), align: 1
  Segment part 32.            Intra module refs:   Segment part 11
           LOCAL                   ADDRESS         
           =====                   =======         
           <Unnamed 4>             000007F0 
               RSTACK = 00000000 ( 00000002 )
    -------------------------------------------------------------------------
CODE
  Relative segment, address: CODE 000007F2 - 000007F3 (0x2 bytes), align: 1
  Segment part 33.            Intra module refs:   Segment part 11
           LOCAL                   ADDRESS         
           =====                   =======         
           <Unnamed 5>             000007F2 
               RSTACK = 00000000 ( 00000002 )
    -------------------------------------------------------------------------
NEAR_Z
  Relative segment, address: DATA 000007E6 - 0000080A (0x25 bytes), align: 0
  Segment part 8.             Intra module refs:   GetDriverFactory()
                                                   MC_E02SMBDriverFactory::CreateClcd()
                                                   MC_E02SMBDriverFactory::CreateDIn()
                                                   MC_E02SMBDriverFactory::CreateLed(unsigned char)
                                                   MC_E02SMBDriverFactory::CreatePwm()
                                                   MC_E02SMBDriverFactory::CreateTimer()
                                                   MC_E02SMBDriverFactory::CreateUart()
                                                   Segment part 11
                                                   __sti__routine()
    -------------------------------------------------------------------------
NEAR_Z
  Relative segment, address: DATA 0000080B - 0000080C (0x2 bytes), align: 0
  Segment part 13.            Intra module refs:   Segment part 11
    -------------------------------------------------------------------------
NEAR_Z
  Relative segment, address: DATA 0000080D - 0000080E (0x2 bytes), align: 0
  Segment part 14.            Intra module refs:   Segment part 11
    -------------------------------------------------------------------------
NEAR_Z
  Relative segment, address: DATA 0000080F - 00000810 (0x2 bytes), align: 0
  Segment part 15.            Intra module refs:   Segment part 11
    -------------------------------------------------------------------------
NEAR_Z
  Relative segment, address: DATA 00000811 - 00000812 (0x2 bytes), align: 0
  Segment part 16.            Intra module refs:   Segment part 11
    -------------------------------------------------------------------------
NEAR_Z
  Relative segment, address: DATA 00000813 - 00000814 (0x2 bytes), align: 0
  Segment part 17.            Intra module refs:   Segment part 11
    -------------------------------------------------------------------------
NEAR_Z
  Relative segment, address: DATA 00000815 - 00000816 (0x2 bytes), align: 0
  Segment part 18.            Intra module refs:   Segment part 11
    -------------------------------------------------------------------------
NEAR_Z
  Relative segment, address: DATA 00000817 - 00000818 (0x2 bytes), align: 0
  Segment part 21.            Intra module refs:   Segment part 20
    -------------------------------------------------------------------------
NEAR_Z
  Relative segment, address: DATA 00000819 - 00000819 (0x1 bytes), align: 0
  Segment part 22.            Intra module refs:   MC_E02SMBDriverFactory::CreateAdc()
           ENTRY                   ADDRESS         REF BY
           =====                   =======         ======
           MC_E02SMBDriverFactory::CreateAdc()::static guard for avr_adc
                                   00000819 
    -------------------------------------------------------------------------
NEAR_Z
  Relative segment, address: DATA 0000081A - 0000081B (0x2 bytes), align: 0
  Segment part 23.            Intra module refs:   MC_E02SMBDriverFactory::CreateAdc()
                                                   Segment part 20
           ENTRY                   ADDRESS         REF BY
           =====                   =======         ======
           MC_E02SMBDriverFactory::CreateAdc()::avr_adc
                                   0000081A 
    -------------------------------------------------------------------------
CODE
  Relative segment, address: CODE 000007F4 - 000007F9 (0x6 bytes), align: 1
  Segment part 34.
           ENTRY                   ADDRESS         REF BY
           =====                   =======         ======
           GetDriverFactory()      000007F4        BCComponentManager::Init() (BCComponentManager)
                                                   Term_Project_s::Init() (Term_Project_s)
               RSTACK = 00000000 ( 00000002 )
    -------------------------------------------------------------------------
CODE
  Relative segment, address: CODE 000007FA - 000007FF (0x6 bytes), align: 1
  Segment part 35.            Intra module refs:   Segment part 7
           ENTRY                   ADDRESS         REF BY
           =====                   =======         ======
           DriverFactory::CreateSPI()
                                   000007FA 
               RSTACK = 00000000 ( 00000002 )
    -------------------------------------------------------------------------
CODE
  Relative segment, address: CODE 00000800 - 00000805 (0x6 bytes), align: 1
  Segment part 36.            Intra module refs:   Segment part 7
           ENTRY                   ADDRESS         REF BY
           =====                   =======         ======
           DriverFactory::CreateDOut(char *)
                                   00000800 
               RSTACK = 00000000 ( 00000002 )
    -------------------------------------------------------------------------
CODE
  Relative segment, address: CODE 00000806 - 0000080B (0x6 bytes), align: 1
  Segment part 37.            Intra module refs:   Segment part 7
           ENTRY                   ADDRESS         REF BY
           =====                   =======         ======
           DriverFactory::CreateDac7512()
                                   00000806 
               RSTACK = 00000000 ( 00000002 )
    -------------------------------------------------------------------------
CODE
  Relative segment, address: CODE 0000080C - 00000811 (0x6 bytes), align: 1
  Segment part 38.            Intra module refs:   Segment part 7
           ENTRY                   ADDRESS         REF BY
           =====                   =======         ======
           DriverFactory::CreateMcp3204()
                                   0000080C 
               RSTACK = 00000000 ( 00000002 )
    -------------------------------------------------------------------------
CODE
  Relative segment, address: CODE 00000812 - 00000817 (0x6 bytes), align: 1
  Segment part 39.            Intra module refs:   Segment part 7
           ENTRY                   ADDRESS         REF BY
           =====                   =======         ======
           MC_E02SMBDriverFactory::CreateTimer()
                                   00000812 
               RSTACK = 00000000 ( 00000002 )
    -------------------------------------------------------------------------
CODE
  Relative segment, address: CODE 00000818 - 0000081D (0x6 bytes), align: 1
  Segment part 40.            Intra module refs:   Segment part 7
           ENTRY                   ADDRESS         REF BY
           =====                   =======         ======
           MC_E02SMBDriverFactory::CreateUart()
                                   00000818 
               RSTACK = 00000000 ( 00000002 )
    -------------------------------------------------------------------------
CODE
  Relative segment, address: CODE 0000081E - 0000082D (0x10 bytes), align: 1
  Segment part 41.            Intra module refs:   Segment part 7
           ENTRY                   ADDRESS         REF BY
           =====                   =======         ======
           MC_E02SMBDriverFactory::CreateLed(unsigned char)
                                   0000081E 
               RSTACK = 00000000 ( 00000002 )
    -------------------------------------------------------------------------
CODE
  Relative segment, address: CODE 0000082E - 00000833 (0x6 bytes), align: 1
  Segment part 42.            Intra module refs:   Segment part 7
           ENTRY                   ADDRESS         REF BY
           =====                   =======         ======
           MC_E02SMBDriverFactory::CreateClcd()
                                   0000082E 
               RSTACK = 00000000 ( 00000002 )
    -------------------------------------------------------------------------
CODE
  Relative segment, address: CODE 00000834 - 00000839 (0x6 bytes), align: 1
  Segment part 43.            Intra module refs:   Segment part 7
           ENTRY                   ADDRESS         REF BY
           =====                   =======         ======
           MC_E02SMBDriverFactory::CreateDIn()
                                   00000834 
               RSTACK = 00000000 ( 00000002 )
    -------------------------------------------------------------------------
CODE
  Relative segment, address: CODE 0000083A - 0000085D (0x24 bytes), align: 1
  Segment part 44.            Intra module refs:   Segment part 7
           ENTRY                   ADDRESS         REF BY
           =====                   =======         ======
           MC_E02SMBDriverFactory::CreateAdc()
                                   0000083A 
               calls direct
               RSTACK = 00000000 ( 00000002 )
    -------------------------------------------------------------------------
CODE
  Relative segment, address: CODE 0000085E - 00000863 (0x6 bytes), align: 1
  Segment part 45.            Intra module refs:   Segment part 7
           ENTRY                   ADDRESS         REF BY
           =====                   =======         ======
           MC_E02SMBDriverFactory::CreatePwm()
                                   0000085E 
               RSTACK = 00000000 ( 00000002 )
    -------------------------------------------------------------------------
ABSOLUTE
  Segment part 1. TENTATIVE. Used definition from ANSI200
           ENTRY                   ADDRESS         REF BY
           =====                   =======         ======
           __?EECR                 
    -------------------------------------------------------------------------
ABSOLUTE
  Segment part 2. TENTATIVE. Used definition from ANSI200
           ENTRY                   ADDRESS         REF BY
           =====                   =======         ======
           __?EEDR                 
    -------------------------------------------------------------------------
ABSOLUTE
  Segment part 3. TENTATIVE. Used definition from ANSI200
           ENTRY                   ADDRESS         REF BY
           =====                   =======         ======
           __?EEARL                
    -------------------------------------------------------------------------
ABSOLUTE
  Segment part 4. TENTATIVE. Used definition from ANSI200
           ENTRY                   ADDRESS         REF BY
           =====                   =======         ======
           __?EEARH                
    -------------------------------------------------------------------------
CSTACK
  Segment part 5. NOT NEEDED.
    -------------------------------------------------------------------------
RSTACK
  Segment part 6. NOT NEEDED.
    -------------------------------------------------------------------------
INITTAB
  Segment part 9. TENTATIVE. Used definition from BCComponentManager
           ENTRY                   ADDRESS         REF BY
           =====                   =======         ======
           ?<Segment init: NEAR_Z>
                                   
    -------------------------------------------------------------------------
NEAR_ID
  Relative segment, address: CODE 00003741 - 00003764 (0x24 bytes), align: 0
  Segment part 11.            Intra module refs:   Segment part 10
    -------------------------------------------------------------------------
INITTAB
  Segment part 12. TENTATIVE. Used definition from BCComponentManager
           ENTRY                   ADDRESS         REF BY
           =====                   =======         ======
           ?<Segment init: NEAR_I>
                                   
    -------------------------------------------------------------------------
NEAR_ID
  Relative segment, address: CODE 00003765 - 0000376A (0x6 bytes), align: 0
  Segment part 20.            Intra module refs:   Segment part 19
    -------------------------------------------------------------------------
DIFUNCT
  Relative segment, address: CODE 000002AC - 000002AD (0x2 bytes), align: 0
  Segment part 24. ROOT.
    -------------------------------------------------------------------------
NEAR_F
  Relative segment, address: CODE 0000009C - 000000B1 (0x16 bytes), align: 0
  Segment part 7.             Intra module refs:   __sti__routine()

    *************************************************************************

  FILE NAME : D:\Work\IAR\TIEF_Framework\ATmega128_Release\Obj\Power_Manager.r90
  PROGRAM MODULE, NAME : Power_Manager

  SEGMENTS IN THE MODULE
  ======================
ABSOLUTE
  Segment part 1. TENTATIVE. Used definition from ANSI200
           ENTRY                   ADDRESS         REF BY
           =====                   =======         ======
           __?EECR                 
    -------------------------------------------------------------------------
ABSOLUTE
  Segment part 2. TENTATIVE. Used definition from ANSI200
           ENTRY                   ADDRESS         REF BY
           =====                   =======         ======
           __?EEDR                 
    -------------------------------------------------------------------------
ABSOLUTE
  Segment part 3. TENTATIVE. Used definition from ANSI200
           ENTRY                   ADDRESS         REF BY
           =====                   =======         ======
           __?EEARL                
    -------------------------------------------------------------------------
ABSOLUTE
[...]
        | + function block  :  00000000 00000002
  02    DIn::SetEvent(DInEvent &)
        | Stack used (prev) :  00000122 00000020
        | + function block  :  00000000 00000002
  02    Adc::SetFrequency(unsigned char)
        | Stack used (prev) :  00000122 00000020
        | + function block  :  00000002 00000004
  02    Adc::Addevent(AdcEvent *)
        | Stack used (prev) :  00000122 00000020
        | + function block  :  00000000 00000002
  02    Adc::Run()
        | Stack used (prev) :  00000122 00000020
        | + function block  :  00000000 00000002
  04        _Vector_impl<unsigned short, allocator<unsigned short>>::_Ufill(unsigned short *, unsigned int, unsigned short)
            | Stack used (prev) :  00000122 00000020
            | + function block  :  00000000 00000002
  06            _Vector_impl<unsigned short, allocator<unsigned short>>::_Ufill(unsigned short *, unsigned int, unsigned short)
                | Stack used (prev) :  00000122 00000020
                | + function block  :  00000000 00000002
                |  Already listed
  10                    free
                        | Stack used (prev) :  00000030 00000010
                        | + function block  :  00000000 00000002
                        |  Already listed
  10                    __near_GetMemChunk
                        | Stack used (prev) :  00000122 00000020
                        | + function block  :  00000000 00000002
  09                  __near_findmem
                      | Stack used (prev) :  00000122 00000022
                      | + function block  :  00000002 00000002
  08                malloc
                    | Stack used (prev) :  00000124 00000024
                    | + function block  :  00000004 00000002
  09                  abort
                      | Stack used (prev) :  00000032 00000014
                      | + function block  :  00000000 00000002
                      |  Already listed
  08                _Nomemory()
                    | Stack used (prev) :  00000122 00000020
                    | + function block  :  00000000 00000002
  07              operator new(size_t)
                  | Stack used (prev) :  00000128 00000026
                  | + function block  :  00000004 00000002
  07              operator delete(void *)
                  | Stack used (prev) :  00000030 00000012
                  | + function block  :  00000000 00000002
                  |  Already listed
  07              _Vector_impl<unsigned short, allocator<unsigned short>>::_Tidy0()
                  | Stack used (prev) :  00000030 00000014
                  | + function block  :  00000000 00000002
                  |  Already listed
  08                memmove
                    | Stack used (prev) :  00000122 00000020
                    | + function block  :  00000000 00000002
  07              _Uninit_copy(char const *, char const *, char *)
                  | Stack used (prev) :  00000122 00000022
                  | + function block  :  00000002 00000002
  07              _Uninit_copy(char const *, char const *, char *)
                  | Stack used (prev) :  00000122 00000022
                  | + function block  :  00000002 00000002
                  |  Already listed
  08                memmove
                    | Stack used (prev) :  00000122 00000020
                    | + function block  :  00000000 00000002
                    |  Already listed
  07              _Backward_copier<_Ty, true>[with _Ty=unsigned short]::_Copy(unsigned short const *, unsigned short const *, unsigned short *)
                  | Stack used (prev) :  00000122 00000022
                  | + function block  :  00000000 00000002
  06            _Vector_impl<unsigned short, allocator<unsigned short>>::_Make_room(unsigned short *, unsigned int)
                | Stack used (prev) :  0000012C 00000028
                | + function block  :  0000000E 00000002
  05          _Vector_impl<unsigned short, allocator<unsigned short>>::_Insert_n0(unsigned short *, unsigned int, unsigned short)
              | Stack used (prev) :  0000013A 0000002A
              | + function block  :  00000006 00000002
  04        _Vector_impl<unsigned short, allocator<unsigned short>>::_Insert0(unsigned short *, unsigned short)
            | Stack used (prev) :  00000140 0000002C
            | + function block  :  00000004 00000002
  03      _Vector_impl<unsigned short, allocator<unsigned short>>::_Push_back0(unsigned short)
          | Stack used (prev) :  00000144 0000002E
          | + function block  :  00000002 00000002
  02    TimerManager::AddEvent(ITimerEvent *)
        | Stack used (prev) :  00000146 00000030
        | + function block  :  00000002 00000002
  02    GetDriverFactory()
        | Stack used (prev) :  00000122 00000020
        | + function block  :  00000000 00000002
  02    CalClkFuncGen::SetPwm(IPwmOut *)
        | Stack used (prev) :  00000122 00000020
        | + function block  :  00000000 00000002
  02    CalClkFuncGen::SetIStringOut(IStringOut *, IStringOut *, IStringOut *)
        | Stack used (prev) :  00000122 00000020
        | + function block  :  00000000 00000002
  02    CalClkFuncGen::Init()
        | Stack used (prev) :  00000122 00000020
        | + function block  :  00000002 00000002
  02    GetBCComponentManager()
        | Stack used (prev) :  00000122 00000020
        | + function block  :  00000000 00000002
  03      __record_needed_destruction
          | Stack used (prev) :  00000032 00000016
          | + function block  :  00000002 00000002
          |  Already listed
  03      Pwm::Pwm(IPwmPort *)
          | Stack used (prev) :  00000122 00000020
          | + function block  :  00000000 00000002
  02    BCComponentManager::CreatePwm()
        | Stack used (prev) :  00000122 00000022
        | + function block  :  00000002 00000002
  03      __record_needed_destruction
          | Stack used (prev) :  00000032 00000016
          | + function block  :  00000002 00000002
          |  Already listed
  03      Adc::Adc(IAdcPort *)
          | Stack used (prev) :  00000122 00000020
          | + function block  :  00000000 00000002
  03      TimerManager::AddEvent(ITimerEvent *)
          | Stack used (prev) :  00000146 00000030
          | + function block  :  00000002 00000002
          |  Already listed
  02    BCComponentManager::CreateAdc()
        | Stack used (prev) :  00000148 00000032
        | + function block  :  00000004 00000002
  02    BCComponentManager::CreateDIn()
        | Stack used (prev) :  00000122 00000020
        | + function block  :  00000002 00000002
  02    BCComponentManager::CreateSerialIO(unsigned char)
        | Stack used (prev) :  00000030 00000010
        | + function block  :  00000000 00000002
        |  Already listed
  02    BCComponentManager::CreateLed(enum LED)
        | Stack used (prev) :  00000122 00000020
        | + function block  :  00000000 00000002
  02    BCComponentManager::CreateTimer()
        | Stack used (prev) :  00000122 00000020
        | + function block  :  00000000 00000002
  01  Term_Project_s::Init()
      | Stack used (prev) :  0000014C 00000034
      | + function block  :  00000004 00000002
  <-Sub-tree of type: Indirectly called function tree that makes indirect
                    : calls (Is not an interrupt and is not flagged as not
                    : overlayable)
    | Stack used          :  00000150 00000036


  ->Sub-tree of type: Function tree that makes indirect calls
                             CSTACK   RSTACK
    | Stack used (prev) :  00000150 00000036
  02    SystemManager::Run(unsigned char)
        | Stack used (prev) :  00000150 00000036
        | + function block  :  00000002 00000002
  02    SystemManager::InitModule()
        | Stack used (prev) :  00000150 00000036
        | + function block  :  00000002 00000002
  02    SystemManager::Instance()
        | Stack used (prev) :  00000150 00000036
        | + function block  :  00000000 00000002
  02    GetBCComponentManager()
        | Stack used (prev) :  00000122 00000020
        | + function block  :  00000000 00000002
        |  Already listed
  03      __record_needed_destruction
          | Stack used (prev) :  00000032 00000016
          | + function block  :  00000002 00000002
          |  Already listed
  04        RingBuffer::RingBuffer()
            | Stack used (prev) :  00000150 00000036
            | + function block  :  00000000 00000002
  03      SerialIO::SerialIO(ISerialPort &)
          | Stack used (prev) :  00000150 00000038
          | + function block  :  00000002 00000002
  03      TimerManager::AddEvent(ITimerEvent *)
          | Stack used (prev) :  00000146 00000030
          | + function block  :  00000002 00000002
          |  Already listed
  04        __record_needed_destruction
            | Stack used (prev) :  00000032 00000016
            | + function block  :  00000002 00000002
            |  Already listed
  04        TimerManager::TimerManager(ITimer *)
            | Stack used (prev) :  00000150 00000036
            | + function block  :  00000002 00000002
  03      TimerManager::GetInstance(ITimer *)
          | Stack used (prev) :  00000152 00000038
          | + function block  :  00000002 00000002
  03      SystemManager::AddModule(IModule &)
          | Stack used (prev) :  00000150 00000036
          | + function block  :  00000000 00000002
  03      SystemManager::Instance()
          | Stack used (prev) :  00000150 00000036
          | + function block  :  00000000 00000002
          |  Already listed
  03      GetDriverFactory()
          | Stack used (prev) :  00000122 00000020
          | + function block  :  00000000 00000002
          |  Already listed
  03      TimerWithLedAdapter::TimerWithLedAdapter(Led *)
          | Stack used (prev) :  00000150 00000036
          | + function block  :  00000000 00000002
  03      TimerWithLedAdapter::TimerWithLedAdapter(Led *)
          | Stack used (prev) :  00000150 00000036
          | + function block  :  00000000 00000002
          |  Already listed
  04        DIn::SetTimerInterval(unsigned char)
            | Stack used (prev) :  00000150 00000036
            | + function block  :  00000000 00000002
  03      DInTimerAdaptor::DInTimerAdaptor(DIn &, unsigned char)
          | Stack used (prev) :  00000150 00000038
          | + function block  :  00000002 00000002
  02    BCComponentManager::Init()
        | Stack used (prev) :  00000154 0000003A
        | + function block  :  00000006 00000002
  01  main
      | Stack used (prev) :  0000015A 0000003C
      | + function block  :  00000002 00000002
  <-Sub-tree of type: Function tree that makes indirect calls
    | Stack used          :  0000015C 0000003E


  ->Sub-tree of type: Function tree that makes indirect calls
                             CSTACK   RSTACK
    | Stack used (prev) :  0000015C 0000003E
  01  __call_ctors
      | Stack used (prev) :  0000015C 0000003E
      | + function block  :  0000000B 00000002
  <-Sub-tree of type: Function tree that makes indirect calls
    | Stack used          :  00000167 00000040


  ->Sub-tree of type: Function tree that makes indirect calls
                             CSTACK   RSTACK
    | Stack used (prev) :  00000167 00000040
  01  __call_dtors
      | Stack used (prev) :  00000167 00000040
      | + function block  :  00000002 00000002
  <-Sub-tree of type: Function tree that makes indirect calls
    | Stack used          :  00000169 00000042


  ->Sub-tree of type: Function tree
                             CSTACK   RSTACK
    | Stack used (prev) :  00000169 00000042
  02    __record_needed_destruction
        | Stack used (prev) :  00000032 00000016
        | + function block  :  00000002 00000002
        |  Already listed
  02    BCComponentManager::BCComponentManager()
        | Stack used (prev) :  00000169 00000042
        | + function block  :  00000000 00000002
  01  __sti__routine()
      | Stack used (prev) :  00000169 00000044
      | + function block  :  00000000 00000002
  <-Sub-tree of type: Function tree
    | Stack used          :  00000169 00000046


  ->Sub-tree of type: Function tree
                             CSTACK   RSTACK
    | Stack used (prev) :  00000169 00000046
  02    __record_needed_destruction
        | Stack used (prev) :  00000032 00000016
        | + function block  :  00000002 00000002
        |  Already listed
  03      DIn::DIn()
          | Stack used (prev) :  00000169 00000046
          | + function block  :  00000000 00000002
  02    DigialIn::DigialIn()
        | Stack used (prev) :  00000169 00000048
        | + function block  :  00000002 00000002
  04        Led::Init()
            | Stack used (prev) :  00000030 00000010
            | + function block  :  00000000 00000002
            |  Already listed
  04        DOut::DOut()
            | Stack used (prev) :  00000169 00000046
            | + function block  :  00000000 00000002
  03      Led::Led()
          | Stack used (prev) :  00000169 00000048
          | + function block  :  00000002 00000002
  03      E02SMBLed::SetPort(unsigned char)
          | Stack used (prev) :  00000030 00000010
          | + function block  :  00000000 00000002
          |  Already listed
  02    E02SMBLed::E02SMBLed()
        | Stack used (prev) :  0000016B 0000004A
        | + function block  :  00000002 00000002
  03      ClcdAdaptor::Init()
          | Stack used (prev) :  00000034 00000014
          | + function block  :  00000000 00000002
          |  Already listed
  03      Clcd::Clcd()
          | Stack used (prev) :  00000169 00000046
          | + function block  :  00000000 00000002
  02    ClcdAdaptor::ClcdAdaptor()
        | Stack used (prev) :  00000169 00000048
        | + function block  :  00000002 00000002
  03      Avr_uart0::Init()
          | Stack used (prev) :  00000030 00000010
          | + function block  :  00000002 00000004
          |  Already listed
  02    Avr_uart0::Avr_uart0()
        | Stack used (prev) :  00000169 00000046
        | + function block  :  00000002 00000002
  03      Avr_timer0::Init()
          | Stack used (prev) :  00000030 00000010
          | + function block  :  00000000 00000002
          |  Already listed
  02    Avr_timer0::Avr_timer0()
        | Stack used (prev) :  00000169 00000046
        | + function block  :  00000002 00000002
  03      Avr_pwm::Init()
          | Stack used (prev) :  00000169 00000046
          | + function block  :  00000000 00000002
  02    Avr_pwm::Avr_pwm(unsigned char)
        | Stack used (prev) :  00000169 00000048
        | + function block  :  00000002 00000002
  01  __sti__routine()
      | Stack used (prev) :  0000016D 0000004C
      | + function block  :  00000000 00000002
  <-Sub-tree of type: Function tree
    | Stack used          :  0000016D 0000004E


  ->Sub-tree of type: Function tree
                             CSTACK   RSTACK
    | Stack used (prev) :  0000016D 0000004E
  02    __record_needed_destruction
        | Stack used (prev) :  00000032 00000016
        | + function block  :  00000002 00000002
        |  Already listed
  03      SystemManager::SystemManager()
          | Stack used (prev) :  0000016D 0000004E
          | + function block  :  00000000 00000002
  02    Term_Project_s::Term_Project_s()
        | Stack used (prev) :  0000016D 00000050
        | + function block  :  00000002 00000002
  02    CalClkFuncGen::CalClkFuncGen()
        | Stack used (prev) :  0000016D 0000004E
        | + function block  :  00000000 00000002
  01  __sti__routine()
      | Stack used (prev) :  0000016F 00000052
      | + function block  :  00000002 00000002
  <-Sub-tree of type: Function tree
    | Stack used          :  00000171 00000054


  ->Sub-tree of type: Function tree
                             CSTACK   RSTACK
    | Stack used (prev) :  00000171 00000054
  01  exit
      | Stack used (prev) :  00000171 00000054
      | + function block  :  00000000 00000002
  <-Sub-tree of type: Function tree
    | Stack used          :  00000171 00000056


  ->Sub-tree of type: Function tree
                             CSTACK   RSTACK
    | Stack used (prev) :  00000171 00000056
  01  __low_level_init
      | Stack used (prev) :  00000171 00000056
      | + function block  :  00000000 00000002
  <-Sub-tree of type: Function tree
    | Stack used          :  00000171 00000058


  ->Sub-tree of type: Function tree
                             CSTACK   RSTACK
    | Stack used (prev) :  00000171 00000058
  02    __flashcpy
        | Stack used (prev) :  00000171 00000058
        | + function block  :  00000000 00000002
  02    __memclr
        | Stack used (prev) :  00000171 00000058
        | + function block  :  00000000 00000002
  01  __segment_init
      | Stack used (prev) :  00000171 0000005A
      | + function block  :  00000000 00000002
  <-Sub-tree of type: Function tree
    | Stack used          :  00000171 0000005C




                ****************************************
                *                                      *
                *      SEGMENTS IN ADDRESS ORDER       *
                *                                      *
                ****************************************


SEGMENT              SPACE    START ADDRESS   END ADDRESS     SIZE  TYPE  ALIGN
=======              =====    =============   ===========     ====  ====  =====
INTVEC               CODE          00000000 - 00000057          58   com    1
?FILL1               CODE          00000058 - 0000008B          34   rel    0
NEAR_F               CODE          0000008C - 00000274         1E9   rel    0
SWITCH               CODE          00000276 - 000002A9          34   rel    1
DIFUNCT              CODE          000002AA - 000002AF           6   rel    0
CODE                 CODE          000002B0 - 000036BD        340E   rel    1
INITTAB              CODE          000036BE - 000036CB           E   rel    0
NEAR_ID              CODE          000036CC - 000037D5         10A   rel    0
ABSOLUTE             DATA               0000001C                     rel    0
                     DATA               0000001D                   
                     DATA               0000001E                   
                     DATA               0000001F                   
                     DATA          00000024 - 00000027           4 
                     DATA          00000029 - 0000002F           7 
                     DATA          00000031 - 00000032           2 
                     DATA          00000037 - 00000037           1 
                     DATA          00000043 - 00000045           3 
                     DATA          00000051 - 00000051           1 
                     DATA          00000053 - 00000053           1 
                     DATA          00000055 - 00000055           1 
                     DATA          00000057 - 00000057           1 
                     DATA          00000063 - 00000064           2 
                     DATA          00000090 - 00000090           1 
                     DATA          00000095 - 00000095           1 
CSTACK               DATA          00000100 - 000003BF         2C0   dse    0
NEAR_HEAP            DATA          000003C0 - 0000061F         260   dse    0
RSTACK               DATA          00000620 - 0000065F          40   dse    0
NEAR_I               DATA          00000660 - 00000769         10A   rel    0
NEAR_Z               DATA          0000076A - 000008C0         157   rel    0

                ****************************************
                *                                      *
                *        END OF CROSS REFERENCE        *
                *                                      *
                ****************************************

 14 241 bytes of CODE memory (+             52 range fill )
  1 985 bytes of DATA memory (+ 25 absolute )

Errors: none
Warnings: none

