###############################################################################
#                                                                             #
# IAR C/C++ Compiler V5.50.0.50277/W32 for Atmel AVR    02/Dec/2013  00:33:04 #
# Copyright (C) 1996-2010 IAR Systems AB.                                     #
#                                                                             #
#    Source file  =  D:\Work\IAR\TIEF_Framework\TIEL_FrameWork\Basic_Componen #
#                    t\TimerManager.cpp                                       #
#    Command line =  D:\Work\IAR\TIEF_Framework\TIEL_FrameWork\Basic_Componen #
#                    t\TimerManager.cpp --cpu=m128 -ms -o                     #
#                    D:\Work\IAR\TIEF_Framework\ATmega128_Release\Obj\ -D     #
#                    NDEBUG -D xWATCHDOG_ENABLE -lC                           #
#                    D:\Work\IAR\TIEF_Framework\ATmega128_Release\List\ -y    #
#                    --initializers_in_flash -z9 --cross_call_passes=2        #
#                    -DENABLE_BIT_DEFINITIONS --do_cross_call -e -I ./\ -I    #
#                    D:\Work\IAR\TIEF_Framework\ -I                           #
#                    D:\Work\IAR\TIEF_Framework/TIEL_FrameWork/Basic_Componen #
#                    t\ -I D:\Work\IAR\TIEF_Framework/TIEL_FrameWork/BSP/MC_E #
#                    02SMB_v1_3\ -I D:\Work\IAR\TIEF_Framework/TIEL_FrameWork #
#                    /Common\ -I D:\Work\IAR\TIEF_Framework/TIEL_FrameWork/Co #
#                    nfiguration\ -I D:\Work\IAR\TIEF_Framework/TIEL_FrameWor #
#                    k/CPU/AVR_Driver\ -I D:\Work\IAR\TIEF_Framework/TIEL_Fra #
#                    meWork/Driver_Interface\ -I                              #
#                    D:\Work\IAR\TIEF_Framework/TIEL_FrameWork/Drivers\ -I    #
#                    D:\Work\IAR\TIEF_Framework/TIEL_FrameWork/Service\ -I    #
#                    D:\Work\IAR\TIEF_Framework/TIEL_FrameWork/System\ -I     #
#                    D:\Work\IAR\TIEF_Framework/TIEL_FrameWork/Test\ -I       #
#                    D:\Work\IAR\TIEF_Framework/TIEL_FrameWork/Utils\ -I      #
#                    D:\Work\IAR\TIEF_Framework/BUILD_COUNT\ -I "C:\Program   #
#                    Files (x86)\IAR Systems\Embedded Workbench               #
#                    5.4_0\avr\INC\" -I "C:\Program Files (x86)\IAR           #
#                    Systems\Embedded Workbench 5.4_0\avr\INC\DLIB\"          #
#                    --eeprom_size 4096 --eec++ --dlib_config "C:\Program     #
#                    Files (x86)\IAR Systems\Embedded Workbench               #
#                    5.4_0\avr\LIB\DLIB\dlAVR-3s-ec_mul-n.h"                  #
#    List file    =  D:\Work\IAR\TIEF_Framework\ATmega128_Release\List\TimerM #
#                    anager.lst                                               #
#    Object file  =  D:\Work\IAR\TIEF_Framework\ATmega128_Release\Obj\TimerMa #
#                    nager.r90                                                #
#                                                                             #
#                                                                             #
###############################################################################

D:\Work\IAR\TIEF_Framework\TIEL_FrameWork\Basic_Component\TimerManager.cpp
      1          //////////////////////////////////////////////////////////////////////////////////////////
      2           
      3          // Project description
      4           
      5          // Author: Yoo Joo-Hyoung (potato97@naver.com)
      6           
      7          // Site: ccrs.hanyang.ac.kr
      8           
      9          // Copyright (C) 2013-2013 TIEF(TIEF is Embedded S/W Framework) Project.
     10           
     11          //
     12           
     13          //////////////////////////////////////////////////////////////////////////////////////////
     14          //
     15          //    License type: GNU General Public License (GPL)
     16          //      
     17          //    This program is free software: you can redistribute it and/or modify
     18          //    it under the terms of the GNU General Public License as published by
     19          //    the Free Software Foundation, either version 3 of the License, or
     20          //    (at your option) any later version.
     21          
     22          //    This program is distributed in the hope that it will be useful,
     23          //    but WITHOUT ANY WARRANTY; without even the implied warranty of
     24          //    MERCHANTABILITY or FITNESS FOR A PARTICULAR PURPOSE.  See the
     25          //    GNU General Public License for more details.
     26          
     27          //    You should have received a copy of the GNU General Public License
     28          //    along with this program.  If not, see <http://www.gnu.org/licenses/>.
     29          //
     30          //////////////////////////////////////////////////////////////////////////////////////////
     31          
     32          #include "TimerManager.h"

   \                                 In  segment CODE, align 2, keep-with-next
   \   __nearfunc __version_3 unsigned short *_Backward_copier<unsigned short, true>::_Copy(unsigned short const *, unsigned short const *, unsigned short *)
   \                     ??_Copy:
   \   00000000   01F9               MOVW    R31:R30, R19:R18
   \   00000002   01BA               MOVW    R23:R22, R21:R20
   \   00000004   1BE0               SUB     R30, R16
   \   00000006   0BF1               SBC     R31, R17
   \   00000008   95F5               ASR     R31
   \   0000000A   95E7               ROR     R30
   \   0000000C   01AF               MOVW    R21:R20, R31:R30
   \   0000000E   0F44               LSL     R20
   \   00000010   1F55               ROL     R21
   \   00000012   0198               MOVW    R19:R18, R17:R16
   \   00000014   0FEE               LSL     R30
   \   00000016   1FFF               ROL     R31
   \   00000018   95F1               NEG     R31
   \   0000001A   95E1               NEG     R30
   \   0000001C   40F0               SBCI    R31, 0
   \   0000001E   0F6E               ADD     R22, R30
   \   00000020   1F7F               ADC     R23, R31
   \   00000022   018B               MOVW    R17:R16, R23:R22
   \   00000024   ........           JMP     memmove

   \                                 In  segment CODE, align 2, keep-with-next
   \   __nearfunc __version_3 char *_Uninit_copy(char const *, char const *, char *)
   \                     ??_Uninit_copy:
   \   00000000   939A               ST      -Y, R25
   \   00000002   938A               ST      -Y, R24
   \   00000004   01C9               MOVW    R25:R24, R19:R18
   \   00000006   01BA               MOVW    R23:R22, R21:R20
   \   00000008   1B80               SUB     R24, R16
   \   0000000A   0B91               SBC     R25, R17
   \   0000000C   01AC               MOVW    R21:R20, R25:R24
   \   0000000E   0198               MOVW    R19:R18, R17:R16
   \   00000010   018B               MOVW    R17:R16, R23:R22
   \   00000012   ........           CALL    memmove
   \   00000016   0F08               ADD     R16, R24
   \   00000018   1F19               ADC     R17, R25
   \   0000001A   9189               LD      R24, Y+
   \   0000001C   9199               LD      R25, Y+
   \   0000001E   9508               RET

   \                                 In  segment CODE, align 2, keep-with-next
   \   __nearfunc __version_3 void _Vector_impl<unsigned short, allocator<unsigned short>>::_Tidy0()
   \                     ??_Tidy0:
   \   00000000   01F8               MOVW    R31:R30, R17:R16
   \   00000002   8120               LD      R18, Z
   \   00000004   8131               LDD     R19, Z+1
   \   00000006   2B23               OR      R18, R19
   \   00000008   F031               BREQ    ??_Tidy0_1
   \   0000000A   8120               LD      R18, Z
   \   0000000C   8322               STD     Z+2, R18
   \   0000000E   8333               STD     Z+3, R19
   \   00000010   0189               MOVW    R17:R16, R19:R18
   \   00000012   ........           CALL    `??operator delete`
   \                     ??_Tidy0_1:
   \   00000016   9508               RET

   \                                 In  segment CODE, align 2, keep-with-next
   \   __nearfunc __version_3 unsigned short * _Vector_impl<unsigned short, allocator<unsigned short>>::_Make_room(unsigned short *, unsigned int)
   \                     ??_Make_room:
   \   00000000   ........           CALL    ?PROLOGUE14_L09
   \   00000004                      REQUIRE ?Register_R4_is_cg_reg
   \   00000004                      REQUIRE ?Register_R5_is_cg_reg
   \   00000004                      REQUIRE ?Register_R6_is_cg_reg
   \   00000004                      REQUIRE ?Register_R7_is_cg_reg
   \   00000004                      REQUIRE ?Register_R8_is_cg_reg
   \   00000004                      REQUIRE ?Register_R9_is_cg_reg
   \   00000004                      REQUIRE ?Register_R10_is_cg_reg
   \   00000004                      REQUIRE ?Register_R11_is_cg_reg
   \   00000004                      REQUIRE ?Register_R12_is_cg_reg
   \   00000004                      REQUIRE ?Register_R13_is_cg_reg
   \   00000004   0128               MOVW    R5:R4, R17:R16
   \   00000006   0169               MOVW    R13:R12, R19:R18
   \   00000008   01F8               MOVW    R31:R30, R17:R16
   \   0000000A   8100               LD      R16, Z
   \   0000000C   8111               LDD     R17, Z+1
   \   0000000E   8184               LDD     R24, Z+4
   \   00000010   8195               LDD     R25, Z+5
   \   00000012   1B80               SUB     R24, R16
   \   00000014   0B91               SBC     R25, R17
   \   00000016   9596               LSR     R25
   \   00000018   9587               ROR     R24
   \   0000001A   8122               LDD     R18, Z+2
   \   0000001C   8133               LDD     R19, Z+3
   \   0000001E   01D9               MOVW    R27:R26, R19:R18
   \   00000020   1BA0               SUB     R26, R16
   \   00000022   0BB1               SBC     R27, R17
   \   00000024   95B6               LSR     R27
   \   00000026   95A7               ROR     R26
   \   00000028   2F04               MOV     R16, R20
   \   0000002A   2B05               OR      R16, R21
   \   0000002C   F409               BRNE    $+2+2
   \   0000002E   C05E               RJMP    ??_Make_room_1
   \   00000030   EF0F               LDI     R16, 255
   \   00000032   E71F               LDI     R17, 127
   \   00000034   1B0A               SUB     R16, R26
   \   00000036   0B1B               SBC     R17, R27
   \   00000038   1704               CP      R16, R20
   \   0000003A   0715               CPC     R17, R21
   \   0000003C   F408               BRCC    $+2+2
   \   0000003E   C056               RJMP    ??_Make_room_1
   \   00000040   013A               MOVW    R7:R6, R21:R20
   \   00000042   0C66               LSL     R6
   \   00000044   1C77               ROL     R7
   \   00000046   0FA4               ADD     R26, R20
   \   00000048   1FB5               ADC     R27, R21
   \   0000004A   178A               CP      R24, R26
   \   0000004C   079B               CPC     R25, R27
   \   0000004E   F008               BRCS    $+2+2
   \   00000050   C040               RJMP    ??_Make_room_2
   \   00000052   019C               MOVW    R19:R18, R25:R24
   \   00000054   9536               LSR     R19
   \   00000056   9527               ROR     R18
   \   00000058   EF0F               LDI     R16, 255
   \   0000005A   E71F               LDI     R17, 127
   \   0000005C   1B02               SUB     R16, R18
   \   0000005E   0B13               SBC     R17, R19
   \   00000060   1708               CP      R16, R24
   \   00000062   0719               CPC     R17, R25
   \   00000064   F418               BRCC    ??_Make_room_3
   \   00000066   E080               LDI     R24, 0
   \   00000068   E090               LDI     R25, 0
   \   0000006A   C002               RJMP    ??_Make_room_4
   \                     ??_Make_room_3:
   \   0000006C   0F82               ADD     R24, R18
   \   0000006E   1F93               ADC     R25, R19
   \                     ??_Make_room_4:
   \   00000070   178A               CP      R24, R26
   \   00000072   079B               CPC     R25, R27
   \   00000074   F408               BRCC    ??_Make_room_5
   \   00000076   01CD               MOVW    R25:R24, R27:R26
   \                     ??_Make_room_5:
   \   00000078   018C               MOVW    R17:R16, R25:R24
   \   0000007A   0F00               LSL     R16
   \   0000007C   1F11               ROL     R17
   \   0000007E   ........           CALL    `??operator new`
   \   00000082   0148               MOVW    R9:R8, R17:R16
   \   00000084   01A8               MOVW    R21:R20, R17:R16
   \   00000086   0196               MOVW    R19:R18, R13:R12
   \   00000088   01F2               MOVW    R31:R30, R5:R4
   \   0000008A   8100               LD      R16, Z
   \   0000008C   8111               LDD     R17, Z+1
   \   0000008E   ........           CALL    ??_Uninit_copy
   \   00000092   0158               MOVW    R11:R10, R17:R16
   \   00000094   01A8               MOVW    R21:R20, R17:R16
   \   00000096   0D46               ADD     R20, R6
   \   00000098   1D57               ADC     R21, R7
   \   0000009A   01F2               MOVW    R31:R30, R5:R4
   \   0000009C   8122               LDD     R18, Z+2
   \   0000009E   8133               LDD     R19, Z+3
   \   000000A0   0186               MOVW    R17:R16, R13:R12
   \   000000A2   ........           CALL    ??_Uninit_copy
   \   000000A6   0182               MOVW    R17:R16, R5:R4
   \   000000A8   ........           CALL    ??_Tidy0
   \   000000AC   0F88               LSL     R24
   \   000000AE   1F99               ROL     R25
   \   000000B0   0184               MOVW    R17:R16, R9:R8
   \   000000B2   0F08               ADD     R16, R24
   \   000000B4   1F19               ADC     R17, R25
   \   000000B6   01F2               MOVW    R31:R30, R5:R4
   \   000000B8   8304               STD     Z+4, R16
   \   000000BA   8315               STD     Z+5, R17
   \   000000BC   0FAA               LSL     R26
   \   000000BE   1FBB               ROL     R27
   \   000000C0   0184               MOVW    R17:R16, R9:R8
   \   000000C2   0F0A               ADD     R16, R26
   \   000000C4   1F1B               ADC     R17, R27
   \   000000C6   8302               STD     Z+2, R16
   \   000000C8   8313               STD     Z+3, R17
   \   000000CA   8280               ST      Z, R8
   \   000000CC   8291               STD     Z+1, R9
   \   000000CE   0165               MOVW    R13:R12, R11:R10
   \   000000D0   C00D               RJMP    ??_Make_room_1
   \                     ??_Make_room_2:
   \   000000D2   01A9               MOVW    R21:R20, R19:R18
   \   000000D4   0D46               ADD     R20, R6
   \   000000D6   1D57               ADC     R21, R7
   \   000000D8   0186               MOVW    R17:R16, R13:R12
   \   000000DA   ........           CALL    ??_Copy
   \   000000DE   01F2               MOVW    R31:R30, R5:R4
   \   000000E0   8102               LDD     R16, Z+2
   \   000000E2   8113               LDD     R17, Z+3
   \   000000E4   0D06               ADD     R16, R6
   \   000000E6   1D17               ADC     R17, R7
   \   000000E8   8302               STD     Z+2, R16
   \   000000EA   8313               STD     Z+3, R17
   \                     ??_Make_room_1:
   \   000000EC   0186               MOVW    R17:R16, R13:R12
   \   000000EE   E0EE               LDI     R30, 14
   \   000000F0   ........           JMP     ?EPILOGUE_B14_L09

   \                                 In  segment CODE, align 2, keep-with-next
   \   __nearfunc __version_3 unsigned short * _Vector_impl<unsigned short, allocator<unsigned short>>::_Insert0(unsigned short *, unsigned short)
   \                     ??_Insert0:
   \   00000000   ........           CALL    ?PROLOGUE4_L09
   \   00000004   01D8               MOVW    R27:R26, R17:R16
   \   00000006   910D               LD      R16, X+
   \   00000008   911C               LD      R17, X
   \   0000000A   9711               SBIW    R27:R26, 1
   \   0000000C   2B01               OR      R16, R17
   \   0000000E   F419               BRNE    ??_Insert0_1
   \   00000010   E080               LDI     R24, 0
   \   00000012   E090               LDI     R25, 0
   \   00000014   C006               RJMP    ??_Insert0_2
   \                     ??_Insert0_1:
   \   00000016   910D               LD      R16, X+
   \   00000018   911C               LD      R17, X
   \   0000001A   9711               SBIW    R27:R26, 1
   \   0000001C   01C9               MOVW    R25:R24, R19:R18
   \   0000001E   1B80               SUB     R24, R16
   \   00000020   0B91               SBC     R25, R17
   \                     ??_Insert0_2:
   \   00000022   01BA               MOVW    R23:R22, R21:R20
   \   00000024   E041               LDI     R20, 1
   \   00000026   E050               LDI     R21, 0
   \   00000028   018D               MOVW    R17:R16, R27:R26
   \   0000002A   ........           CALL    ??_Insert_n0
   \   0000002E   910D               LD      R16, X+
   \   00000030   911C               LD      R17, X
   \   00000032   0F08               ADD     R16, R24
   \   00000034   1F19               ADC     R17, R25
   \   00000036   E0E4               LDI     R30, 4
   \   00000038   ........           JMP     ?EPILOGUE_B4_L09

   \                                 In  segment CODE, align 2, keep-with-next
   \   __nearfunc __version_3 void _Vector_impl<unsigned short, allocator<unsigned short>>::_Insert_n0(unsigned short *, unsigned int, unsigned short)
   \                     ??_Insert_n0:
   \   00000000   ........           CALL    ?PROLOGUE6_L09
   \   00000004                      REQUIRE ?Register_R4_is_cg_reg
   \   00000004                      REQUIRE ?Register_R5_is_cg_reg
   \   00000004   0128               MOVW    R5:R4, R17:R16
   \   00000006   01CA               MOVW    R25:R24, R21:R20
   \   00000008   01DB               MOVW    R27:R26, R23:R22
   \   0000000A   ........           CALL    ??_Make_room
   \   0000000E   01BD               MOVW    R23:R22, R27:R26
   \   00000010   01AC               MOVW    R21:R20, R25:R24
   \   00000012   0198               MOVW    R19:R18, R17:R16
   \   00000014   0182               MOVW    R17:R16, R5:R4
   \   00000016   ........           CALL    ??_Ufill
   \   0000001A   E0E6               LDI     R30, 6
   \   0000001C   ........           JMP     ?EPILOGUE_B6_L09

   \                                 In  segment CODE, align 2, keep-with-next
   \   __nearfunc __version_3 void _Vector_impl<unsigned short, allocator<unsigned short>>::_Push_back0(unsigned short)
   \                     ??_Push_back0:
   \   00000000   93BA               ST      -Y, R27
   \   00000002   93AA               ST      -Y, R26
   \   00000004   01D8               MOVW    R27:R26, R17:R16
   \   00000006   01B9               MOVW    R23:R22, R19:R18
   \   00000008   9612               ADIW    R27:R26, 2
   \   0000000A   912D               LD      R18, X+
   \   0000000C   913D               LD      R19, X+
   \   0000000E   910D               LD      R16, X+
   \   00000010   911C               LD      R17, X
   \   00000012   9715               SBIW    R27:R26, 5
   \   00000014   1720               CP      R18, R16
   \   00000016   0731               CPC     R19, R17
   \   00000018   F448               BRCC    ??_Push_back0_1
   \   0000001A   E041               LDI     R20, 1
   \   0000001C   E050               LDI     R21, 0
   \   0000001E   018D               MOVW    R17:R16, R27:R26
   \   00000020   ........           CALL    ??_Ufill
   \   00000024   9612               ADIW    R27:R26, 2
   \   00000026   930D               ST      X+, R16
   \   00000028   931C               ST      X, R17
   \   0000002A   C004               RJMP    ??_Push_back0_2
   \                     ??_Push_back0_1:
   \   0000002C   01AB               MOVW    R21:R20, R23:R22
   \   0000002E   018D               MOVW    R17:R16, R27:R26
   \   00000030   ........           CALL    ??_Insert0
   \                     ??_Push_back0_2:
   \   00000034   91A9               LD      R26, Y+
   \   00000036   91B9               LD      R27, Y+
   \   00000038   9508               RET

   \                                 In  segment CODE, align 2, keep-with-next
   \   __nearfunc __version_3 void * _Vector_impl<unsigned short, allocator<unsigned short>>::_Ufill(unsigned short *, unsigned int, unsigned short)
   \                     ??_Ufill:
   \   00000000   010C               MOVW    R1:R0, R25:R24
   \   00000002   01CA               MOVW    R25:R24, R21:R20
   \   00000004   01F9               MOVW    R31:R30, R19:R18
   \   00000006   C003               RJMP    ??_Ufill_1
   \                     ??_Ufill_2:
   \   00000008   9361               ST      Z+, R22
   \   0000000A   9371               ST      Z+, R23
   \   0000000C   9701               SBIW    R25:R24, 1
   \                     ??_Ufill_1:
   \   0000000E   2F08               MOV     R16, R24
   \   00000010   2B09               OR      R16, R25
   \   00000012   F7D1               BRNE    ??_Ufill_2
   \   00000014   0F44               LSL     R20
   \   00000016   1F55               ROL     R21
   \   00000018   0F24               ADD     R18, R20
   \   0000001A   1F35               ADC     R19, R21
   \   0000001C   0189               MOVW    R17:R16, R19:R18
   \   0000001E   01C0               MOVW    R25:R24, R1:R0
   \   00000020   9508               RET

   \                                 In  segment CODE, align 2, keep-with-next
   \   __nearfunc __version_3 char ITimerEvent::CalTime(unsigned short)
   \                     ??CalTime:
   \   00000000   01F8               MOVW    R31:R30, R17:R16
   \   00000002   8143               LDD     R20, Z+3
   \   00000004   8154               LDD     R21, Z+4
   \   00000006   0F42               ADD     R20, R18
   \   00000008   1F53               ADC     R21, R19
   \   0000000A   8343               STD     Z+3, R20
   \   0000000C   8354               STD     Z+4, R21
   \   0000000E   019A               MOVW    R19:R18, R21:R20
   \   00000010   8141               LDD     R20, Z+1
   \   00000012   8152               LDD     R21, Z+2
   \   00000014   1724               CP      R18, R20
   \   00000016   0735               CPC     R19, R21
   \   00000018   F028               BRCS    ??CalTime_1
   \   0000001A   E020               LDI     R18, 0
   \   0000001C   8323               STD     Z+3, R18
   \   0000001E   8324               STD     Z+4, R18
   \   00000020   E001               LDI     R16, 1
   \   00000022   9508               RET
   \                     ??CalTime_1:
   \   00000024   E000               LDI     R16, 0
   \   00000026   9508               RET
     33          #include <assert.h>
     34          
     35          TimerManager *TimerManager::pInstance = 0;
     36          //  std::vector<ITimerEvent*> te;
     37          //  ITimer * timer;
     38          

   \                                 In  segment CODE, align 2, keep-with-next
     39          TimerManager::TimerManager(ITimer * _timer)
   \                     ??TimerManager:
   \   00000000   93BA               ST      -Y, R27
   \   00000002   93AA               ST      -Y, R26
   \   00000004   01D8               MOVW    R27:R26, R17:R16
   \   00000006   ....               RCALL   ?Subroutine2
     40          :timer(_timer)
     41          {
   \                     ??CrossCallReturnLabel_3:
   \   00000008   ....               RCALL   ?Subroutine3
   \                     ??CrossCallReturnLabel_5:
   \   0000000A   2FFB               MOV     R31, R27
   \   0000000C   ....               RCALL   ?Subroutine4
   \                     ??CrossCallReturnLabel_7:
   \   0000000E   8326               STD     Z+6, R18
   \   00000010   8337               STD     Z+7, R19
     42            assert( 0 != _timer);
     43            timeOutMS = timer->GetTimeOutMS();
   \   00000012   ....               RCALL   ?Subroutine1
   \                     ??CrossCallReturnLabel_10:
   \   00000014   9634               ADIW    R31:R30, 4
   \   00000016   ....               RCALL   ?Subroutine0
   \                     ??CrossCallReturnLabel_2:
   \   00000018   01FD               MOVW    R31:R30, R27:R26
   \   0000001A   8700               STD     Z+8, R16
   \   0000001C   8711               STD     Z+9, R17
     44            
     45            assert( 0 != timeOutMS);
     46          //  te.reserve(10); //메모리예약
     47            
     48          }
   \   0000001E   018D               MOVW    R17:R16, R27:R26
   \   00000020                      REQUIRE ?Subroutine5
   \   00000020                      ;               // Fall through to label ?Subroutine5

   \                                 In  segment CODE, align 2, keep-with-next
   \                     ?Subroutine5:
   \   00000000   91A9               LD      R26, Y+
   \   00000002   91B9               LD      R27, Y+
   \   00000004   9508               RET

   \                                 In  segment CODE, align 2, keep-with-next
   \                     ?Subroutine1:
   \   00000000   8106               LDD     R16, Z+6
   \   00000002   8117               LDD     R17, Z+7
   \   00000004                      REQUIRE ??Subroutine6_0
   \   00000004                      ;               // Fall through to label ??Subroutine6_0

   \                                 In  segment CODE, align 2, keep-with-next
   \                     ??Subroutine6_0:
   \   00000000   01F8               MOVW    R31:R30, R17:R16
   \   00000002   8120               LD      R18, Z
   \   00000004   81F1               LDD     R31, Z+1
   \   00000006   2FE2               MOV     R30, R18
   \   00000008   9508               RET

   \                                 In  segment CODE, align 2, keep-with-next
   \                     ?Subroutine2:
   \   00000000   ....               LDI     R16, LOW(??__vtbl)
   \   00000002   ....               LDI     R17, (??__vtbl) >> 8
   \   00000004   01FD               MOVW    R31:R30, R27:R26
   \   00000006   8702               STD     Z+10, R16
   \   00000008   8713               STD     Z+11, R17
   \   0000000A   9508               RET

   \                                 In  segment CODE, align 2, keep-with-next
   \                     ?Subroutine0:
   \   00000000   9125               LPM     R18, Z+
   \   00000002   91F4               LPM     R31, Z
   \   00000004   2FE2               MOV     R30, R18
   \   00000006   9409               IJMP
     49          

   \                                 In  segment CODE, align 2, keep-with-next
     50          TimerManager * TimerManager::GetInstance(ITimer * _timer)
   \                     ??GetInstance:
     51          {
   \   00000000   93BA               ST      -Y, R27
   \   00000002   93AA               ST      -Y, R26
     52            
     53            if( 0 == pInstance)
   \   00000004   ....               LDI     R26, LOW(??pInstance)
   \   00000006   ....               LDI     R27, (??pInstance) >> 8
   \   00000008   912D               LD      R18, X+
   \   0000000A   913C               LD      R19, X
   \   0000000C   9711               SBIW    R27:R26, 1
   \   0000000E   2B23               OR      R18, R19
   \   00000010   F4A1               BRNE    ??GetInstance_1
     54            {
     55              assert( 0 != _timer);
   \   00000012   9120....           LDS     R18, (??pInstance + 2)
   \   00000016   2322               TST     R18
   \   00000018   F459               BRNE    ??GetInstance_2
   \   0000001A   E021               LDI     R18, 1
   \   0000001C   9320....           STS     (??pInstance + 2), R18
     56              //pInstance = new TimerManager(_timer);
     57              static TimerManager tm(_timer);
   \   00000020   0198               MOVW    R19:R18, R17:R16
   \   00000022   ....               LDI     R16, ((??pInstance + 3) & 0xff) & 0xFF
   \   00000024   ....               LDI     R17, (((??pInstance + 3) >> 8) & 0xff) & 0xFF
   \   00000026   ....               RCALL   ??TimerManager
   \   00000028   ....               LDI     R16, LOW(?_0)
   \   0000002A   ....               LDI     R17, (?_0) >> 8
   \   0000002C   ........           CALL    __record_needed_destruction
     58              pInstance = &tm;
   \                     ??GetInstance_2:
   \   00000030   ....               LDI     R16, ((??pInstance + 3) & 0xff) & 0xFF
   \   00000032   ....               LDI     R17, (((??pInstance + 3) >> 8) & 0xff) & 0xFF
   \   00000034   930D               ST      X+, R16
   \   00000036   931C               ST      X, R17
   \   00000038   9711               SBIW    R27:R26, 1
     59              
     60            }
     61            
     62            return pInstance;
   \                     ??GetInstance_1:
   \   0000003A   910D               LD      R16, X+
   \   0000003C   911C               LD      R17, X
   \   0000003E   ....               RJMP    ?Subroutine5
     63              
     64          }

   \                                 In  segment CODE, align 2, keep-with-next
   \                     `?<Unnamed 0>`:
   \   00000000   E022               LDI     R18, 2
   \   00000002   E030               LDI     R19, 0
   \   00000004   ....               RJMP    `?~TimerManager`

   \                                 In  segment NEAR_Z, align 1, keep-with-next
   \   00000000                      REQUIRE `?<Segment init: NEAR_Z>`
   \                     ??pInstance:
   \   00000000                      DS8 2
   \   00000002                      DS8 1
   \                     ??tm:
   \   00000003                      DS8 12
     65          

   \                                 In  segment CODE, align 2, keep-with-next
     66          TimerManager::~TimerManager() 
   \                     `?~TimerManager`:
     67          {
   \   00000000   ........           CALL    ?PROLOGUE4_L09
   \   00000004   01D8               MOVW    R27:R26, R17:R16
   \   00000006   2F82               MOV     R24, R18
   \   00000008   2B01               OR      R16, R17
   \   0000000A   F061               BREQ    `?~TimerManager_1`
   \   0000000C   ....               RCALL   ?Subroutine2
     68            
     69          }
   \                     ??CrossCallReturnLabel_4:
   \   0000000E   018D               MOVW    R17:R16, R27:R26
   \   00000010   ........           CALL    ??_Tidy0
   \   00000014   ....               RCALL   ?Subroutine3
   \                     ??CrossCallReturnLabel_6:
   \   00000016   01FD               MOVW    R31:R30, R27:R26
   \   00000018   ....               RCALL   ?Subroutine4
   \                     ??CrossCallReturnLabel_8:
   \   0000001A   FF80               SBRS    R24, 0
   \   0000001C   C003               RJMP    `?~TimerManager_1`
   \   0000001E   018D               MOVW    R17:R16, R27:R26
   \   00000020   ........           CALL    `??operator delete`
   \                     `?~TimerManager_1`:
   \   00000024   E0E4               LDI     R30, 4
   \   00000026   ........           JMP     ?EPILOGUE_B4_L09
     70          
     71          

   \                                 In  segment CODE, align 2, keep-with-next
     72          char TimerManager::AddEvent(ITimerEvent * _ev)
   \                     ??AddEvent:
     73          {
   \   00000000   93BA               ST      -Y, R27
   \   00000002   93AA               ST      -Y, R26
   \   00000004   01F8               MOVW    R31:R30, R17:R16
     74            unsigned char i;
     75            
     76            assert( 0 != _ev);
     77            assert(te.size() < 20);
     78            
     79            if( 0 == _ev ) 
   \   00000006   2F02               MOV     R16, R18
   \   00000008   2B03               OR      R16, R19
   \   0000000A   F411               BRNE    ??AddEvent_1
     80              return 0;
   \                     ??AddEvent_2:
   \   0000000C   E000               LDI     R16, 0
   \   0000000E   C01D               RJMP    ??AddEvent_3
     81            
     82              for( i = 0 ; i < te.size() ; i++)
   \                     ??AddEvent_1:
   \   00000010   E000               LDI     R16, 0
   \   00000012   C00B               RJMP    ??AddEvent_4
     83              {
     84                if(_ev == te[i])
   \                     ??AddEvent_5:
   \   00000014   01DB               MOVW    R27:R26, R23:R22
   \   00000016   E012               LDI     R17, 2
   \   00000018   9F01               MUL     R16, R17
   \   0000001A   0DA0               ADD     R26, R0
   \   0000001C   1DB1               ADC     R27, R1
   \   0000001E   914D               LD      R20, X+
   \   00000020   915C               LD      R21, X
   \   00000022   1724               CP      R18, R20
   \   00000024   0735               CPC     R19, R21
   \   00000026   F391               BREQ    ??AddEvent_2
   \   00000028   9503               INC     R16
   \                     ??AddEvent_4:
   \   0000002A   E010               LDI     R17, 0
   \   0000002C   8142               LDD     R20, Z+2
   \   0000002E   8153               LDD     R21, Z+3
   \   00000030   8160               LD      R22, Z
   \   00000032   8171               LDD     R23, Z+1
   \   00000034   1B46               SUB     R20, R22
   \   00000036   0B57               SBC     R21, R23
   \   00000038   9556               LSR     R21
   \   0000003A   9547               ROR     R20
   \   0000003C   1704               CP      R16, R20
   \   0000003E   0715               CPC     R17, R21
   \   00000040   F348               BRCS    ??AddEvent_5
     85                {
     86                  return 0;
     87                }
     88              }
     89            
     90            te.push_back(_ev);
   \   00000042   018F               MOVW    R17:R16, R31:R30
   \   00000044   ........           CALL    ??_Push_back0
     91            
     92            return 1;
   \   00000048   E001               LDI     R16, 1
   \                     ??AddEvent_3:
   \   0000004A   ....               RJMP    ?Subroutine5
     93            
     94          }
     95            
     96            

   \                                 In  segment CODE, align 2, keep-with-next
     97          char TimerManager::evTick(void)
   \                     ??evTick:
     98          {
   \   00000000   ........           CALL    ?PROLOGUE6_L09
   \   00000004                      REQUIRE ?Register_R4_is_cg_reg
   \   00000004                      REQUIRE ?Register_R5_is_cg_reg
   \   00000004   01D8               MOVW    R27:R26, R17:R16
     99            unsigned char i;
    100            
    101            assert( 0 != timer);
    102            
    103            if(timer->isTimeOut() )
   \   00000006   01F8               MOVW    R31:R30, R17:R16
   \   00000008   ....               RCALL   ?Subroutine1
   \                     ??CrossCallReturnLabel_11:
   \   0000000A   9636               ADIW    R31:R30, 6
   \   0000000C   ....               RCALL   ?Subroutine0
   \                     ??CrossCallReturnLabel_1:
   \   0000000E   2300               TST     R16
   \   00000010   F1A1               BREQ    ??evTick_1
    104            {
    105              for( i = 0 ; i < te.size() ; i++)
   \   00000012   2444               CLR     R4
   \   00000014   C024               RJMP    ??evTick_2
    106              {
    107                if(te[i]->GetState())
   \                     ??evTick_3:
   \   00000016   E002               LDI     R16, 2
   \   00000018   9E40               MUL     R4, R16
   \   0000001A   01C0               MOVW    R25:R24, R1:R0
   \   0000001C   910D               LD      R16, X+
   \   0000001E   911C               LD      R17, X
   \   00000020   9711               SBIW    R27:R26, 1
   \   00000022   0D00               ADD     R16, R0
   \   00000024   1D11               ADC     R17, R1
   \   00000026   ....               RCALL   ??Subroutine6_0
   \                     ??CrossCallReturnLabel_9:
   \   00000028   8125               LDD     R18, Z+5
   \   0000002A   2322               TST     R18
   \   0000002C   F0B9               BREQ    ??CrossCallReturnLabel_0
    108                {
    109                  if(te[i]->CalTime(timeOutMS))
   \   0000002E   01FD               MOVW    R31:R30, R27:R26
   \   00000030   8520               LDD     R18, Z+8
   \   00000032   8531               LDD     R19, Z+9
   \   00000034   01F8               MOVW    R31:R30, R17:R16
   \   00000036   8100               LD      R16, Z
   \   00000038   8111               LDD     R17, Z+1
   \   0000003A   ........           CALL    ??CalTime
   \   0000003E   2300               TST     R16
   \   00000040   F069               BREQ    ??CrossCallReturnLabel_0
    110                  {
    111                    te[i]->TimeOutEvent();
    112            //        return 1;
    113                  }
    114                }
    115              }
   \   00000042   91ED               LD      R30, X+
   \   00000044   91FC               LD      R31, X
   \   00000046   9711               SBIW    R27:R26, 1
   \   00000048   0FE8               ADD     R30, R24
   \   0000004A   1FF9               ADC     R31, R25
   \   0000004C   8100               LD      R16, Z
   \   0000004E   8111               LDD     R17, Z+1
   \   00000050   01F8               MOVW    R31:R30, R17:R16
   \   00000052   8126               LDD     R18, Z+6
   \   00000054   81F7               LDD     R31, Z+7
   \   00000056   2FE2               MOV     R30, R18
   \   00000058   9632               ADIW    R31:R30, 2
   \   0000005A   ....               RCALL   ?Subroutine0
   \                     ??CrossCallReturnLabel_0:
   \   0000005C   9443               INC     R4
    116            
    117            }
   \                     ??evTick_2:
   \   0000005E   2455               CLR     R5
   \   00000060   01FD               MOVW    R31:R30, R27:R26
   \   00000062   8102               LDD     R16, Z+2
   \   00000064   8113               LDD     R17, Z+3
   \   00000066   912D               LD      R18, X+
   \   00000068   913C               LD      R19, X
   \   0000006A   9711               SBIW    R27:R26, 1
   \   0000006C   1B02               SUB     R16, R18
   \   0000006E   0B13               SBC     R17, R19
   \   00000070   9516               LSR     R17
   \   00000072   9507               ROR     R16
   \   00000074   1640               CP      R4, R16
   \   00000076   0651               CPC     R5, R17
   \   00000078   F270               BRCS    ??evTick_3
    118            
    119            return 0;
   \                     ??evTick_1:
   \   0000007A   E000               LDI     R16, 0
   \   0000007C   E0E6               LDI     R30, 6
   \   0000007E   ........           JMP     ?EPILOGUE_B6_L09
    120          }

   \                                 In  segment NEAR_ID, align 1, keep-with-next
   \                     `?<Initializer for >`:
   \   00000000   ............       DC16 ?_1, ??tm, `?<Unnamed 0>`/2

   \                                 In  segment CODE, align 2, keep-with-next
   \   __nearfunc __version_3 TimerManager *TimerManager::new TimerManager(ITimer *)
   \                     `??new TimerManager`:
   \   00000000   939A               ST      -Y, R25
   \   00000002   938A               ST      -Y, R24
   \   00000004   01C8               MOVW    R25:R24, R17:R16
   \   00000006   E00C               LDI     R16, 12
   \   00000008   E010               LDI     R17, 0
   \   0000000A   ........           CALL    `??operator new`
   \   0000000E   2F20               MOV     R18, R16
   \   00000010   2B21               OR      R18, R17
   \   00000012   F019               BREQ    `??new TimerManager_1`
   \   00000014   019C               MOVW    R19:R18, R25:R24
   \   00000016   ....               RCALL   ??TimerManager
   \   00000018   C002               RJMP    `??new TimerManager_2`
   \                     `??new TimerManager_1`:
   \   0000001A   E000               LDI     R16, 0
   \   0000001C   E010               LDI     R17, 0
   \                     `??new TimerManager_2`:
   \   0000001E   9189               LD      R24, Y+
   \   00000020   9199               LD      R25, Y+
   \   00000022   9508               RET

   \                                 In  segment CODE, align 2, keep-with-next
   \                     ?Subroutine4:
   \   00000000   8302               STD     Z+2, R16
   \   00000002   8303               STD     Z+3, R16
   \   00000004   8304               STD     Z+4, R16
   \   00000006   8305               STD     Z+5, R16
   \   00000008   9508               RET

   \                                 In  segment CODE, align 2, keep-with-next
   \                     ?Subroutine3:
   \   00000000   E000               LDI     R16, 0
   \   00000002   930D               ST      X+, R16
   \   00000004   930C               ST      X, R16
   \   00000006   9711               SBIW    R27:R26, 1
   \   00000008   9508               RET
    121            

   Maximum stack usage in bytes:

     Function                       CSTACK RSTACK
     --------                       ------ ------
     <Unnamed 0>                        0      2
       -> TimerManager::~TimerManager()
                                        0      2
     ITimerEvent::CalTime(unsigned short)
                                        0      2
     TimerManager::AddEvent(ITimerEvent *)
                                        2      2
       -> _Vector_impl<unsigned short, allocator<unsigned short>>::_Push_back0(unsigned short)
                                        2      2
     TimerManager::GetInstance(ITimer *)
                                        2      2
       -> TimerManager::TimerManager(ITimer *)
                                        2      2
       -> __record_needed_destruction
                                        2      2
     TimerManager::TimerManager(ITimer *)
                                        2      2
       ->   Indirect call               2      2
     TimerManager::evTick()             6      2
       ->   Indirect call               6      2
       -> ITimerEvent::CalTime(unsigned short)
                                        6      2
       ->   Indirect call               6      2
     TimerManager::new TimerManager(ITimer *)
                                        2      2
       -> operator new(size_t)          2      2
       -> TimerManager::TimerManager(ITimer *)
                                        2      2
     TimerManager::~TimerManager()      4      2
       -> _Vector_impl<unsigned short, allocator<unsigned short>>::_Tidy0()
                                        4      2
       -> operator delete(void *)       4      2
     _Backward_copier<unsigned short, true>::_Copy(unsigned short const *, unsigned short const *, unsigned short *)
                                        0      2
       -> memmove                       0      2
     _Uninit_copy(char const *, char const *, char *)
                                        2      2
       -> memmove                       2      2
     _Vector_impl<unsigned short, allocator<unsigned short>>::_Insert0(unsigned short *, unsigned short)
                                        4      2
       -> _Vector_impl<unsigned short, allocator<unsigned short>>::_Insert_n0(unsigned short *, unsigned int, unsigned short)
                                        4      2
     _Vector_impl<unsigned short, allocator<unsigned short>>::_Insert_n0(unsigned short *, unsigned int, unsigned short)
                                        6      2
       -> _Vector_impl<unsigned short, allocator<unsigned short>>::_Make_room(unsigned short *, unsigned int)
                                        6      2
       -> _Vector_impl<unsigned short, allocator<unsigned short>>::_Ufill(unsigned short *, unsigned int, unsigned short)
                                        6      2
     _Vector_impl<unsigned short, allocator<unsigned short>>::_Make_room(unsigned short *, unsigned int)
                                       14      2
       -> operator new(size_t)         14      2
       -> _Uninit_copy(char const *, char const *, char *)
                                       14      2
       -> _Uninit_copy(char const *, char const *, char *)
                                       14      2
       -> _Vector_impl<unsigned short, allocator<unsigned short>>::_Tidy0()
                                       14      2
       -> _Backward_copier<unsigned short, true>::_Copy(unsigned short const *, unsigned short const *, unsigned short *)
                                       14      2
     _Vector_impl<unsigned short, allocator<unsigned short>>::_Push_back0(unsigned short)
                                        2      2
       -> _Vector_impl<unsigned short, allocator<unsigned short>>::_Ufill(unsigned short *, unsigned int, unsigned short)
                                        2      2
       -> _Vector_impl<unsigned short, allocator<unsigned short>>::_Insert0(unsigned short *, unsigned short)
                                        2      2
     _Vector_impl<unsigned short, allocator<unsigned short>>::_Tidy0()
                                        0      2
       -> operator delete(void *)       0      2
     _Vector_impl<unsigned short, allocator<unsigned short>>::_Ufill(unsigned short *, unsigned int, unsigned short)
                                        0      2


   Segment part sizes:

     Function/Label                 Bytes
     --------------                 -----
     _Backward_copier<unsigned short, true>::_Copy(unsigned short const *, unsigned short const *, unsigned short *)
                                      40
     _Uninit_copy(char const *, char const *, char *)
                                      32
     _Vector_impl<unsigned short, allocator<unsigned short>>::_Tidy0()
                                      24
     _Vector_impl<unsigned short, allocator<unsigned short>>::_Make_room(unsigned short *, unsigned int)
                                     244
     _Vector_impl<unsigned short, allocator<unsigned short>>::_Insert0(unsigned short *, unsigned short)
                                      60
     _Vector_impl<unsigned short, allocator<unsigned short>>::_Insert_n0(unsigned short *, unsigned int, unsigned short)
                                      32
     _Vector_impl<unsigned short, allocator<unsigned short>>::_Push_back0(unsigned short)
                                      58
     _Vector_impl<unsigned short, allocator<unsigned short>>::_Ufill(unsigned short *, unsigned int, unsigned short)
                                      34
     ITimerEvent::CalTime(unsigned short)
                                      40
     TimerManager::TimerManager(ITimer *)
                                      32
     ?Subroutine5                      6
     ?Subroutine1                      4
     ??Subroutine6_0                  10
     ?Subroutine2                     12
     ?Subroutine0                      8
     TimerManager::GetInstance(ITimer *)
                                      64
     ?<Unnamed 0>                      6
     TimerManager::pInstance          15
     __LSG__tm
     tm
     TimerManager::~TimerManager()    42
     TimerManager::AddEvent(ITimerEvent *)
                                      76
     TimerManager::evTick()          130
     ?<Initializer for >               6
     TimerManager::new TimerManager(ITimer *)
                                      36
     ?Subroutine4                     10
     ?Subroutine3                     10
      Others                          24

 
 1 010 bytes in segment CODE
    14 bytes in segment INITTAB
     2 bytes in segment NEAR_F
     6 bytes in segment NEAR_I
     6 bytes in segment NEAR_ID
    17 bytes in segment NEAR_Z
 
 452 bytes of CODE memory (+ 580 bytes shared)
  23 bytes of DATA memory

Errors: none
Warnings: none
