###############################################################################
#                                                                             #
# IAR C/C++ Compiler V5.50.0.50277/W32 for Atmel AVR    20/Dec/2013  10:32:39 #
# Copyright (C) 1996-2010 IAR Systems AB.                                     #
#                                                                             #
#    Source file  =  C:\work\TIEL_FrameWork\Basic_Component\StdConsole.cpp    #
#    Command line =  C:\work\TIEL_FrameWork\Basic_Component\StdConsole.cpp    #
#                    --cpu=m128 -ms -o C:\work\ATmega128_Debug\Obj\ -D        #
#                    xNDEBUG -D xWATCHDOG_ENABLE -lC                          #
#                    C:\work\ATmega128_Debug\List\ -y                         #
#                    --initializers_in_flash -z2 --no_cse --no_inline         #
#                    --no_code_motion --no_cross_call --no_clustering         #
#                    --no_tbaa --cross_call_passes=2 --debug                  #
#                    -DENABLE_BIT_DEFINITIONS --do_cross_call -e -I ./\ -I    #
#                    C:\work\ -I C:\work/TIEL_FrameWork/Basic_Component\ -I   #
#                    C:\work/TIEL_FrameWork/BSP/MC_E02SMB_v1_3\ -I            #
#                    C:\work/TIEL_FrameWork/Common\ -I                        #
#                    C:\work/TIEL_FrameWork/Configuration\ -I                 #
#                    C:\work/TIEL_FrameWork/CPU/AVR_Driver\ -I                #
#                    C:\work/TIEL_FrameWork/Driver_Interface\ -I              #
#                    C:\work/TIEL_FrameWork/Drivers\ -I                       #
#                    C:\work/TIEL_FrameWork/Service\ -I                       #
#                    C:\work/TIEL_FrameWork/System\ -I                        #
#                    C:\work/TIEL_FrameWork/Test\ -I                          #
#                    C:\work/TIEL_FrameWork/Utils\ -I C:\work/BUILD_COUNT\    #
#                    -I "C:\Program Files\IAR Systems\Embedded Workbench      #
#                    5.4\avr\INC\" -I "C:\Program Files\IAR Systems\Embedded  #
#                    Workbench 5.4\avr\INC\DLIB\" --eeprom_size 4096 --eec++  #
#                    --dlib_config "C:\Program Files\IAR Systems\Embedded     #
#                    Workbench 5.4\avr\LIB\DLIB\dlAVR-3s-ec_mul-n.h"          #
#    List file    =  C:\work\ATmega128_Debug\List\StdConsole.lst              #
#    Object file  =  C:\work\ATmega128_Debug\Obj\StdConsole.r90               #
#                                                                             #
#                                                                             #
###############################################################################

C:\work\TIEL_FrameWork\Basic_Component\StdConsole.cpp
      1          //stdin, stdout, stderr


 
 
 0 bytes of memory

Errors: none
Warnings: none
