################################################################################
#                                                                              #
#      IAR Universal Linker V4.61L/W32                                         #
#                                                                              #
#           Link time     =  20/Dec/2013  20:20:52                             #
#           Target CPU    =  A90                                               #
#           List file     =  C:\work\ATmega128_Debug\List\TIEF.map             #
#           Output file 1 =  C:\work\ATmega128_Debug\Exe\TIEF.d90              #
#                            Format: debug                                     #
#                            UBROF version 10.0.2                              #
#                            Using library modules for C-SPY (-r)              #
#           Command line  =  C:\work\ATmega128_Debug\Obj\ANSI200.r90           #
#                            C:\work\ATmega128_Debug\Obj\BCComponentManager.r9 #
#                            0                                                 #
#                            C:\work\ATmega128_Debug\Obj\CalClkFuncGen.r90     #
#                            C:\work\ATmega128_Debug\Obj\DriverFactory.r90     #
#                            C:\work\ATmega128_Debug\Obj\MC_E02SMB_v1_3DriverF #
#                            actory.r90                                        #
#                            C:\work\ATmega128_Debug\Obj\Power_Manager.r90     #
#                            C:\work\ATmega128_Debug\Obj\StdConsole.r90        #
#                            C:\work\ATmega128_Debug\Obj\System_Info.r90       #
#                            C:\work\ATmega128_Debug\Obj\System_Manager.r90    #
#                            C:\work\ATmega128_Debug\Obj\System_main.r90       #
#                            C:\work\ATmega128_Debug\Obj\Term_Project_s.r90    #
#                            C:\work\ATmega128_Debug\Obj\TimerManager.r90      #
#                            C:\work\ATmega128_Debug\Obj\adc.r90               #
#                            C:\work\ATmega128_Debug\Obj\avr_WatchDog.r90      #
#                            C:\work\ATmega128_Debug\Obj\avr_adc.r90           #
#                            C:\work\ATmega128_Debug\Obj\avr_common.r90        #
#                            C:\work\ATmega128_Debug\Obj\avr_nv_ram.r90        #
#                            C:\work\ATmega128_Debug\Obj\avr_pwm.r90           #
#                            C:\work\ATmega128_Debug\Obj\avr_sleep.r90         #
#                            C:\work\ATmega128_Debug\Obj\avr_spi.r90           #
#                            C:\work\ATmega128_Debug\Obj\avr_timer.r90         #
#                            C:\work\ATmega128_Debug\Obj\avr_uart.r90          #
#                            C:\work\ATmega128_Debug\Obj\clcd.r90              #
#                            C:\work\ATmega128_Debug\Obj\clcd_adaptor.r90      #
#                            C:\work\ATmega128_Debug\Obj\dac7512.r90           #
#                            C:\work\ATmega128_Debug\Obj\dio.r90               #
#                            C:\work\ATmega128_Debug\Obj\dio_adaptor.r90       #
#                            C:\work\ATmega128_Debug\Obj\led.r90               #
#                            C:\work\ATmega128_Debug\Obj\mcp3204.r90           #
#                            C:\work\ATmega128_Debug\Obj\pwm.r90               #
#                            C:\work\ATmega128_Debug\Obj\ringbuffer.r90        #
#                            C:\work\ATmega128_Debug\Obj\serialIO.r90          #
#                            C:\work\ATmega128_Debug\Obj\split2.r90            #
#                            C:\work\ATmega128_Debug\Obj\terminal_service.r90  #
#                            C:\work\ATmega128_Debug\Obj\type.r90              #
#                            C:\work\ATmega128_Debug\Obj\xmodem.r90 -o         #
#                            C:\work\ATmega128_Debug\Exe\TIEF.d90 -B -z -G     #
#                            -l C:\work\ATmega128_Debug\List\TIEF.map          #
#                            -xmsnio                                           #
#                            "-IC:\Program Files\IAR Systems\Embedded Workbenc #
#                            h 5.4\avr\LIB\"                                   #
#                            -f                                                #
#                            "C:\Program Files\IAR Systems\Embedded Workbench  #
#                            5.4\avr\src\template\cfgm128.xcl"                 #
#                            (-D_..X_INTVEC_SIZE=8C -D_..X_FLASH_NEND=FFFF     #
#                            -D_..X_FLASH_END=1FFFF -D_..X_SRAM_BASE=100       #
#                            -D_..X_SRAM_TBASE=0 -D_..X_SRAM_TSIZE=0           #
#                            -D_..X_SRAM_END=10FF -D_..X_EEPROM_END=FFF        #
#                            -D_..X_EEPROM_START=0) -D_..X_HEAP_SIZE=0         #
#                            -D_..X_TINY_HEAP_SIZE=0                           #
#                            -D_..X_NEAR_HEAP_SIZE=260                         #
#                            -D_..X_FAR_HEAP_SIZE=0 -D_..X_HUGE_HEAP_SIZE=0    #
#                            -D_..X_CSTACK_SIZE=2C0 -D_..X_RSTACK_SIZE=40 -f   #
#                            "C:\Program Files\IAR Systems\Embedded Workbench  #
#                            5.4\avr\src\template\cfg3soim.xcl"                #
#                            (-ca90 -w29                                       #
#                            -Z(CODE)INTVEC=0-(_..X_INTVEC_SIZE-1)             #
#                            -Z(CODE)TINY_F=_..X_FLASH_BASE-FF                 #
#                            -Z(CODE)NEAR_F=_..X_FLASH_BASE-_..X_FLASH_NEND    #
#                            -Z(CODE)SWITCH=_..X_FLASH_BASE-_..X_FLASH_NEND    #
#                            -Z(CODE)DIFUNCT=_..X_FLASH_BASE-_..X_FLASH_NEND   #
#                            -Z(CODE)CODE=_..X_FLASH_BASE-_..X_FLASH_END       #
#                            -Z(CODE)FAR_F=[_..X_FLASH_BASE-_..X_FLASH_END]/10 #
#                            000                                               #
#                            -Z(CODE)INITTAB=_..X_FLASH_BASE-_..X_FLASH_END    #
#                            -Z(CODE)HUGE_F=_..X_FLASH_BASE-_..X_FLASH_END     #
#                            -Z(CODE)TINY_ID=_..X_FLASH_BASE-_..X_FLASH_END    #
#                            -Z(CODE)NEAR_ID=_..X_FLASH_BASE-_..X_FLASH_END    #
#                            -Z(CODE)CHECKSUM#_..X_FLASH_END                   #
#                            -Z(DATA)TINY_I,TINY_Z,TINY_N=_..X_SRAM_TBASE:+_.. #
#                            X_SRAM_TSIZE                                      #
#                            -Z(DATA)CSTACK+_..X_CSTACK_SIZE=_..X_CSTACK_BASE- #
#                            _..X_CSTACK_END                                   #
#                            -Z(DATA)HEAP+_..X_HEAP_SIZE=_..X_SRAM_BASE-_..X_S #
#                            RAM_END                                           #
#                            -Z(DATA)IOSTREAM_N#_..X_SRAM_BASE-_..X_SRAM_END   #
#                            -Z(DATA)NEAR_HEAP+_..X_NEAR_HEAP_SIZE=_..X_SRAM_B #
#                            ASE-_..X_SRAM_END                                 #
#                            -Z(DATA)RSTACK+_..X_RSTACK_SIZE=_..X_RSTACK_BASE- #
#                            _..X_RSTACK_END                                   #
#                            -Z(DATA)NEAR_I,NEAR_Z,NEAR_N=_..X_SRAM_BASE-_..X_ #
#                            SRAM_END                                          #
#                            -Z(XDATA)EEPROM_I,EEPROM_N=_..X_EEPROM_START-_..X #
#                            _EEPROM_END)                                      #
#                            -D_..X_FLASH_BASE=_..X_INTVEC_SIZE -H1895         #
#                            -h(CODE)0-(_..X_INTVEC_SIZE-1)                    #
#                            -D_..X_EXT_SRAM_BASE=_..X_SRAM_END                #
#                            -D_..X_EXT_SRAM_SIZE=0                            #
#                            -D_..X_EXT_ROM_BASE=_..X_SRAM_END                 #
#                            -D_..X_EXT_ROM_SIZE=0                             #
#                            -D_..X_EXT_NV_BASE=_..X_SRAM_END                  #
#                            -D_..X_EXT_NV_SIZE=0                              #
#                            -D_..X_CSTACK_BASE=_..X_SRAM_BASE                 #
#                            -D_..X_CSTACK_END=_..X_SRAM_END                   #
#                            -D_..X_RSTACK_BASE=_..X_SRAM_BASE                 #
#                            -D_..X_RSTACK_END=_..X_SRAM_END -r -s             #
#                            __program_start                                   #
#                            "C:\Program Files\IAR Systems\Embedded Workbench  #
#                            5.4\avr\LIB\DLIB\dlAVR-3s-ec_mul-n.r90"           #
#                            -e_PrintfLarge=_Printf -e_ScanfSmall=_Scanf       #
#                                                                              #
#                           Copyright (C) 1987-2009 IAR Systems AB.            #
################################################################################





                ****************************************
                *                                      *
                *           CROSS REFERENCE            *
                *                                      *
                ****************************************

       Program entry at : CODE      00000000  Relocatable, from module : ?RESET




                ****************************************
                *                                      *
                *            RUNTIME MODEL             *
                *                                      *
                ****************************************

  R10                        = REG
  R11                        = REG
  R12                        = REG
  R13                        = REG
  R14                        = REG
  R15                        = REG
  R4                         = REG
  R5                         = REG
  R6                         = REG
  R7                         = REG
  R8                         = REG
  R9                         = REG
  __64bit_doubles            = disabled
  __cpu                      = 3
  __cpu_name                 = ATmega128
  __dlib_file_descriptor     = 0
  __dlib_full_locale_support = 0
  __enhanced_core            = enabled
  __has_elpm                 = true
  __memory_model             = 2
  __no_rampd                 = enabled
  __rt_version               = 3
  __tiny_avr                 = false



                ****************************************
                *                                      *
                *              MODULE MAP              *
                *                                      *
                ****************************************


  DEFINED ABSOLUTE ENTRIES
  PROGRAM MODULE, NAME : ?ABS_ENTRY_MOD

Absolute parts
           ENTRY                   ADDRESS         REF BY
           =====                   =======         ======
           _..X_RSTACK_END         000010FF 
           _..X_RSTACK_BASE        00000100 
           _..X_CSTACK_END         000010FF 
           _..X_CSTACK_BASE        00000100 
           _..X_EXT_NV_SIZE        00000000 
           _..X_EXT_NV_BASE        000010FF 
           _..X_EXT_ROM_SIZE       00000000 
           _..X_EXT_ROM_BASE       000010FF 
           _..X_EXT_SRAM_SIZE      00000000 
           _..X_EXT_SRAM_BASE      000010FF 
           _..X_FLASH_BASE         0000008C 
           _..X_RSTACK_SIZE        00000040 
           _..X_CSTACK_SIZE        000002C0 
           _..X_HUGE_HEAP_SIZE     00000000 
           _..X_FAR_HEAP_SIZE      00000000 
           _..X_NEAR_HEAP_SIZE     00000260 
           _..X_TINY_HEAP_SIZE     00000000 
           _..X_HEAP_SIZE          00000000 
           _..X_EEPROM_START       00000000 
           _..X_EEPROM_END         00000FFF 
           _..X_SRAM_END           000010FF 
           _..X_SRAM_TSIZE         00000000 
           _..X_SRAM_TBASE         00000000 
           _..X_SRAM_BASE          00000100 
           _..X_FLASH_END          0001FFFF 
           _..X_FLASH_NEND         0000FFFF 
           _..X_INTVEC_SIZE        0000008C 
    *************************************************************************

  FILE NAME : C:\work\ATmega128_Debug\Obj\ANSI200.r90
  PROGRAM MODULE, NAME : ANSI200

  SEGMENTS IN THE MODULE
  ======================
ABSOLUTE
  Relative segment, address: DATA 0000001C, align: 0
  Segment part 1. ROOT.
           ENTRY                   ADDRESS         REF BY
           =====                   =======         ======
           __?EECR                 0000001C 
    -------------------------------------------------------------------------
ABSOLUTE
  Relative segment, address: DATA 0000001D, align: 0
  Segment part 2. ROOT.
           ENTRY                   ADDRESS         REF BY
           =====                   =======         ======
           __?EEDR                 0000001D 
    -------------------------------------------------------------------------
ABSOLUTE
  Relative segment, address: DATA 0000001E, align: 0
  Segment part 3. ROOT.
           ENTRY                   ADDRESS         REF BY
           =====                   =======         ======
           __?EEARL                0000001E 
    -------------------------------------------------------------------------
ABSOLUTE
  Relative segment, address: DATA 0000001F, align: 0
  Segment part 4. ROOT.
           ENTRY                   ADDRESS         REF BY
           =====                   =======         ======
           __?EEARH                0000001F 
    -------------------------------------------------------------------------
CSTACK
  Segment part 5. NOT NEEDED.
    -------------------------------------------------------------------------
RSTACK
  Segment part 6. NOT NEEDED.

    *************************************************************************

  FILE NAME : C:\work\ATmega128_Debug\Obj\BCComponentManager.r90
  PROGRAM MODULE, NAME : BCComponentManager

  SEGMENTS IN THE MODULE
  ======================
NEAR_Z
  Relative segment, address: DATA 00000D76 - 00000D77 (0x2 bytes), align: 0
  Segment part 23.            Intra module refs:   BCComponentManager::BCComponentManager()
           ENTRY                   ADDRESS         REF BY
           =====                   =======         ======
           BCComponentManager::Instantce
                                   00000D76 
    -------------------------------------------------------------------------
NEAR_Z
  Relative segment, address: DATA 00000D78 - 00000D79 (0x2 bytes), align: 0
  Segment part 25.            Intra module refs:   BCComponentManager::CreateAdc()
                                                   BCComponentManager::CreateDIn()
                                                   BCComponentManager::CreatePwm()
                                                   BCComponentManager::Init()
           ENTRY                   ADDRESS         REF BY
           =====                   =======         ======
           BCComponentManager::Driver
                                   00000D78 
    -------------------------------------------------------------------------
NEAR_I
  Relative segment, address: DATA 00000660 - 0000066E (0xf bytes), align: 0
  Segment part 10.            Intra module refs:   BCComponentManager::BCComponentManager()
    -------------------------------------------------------------------------
NEAR_I
  Relative segment, address: DATA 0000066F - 000006AC (0x3e bytes), align: 0
  Segment part 13.            Intra module refs:   BCComponentManager::BCComponentManager()
                                                   BCComponentManager::Init()
                                                   BCComponentMod::Execute()
                                                   BCComponentMod::Init()
    -------------------------------------------------------------------------
NEAR_I
  Relative segment, address: DATA 000006AD - 000006B8 (0xc bytes), align: 0
  Segment part 15.            Intra module refs:   BCComponentManager::Init()
    -------------------------------------------------------------------------
NEAR_I
  Relative segment, address: DATA 000006B9 - 000006C1 (0x9 bytes), align: 0
  Segment part 17.            Intra module refs:   BCComponentManager::Init()
    -------------------------------------------------------------------------
NEAR_I
  Relative segment, address: DATA 000006C2 - 000006C9 (0x8 bytes), align: 0
  Segment part 19.            Intra module refs:   BCComponentMod::Execute()
                                                   BCComponentMod::Init()
    -------------------------------------------------------------------------
NEAR_I
  Relative segment, address: DATA 000006CA - 000006D6 (0xd bytes), align: 0
  Segment part 21.            Intra module refs:   BCComponentMod::Execute()
    -------------------------------------------------------------------------
NEAR_I
  Relative segment, address: DATA 000006D7 - 000006DC (0x6 bytes), align: 0
  Segment part 27.            Intra module refs:   __sti__routine()
    -------------------------------------------------------------------------
NEAR_Z
  Relative segment, address: DATA 00000D7A - 00000D7F (0x6 bytes), align: 0
  Segment part 26.            Intra module refs:   BCComponentManager::Init()
                                                   Segment part 28
                                                   __sti__routine()
           ENTRY                   ADDRESS         REF BY
           =====                   =======         ======
           bcmod                   00000D7A 
    -------------------------------------------------------------------------
NEAR_Z
  Relative segment, address: DATA 00000D80 - 00000D81 (0x2 bytes), align: 0
  Segment part 29.            Intra module refs:   Segment part 28
    -------------------------------------------------------------------------
CODE
  Relative segment, address: CODE 000002CC - 000002E1 (0x16 bytes), align: 1
  Segment part 62.            Intra module refs:   Segment part 31
           LOCAL                   ADDRESS         
           =====                   =======         
           <Unnamed 1>             000002CC 
               calls direct
               CSTACK = 00000000 ( 00000002 )
               RSTACK = 00000000 ( 00000002 )
    -------------------------------------------------------------------------
NEAR_I
  Relative segment, address: DATA 000006DD - 000006E2 (0x6 bytes), align: 0
  Segment part 30.            Intra module refs:   BCComponentManager::Init()
    -------------------------------------------------------------------------
NEAR_Z
  Relative segment, address: DATA 00000D82 - 00000D83 (0x2 bytes), align: 0
  Segment part 32.            Intra module refs:   Segment part 31
    -------------------------------------------------------------------------
NEAR_Z
  Relative segment, address: DATA 00000D84 - 00000D84 (0x1 bytes), align: 0
  Segment part 33.            Intra module refs:   BCComponentManager::Init()
           LOCAL                   ADDRESS         
           =====                   =======         
           BCComponentManager::Init()::static guard for _serial0
                                   00000D84 
    -------------------------------------------------------------------------
NEAR_Z
  Relative segment, address: DATA 00000D85 - 00000DA7 (0x23 bytes), align: 0
  Segment part 34.            Intra module refs:   BCComponentManager::Init()
                                                   Segment part 31
           LOCAL                   ADDRESS         
           =====                   =======         
           BCComponentManager::Init()::_serial0
                                   00000D85 
    -------------------------------------------------------------------------
NEAR_I
  Relative segment, address: DATA 000006E3 - 000006E8 (0x6 bytes), align: 0
  Segment part 35.            Intra module refs:   BCComponentManager::Init()
    -------------------------------------------------------------------------
NEAR_Z
  Relative segment, address: DATA 00000DA8 - 00000DA9 (0x2 bytes), align: 0
  Segment part 37.            Intra module refs:   Segment part 36
    -------------------------------------------------------------------------
CODE
  Relative segment, address: CODE 000002E2 - 000002F7 (0x16 bytes), align: 1
  Segment part 63.            Intra module refs:   Segment part 36
           LOCAL                   ADDRESS         
           =====                   =======         
           <Unnamed 2>             000002E2 
               calls direct
               CSTACK = 00000000 ( 00000002 )
               RSTACK = 00000000 ( 00000002 )
    -------------------------------------------------------------------------
NEAR_Z
  Relative segment, address: DATA 00000DAA - 00000DAA (0x1 bytes), align: 0
  Segment part 38.            Intra module refs:   BCComponentManager::Init()
           LOCAL                   ADDRESS         
           =====                   =======         
           BCComponentManager::Init(){2}::static guard for timer
                                   00000DAA 
    -------------------------------------------------------------------------
NEAR_Z
  Relative segment, address: DATA 00000DAB - 00000DB4 (0xa bytes), align: 0
  Segment part 39.            Intra module refs:   BCComponentManager::Init()
                                                   Segment part 36
           LOCAL                   ADDRESS         
           =====                   =======         
           BCComponentManager::Init(){2}::timer
                                   00000DAB 
    -------------------------------------------------------------------------
NEAR_I
  Relative segment, address: DATA 000006E9 - 000006EE (0x6 bytes), align: 0
  Segment part 40.            Intra module refs:   BCComponentManager::Init()
    -------------------------------------------------------------------------
NEAR_Z
  Relative segment, address: DATA 00000DB5 - 00000DB6 (0x2 bytes), align: 0
  Segment part 42.            Intra module refs:   Segment part 41
    -------------------------------------------------------------------------
CODE
  Relative segment, address: CODE 000002F8 - 0000030D (0x16 bytes), align: 1
  Segment part 64.            Intra module refs:   Segment part 41
                                                   Segment part 46
           LOCAL                   ADDRESS         
           =====                   =======         
           <Unnamed 3>             000002F8 
               calls direct
               CSTACK = 00000000 ( 00000002 )
               RSTACK = 00000000 ( 00000002 )
    -------------------------------------------------------------------------
NEAR_Z
  Relative segment, address: DATA 00000DB7 - 00000DB7 (0x1 bytes), align: 0
  Segment part 43.            Intra module refs:   BCComponentManager::Init()
           LOCAL                   ADDRESS         
           =====                   =======         
           BCComponentManager::Init(){4}::static guard for ta0
                                   00000DB7 
    -------------------------------------------------------------------------
NEAR_Z
  Relative segment, address: DATA 00000DB8 - 00000DC1 (0xa bytes), align: 0
  Segment part 44.            Intra module refs:   BCComponentManager::Init()
                                                   Segment part 41
           LOCAL                   ADDRESS         
           =====                   =======         
           BCComponentManager::Init(){4}::ta0
                                   00000DB8 
    -------------------------------------------------------------------------
NEAR_I
  Relative segment, address: DATA 000006EF - 000006F4 (0x6 bytes), align: 0
  Segment part 45.            Intra module refs:   BCComponentManager::Init()
    -------------------------------------------------------------------------
NEAR_Z
  Relative segment, address: DATA 00000DC2 - 00000DC3 (0x2 bytes), align: 0
  Segment part 47.            Intra module refs:   Segment part 46
    -------------------------------------------------------------------------
NEAR_Z
  Relative segment, address: DATA 00000DC4 - 00000DC4 (0x1 bytes), align: 0
  Segment part 48.            Intra module refs:   BCComponentManager::Init()
           LOCAL                   ADDRESS         
           =====                   =======         
           BCComponentManager::Init(){6}::static guard for ta1
                                   00000DC4 
    -------------------------------------------------------------------------
NEAR_Z
  Relative segment, address: DATA 00000DC5 - 00000DCE (0xa bytes), align: 0
  Segment part 49.            Intra module refs:   BCComponentManager::Init()
                                                   Segment part 46
           LOCAL                   ADDRESS         
           =====                   =======         
           BCComponentManager::Init(){6}::ta1
                                   00000DC5 
    -------------------------------------------------------------------------
NEAR_I
  Relative segment, address: DATA 000006F5 - 000006FA (0x6 bytes), align: 0
  Segment part 50.            Intra module refs:   BCComponentManager::CreateAdc()
    -------------------------------------------------------------------------
NEAR_Z
  Relative segment, address: DATA 00000DCF - 00000DD0 (0x2 bytes), align: 0
  Segment part 52.            Intra module refs:   Segment part 51
    -------------------------------------------------------------------------
CODE
  Relative segment, address: CODE 0000030E - 00000323 (0x16 bytes), align: 1
  Segment part 65.            Intra module refs:   Segment part 51
           LOCAL                   ADDRESS         
           =====                   =======         
           <Unnamed 4>             0000030E 
               calls direct
               CSTACK = 00000000 ( 00000002 )
               RSTACK = 00000000 ( 00000002 )
    -------------------------------------------------------------------------
NEAR_Z
  Relative segment, address: DATA 00000DD1 - 00000DD1 (0x1 bytes), align: 0
  Segment part 53.            Intra module refs:   BCComponentManager::CreateAdc()
           LOCAL                   ADDRESS         
           =====                   =======         
           BCComponentManager::CreateAdc()::static guard for adc
                                   00000DD1 
    -------------------------------------------------------------------------
NEAR_Z
  Relative segment, address: DATA 00000DD2 - 00000DDD (0xc bytes), align: 0
  Segment part 54.            Intra module refs:   BCComponentManager::CreateAdc()
                                                   Segment part 51
           LOCAL                   ADDRESS         
           =====                   =======         
           BCComponentManager::CreateAdc()::adc
                                   00000DD2 
    -------------------------------------------------------------------------
NEAR_I
  Relative segment, address: DATA 000006FB - 00000700 (0x6 bytes), align: 0
  Segment part 55.            Intra module refs:   BCComponentManager::CreatePwm()
    -------------------------------------------------------------------------
NEAR_Z
  Relative segment, address: DATA 00000DDE - 00000DDF (0x2 bytes), align: 0
  Segment part 57.            Intra module refs:   Segment part 56
    -------------------------------------------------------------------------
CODE
  Relative segment, address: CODE 00000324 - 00000339 (0x16 bytes), align: 1
  Segment part 66.            Intra module refs:   Segment part 56
           LOCAL                   ADDRESS         
           =====                   =======         
           <Unnamed 5>             00000324 
               calls direct
               CSTACK = 00000000 ( 00000002 )
               RSTACK = 00000000 ( 00000002 )
    -------------------------------------------------------------------------
CODE
  Segment part 67. NOT NEEDED.
           ENTRY                   ADDRESS         REF BY
           =====                   =======         ======
           BCComponentManager::new BCComponentManager()
                                   
               calls direct
               not allocated function
    -------------------------------------------------------------------------
CODE
  Relative segment, address: CODE 0000033A - 00000351 (0x18 bytes), align: 1
  Segment part 68.            Intra module refs:   Segment part 61
           LOCAL                   ADDRESS         
           =====                   =======         
           __sti__routine()        0000033A 
               calls direct
               RSTACK = 00000000 ( 00000002 )
    -------------------------------------------------------------------------
CODE
  Relative segment, address: CODE 00000352 - 00000367 (0x16 bytes), align: 1
  Segment part 69.            Intra module refs:   Segment part 28
           LOCAL                   ADDRESS         
           =====                   =======         
           <Unnamed 0>             00000352 
               calls direct
               CSTACK = 00000000 ( 00000002 )
               RSTACK = 00000000 ( 00000002 )
    -------------------------------------------------------------------------
CODE
  Relative segment, address: CODE 00000368 - 000003A9 (0x42 bytes), align: 1
  Segment part 70.            Intra module refs:   __sti__routine()
           ENTRY                   ADDRESS         REF BY
           =====                   =======         ======
           BCComponentManager::BCComponentManager()
                                   00000368 
               calls direct
               CSTACK = 00000000 ( 00000002 )
               RSTACK = 00000000 ( 00000002 )
    -------------------------------------------------------------------------
CODE
  Relative segment, address: CODE 000003AA - 000005AF (0x206 bytes), align: 1
  Segment part 71.
           ENTRY                   ADDRESS         REF BY
           =====                   =======         ======
           BCComponentManager::Init()
                                   000003AA        main (System_main)
               calls direct and indirect
               CSTACK = 00000000 ( 00000006 )
               RSTACK = 00000000 ( 00000002 )
    -------------------------------------------------------------------------
CODE
  Relative segment, address: CODE 000005B0 - 000005B7 (0x8 bytes), align: 1
  Segment part 72.            Intra module refs:   BCComponentMod::Init()
           ENTRY                   ADDRESS         REF BY
           =====                   =======         ======
           BCComponentManager::CreateTimer()
                                   000005B0        Term_Project_s::Init() (Term_Project_s)
               RSTACK = 00000000 ( 00000002 )
    -------------------------------------------------------------------------
CODE
  Relative segment, address: CODE 000005B8 - 000005CF (0x18 bytes), align: 1
  Segment part 73.
           ENTRY                   ADDRESS         REF BY
           =====                   =======         ======
           BCComponentManager::CreateLed(enum LED)
                                   000005B8        Term_Project_s::Init() (Term_Project_s)
               RSTACK = 00000000 ( 00000002 )
    -------------------------------------------------------------------------
CODE
  Relative segment, address: CODE 000005D0 - 000005E1 (0x12 bytes), align: 1
  Segment part 74.            Intra module refs:   BCComponentMod::Init()
           ENTRY                   ADDRESS         REF BY
           =====                   =======         ======
           BCComponentManager::CreateSerialIO(unsigned char)
                                   000005D0        Term_Project_s::Init() (Term_Project_s)
               RSTACK = 00000000 ( 00000002 )
    -------------------------------------------------------------------------
CODE
  Relative segment, address: CODE 000005E2 - 0000060F (0x2e bytes), align: 1
  Segment part 75.
           ENTRY                   ADDRESS         REF BY
           =====                   =======         ======
           BCComponentManager::CreateDIn()
                                   000005E2        Term_Project_s::Init() (Term_Project_s)
               calls indirect
               CSTACK = 00000000 ( 00000004 )
               RSTACK = 00000000 ( 00000002 )
    -------------------------------------------------------------------------
CODE
  Relative segment, address: CODE 00000610 - 0000066F (0x60 bytes), align: 1
  Segment part 76.
           ENTRY                   ADDRESS         REF BY
           =====                   =======         ======
           BCComponentManager::CreateAdc()
                                   00000610        Term_Project_s::Init() (Term_Project_s)
               calls direct and indirect
               CSTACK = 00000000 ( 00000004 )
               RSTACK = 00000000 ( 00000002 )
    -------------------------------------------------------------------------
CODE
  Relative segment, address: CODE 00000670 - 000006C1 (0x52 bytes), align: 1
  Segment part 77.
           ENTRY                   ADDRESS         REF BY
           =====                   =======         ======
           BCComponentManager::CreatePwm()
                                   00000670        Term_Project_s::Init() (Term_Project_s)
               calls direct and indirect
               CSTACK = 00000000 ( 00000004 )
               RSTACK = 00000000 ( 00000002 )
    -------------------------------------------------------------------------
NEAR_Z
  Relative segment, address: DATA 00000DE0 - 00000DE0 (0x1 bytes), align: 0
  Segment part 58.            Intra module refs:   BCComponentManager::CreatePwm()
           LOCAL                   ADDRESS         
           =====                   =======         
           BCComponentManager::CreatePwm()::static guard for pwm
                                   00000DE0 
    -------------------------------------------------------------------------
NEAR_Z
  Relative segment, address: DATA 00000DE1 - 00000DE5 (0x5 bytes), align: 0
  Segment part 59.            Intra module refs:   BCComponentManager::CreatePwm()
                                                   Segment part 56
           LOCAL                   ADDRESS         
           =====                   =======         
           BCComponentManager::CreatePwm()::pwm
                                   00000DE1 
    -------------------------------------------------------------------------
NEAR_Z
  Relative segment, address: DATA 00000DE6 - 00000DEF (0xa bytes), align: 0
  Segment part 60.            Intra module refs:   GetBCComponentManager()
                                                   __sti__routine()
           LOCAL                   ADDRESS         
           =====                   =======         
           bc                      00000DE6 
    -------------------------------------------------------------------------
CODE
  Relative segment, address: CODE 000006C2 - 000006C7 (0x6 bytes), align: 1
  Segment part 78.            Intra module refs:   BCComponentMod::Init()
           ENTRY                   ADDRESS         REF BY
           =====                   =======         ======
           GetBCComponentManager()
                                   000006C2        Term_Project_s::Init() (Term_Project_s)
                                                   main (System_main)
               RSTACK = 00000000 ( 00000002 )
    -------------------------------------------------------------------------
CODE
  Relative segment, address: CODE 000006C8 - 000006D9 (0x12 bytes), align: 1
  Segment part 79.            Intra module refs:   Adc::Adc(IAdcPort *) (adc)
                                                   DInTimerAdaptor::DInTimerAdaptor(DIn &, unsigned char)
                                                   TimerWithLedAdapter::TimerWithLedAdapter(Led *)
                                                   myTimer1s::myTimer1s() (Term_Project_s)
                                                   myTimer500ms::myTimer500ms() (Term_Project_s)
           ENTRY                   ADDRESS         REF BY
           =====                   =======         ======
           ITimerEvent::ITimerEvent(unsigned char, unsigned short)
                                   000006C8 
               RSTACK = 00000000 ( 00000002 )
    -------------------------------------------------------------------------
CODE
  Relative segment, address: CODE 000006DA - 000006F7 (0x1e bytes), align: 1
  Segment part 80.            Intra module refs:   Adc::~Adc() (adc)
                                                   DInTimerAdaptor::~DInTimerAdaptor()
                                                   TimerWithLedAdapter::~TimerWithLedAdapter()
                                                   myTimer1s::~myTimer1s() (Term_Project_s)
                                                   myTimer500ms::~myTimer500ms() (Term_Project_s)
           ENTRY                   ADDRESS         REF BY
           =====                   =======         ======
           ITimerEvent::~ITimerEvent()
                                   000006DA 
               calls direct
               CSTACK = 00000000 ( 00000002 )
               RSTACK = 00000000 ( 00000002 )
    -------------------------------------------------------------------------
CODE
  Relative segment, address: CODE 000006F8 - 000006FF (0x8 bytes), align: 1
  Segment part 81.            Intra module refs:   Adc::Run() (adc)
                                                   DInTimerAdaptor::DInTimerAdaptor(DIn &, unsigned char)
                                                   Term_Project_s::Init() (Term_Project_s)
                                                   TimerWithLedAdapter::TimerWithLedAdapter(Led *)
           ENTRY                   ADDRESS         REF BY
           =====                   =======         ======
           ITimerEvent::Resume()   000006F8 
               RSTACK = 00000000 ( 00000002 )
    -------------------------------------------------------------------------
CODE
  Relative segment, address: CODE 00000700 - 0000071D (0x1e bytes), align: 1
  Segment part 82.            Intra module refs:   RingBuffer::__vtbl (ringbuffer)
                                                   SerialIO::~SerialIO()
           ENTRY                   ADDRESS         REF BY
           =====                   =======         ======
           RingBuffer::~RingBuffer()
                                   00000700 
               calls direct
               CSTACK = 00000000 ( 00000002 )
               RSTACK = 00000000 ( 00000002 )
    -------------------------------------------------------------------------
CODE
  Relative segment, address: CODE 0000071E - 00000759 (0x3c bytes), align: 1
  Segment part 83.            Intra module refs:   <Unnamed 1>
                                                   SerialIO::__vtbl (serialIO)
           ENTRY                   ADDRESS         REF BY
           =====                   =======         ======
           SerialIO::~SerialIO()   0000071E 
               calls direct
               CSTACK = 00000000 ( 00000004 )
               RSTACK = 00000000 ( 00000002 )
    -------------------------------------------------------------------------
CODE
  Relative segment, address: CODE 0000075A - 0000075B (0x2 bytes), align: 1
  Segment part 84.            Intra module refs:   BCComponentMod::BCComponentMod()
           ENTRY                   ADDRESS         REF BY
           =====                   =======         ======
           IModule::IModule()      0000075A 
               RSTACK = 00000000 ( 00000002 )
    -------------------------------------------------------------------------
CODE
  Relative segment, address: CODE 0000075C - 00000779 (0x1e bytes), align: 1
  Segment part 85.            Intra module refs:   BCComponentMod::~BCComponentMod()
           ENTRY                   ADDRESS         REF BY
           =====                   =======         ======
           IModule::~IModule()     0000075C 
               calls direct
               CSTACK = 00000000 ( 00000002 )
               RSTACK = 00000000 ( 00000002 )
    -------------------------------------------------------------------------
CODE
  Relative segment, address: CODE 0000077A - 000007A3 (0x2a bytes), align: 1
  Segment part 86.            Intra module refs:   <Unnamed 2>
                                                   DInTimerAdaptor::__vtbl
           ENTRY                   ADDRESS         REF BY
           =====                   =======         ======
           DInTimerAdaptor::~DInTimerAdaptor()
                                   0000077A 
               calls direct
               CSTACK = 00000000 ( 00000004 )
               RSTACK = 00000000 ( 00000002 )
    -------------------------------------------------------------------------
CODE
  Relative segment, address: CODE 000007A4 - 000007E3 (0x40 bytes), align: 1
  Segment part 87.            Intra module refs:   BCComponentManager::Init()
           ENTRY                   ADDRESS         REF BY
           =====                   =======         ======
           DInTimerAdaptor::DInTimerAdaptor(DIn &, unsigned char)
                                   000007A4 
               calls direct
               CSTACK = 00000000 ( 00000006 )
               RSTACK = 00000000 ( 00000002 )
    -------------------------------------------------------------------------
CODE
  Relative segment, address: CODE 000007E4 - 000007FB (0x18 bytes), align: 1
  Segment part 88.            Intra module refs:   DInTimerAdaptor::__vtbl
           ENTRY                   ADDRESS         REF BY
           =====                   =======         ======
           DInTimerAdaptor::TimeOutEvent()
                                   000007E4 
               calls direct
               CSTACK = 00000000 ( 00000002 )
               RSTACK = 00000000 ( 00000002 )
    -------------------------------------------------------------------------
CODE
  Relative segment, address: CODE 000007FC - 00000825 (0x2a bytes), align: 1
  Segment part 89.            Intra module refs:   <Unnamed 3>
                                                   TimerWithLedAdapter::__vtbl
           ENTRY                   ADDRESS         REF BY
           =====                   =======         ======
           TimerWithLedAdapter::~TimerWithLedAdapter()
                                   000007FC 
               calls direct
               CSTACK = 00000000 ( 00000004 )
               RSTACK = 00000000 ( 00000002 )
    -------------------------------------------------------------------------
CODE
  Relative segment, address: CODE 00000826 - 00000857 (0x32 bytes), align: 1
  Segment part 90.            Intra module refs:   BCComponentManager::Init()
           ENTRY                   ADDRESS         REF BY
           =====                   =======         ======
           TimerWithLedAdapter::TimerWithLedAdapter(Led *)
                                   00000826 
               calls direct
               CSTACK = 00000000 ( 00000004 )
               RSTACK = 00000000 ( 00000002 )
    -------------------------------------------------------------------------
CODE
  Relative segment, address: CODE 00000858 - 0000086F (0x18 bytes), align: 1
  Segment part 91.            Intra module refs:   TimerWithLedAdapter::__vtbl
           ENTRY                   ADDRESS         REF BY
           =====                   =======         ======
           TimerWithLedAdapter::TimeOutEvent()
                                   00000858 
               calls direct
               CSTACK = 00000000 ( 00000002 )
               RSTACK = 00000000 ( 00000002 )
    -------------------------------------------------------------------------
CODE
  Relative segment, address: CODE 00000870 - 0000088D (0x1e bytes), align: 1
  Segment part 92.            Intra module refs:   __sti__routine()
           ENTRY                   ADDRESS         REF BY
           =====                   =======         ======
           BCComponentMod::BCComponentMod()
                                   00000870 
               calls direct
               CSTACK = 00000000 ( 00000002 )
               RSTACK = 00000000 ( 00000002 )
    -------------------------------------------------------------------------
CODE
  Relative segment, address: CODE 0000088E - 000008B7 (0x2a bytes), align: 1
  Segment part 93.            Intra module refs:   <Unnamed 0>
                                                   BCComponentMod::__vtbl
           ENTRY                   ADDRESS         REF BY
           =====                   =======         ======
           BCComponentMod::~BCComponentMod()
                                   0000088E 
               calls direct
               CSTACK = 00000000 ( 00000004 )
               RSTACK = 00000000 ( 00000002 )
    -------------------------------------------------------------------------
CODE
  Relative segment, address: CODE 000008B8 - 00000905 (0x4e bytes), align: 1
  Segment part 94.            Intra module refs:   BCComponentMod::__vtbl
           ENTRY                   ADDRESS         REF BY
           =====                   =======         ======
           BCComponentMod::Init()
                                   000008B8 
               calls direct
               CSTACK = 00000000 ( 00000002 )
               RSTACK = 00000000 ( 00000002 )
    -------------------------------------------------------------------------
CODE
  Relative segment, address: CODE 00000906 - 00000993 (0x8e bytes), align: 1
  Segment part 95.            Intra module refs:   BCComponentMod::__vtbl
           ENTRY                   ADDRESS         REF BY
           =====                   =======         ======
           BCComponentMod::Execute()
                                   00000906 
               calls direct
               CSTACK = 00000000 ( 00000002 )
               RSTACK = 00000000 ( 00000002 )
    -------------------------------------------------------------------------
ABSOLUTE
  Segment part 1. TENTATIVE. Used definition from ANSI200
           ENTRY                   ADDRESS         REF BY
           =====                   =======         ======
           __?EECR                 
    -------------------------------------------------------------------------
ABSOLUTE
  Segment part 2. TENTATIVE. Used definition from ANSI200
           ENTRY                   ADDRESS         REF BY
           =====                   =======         ======
           __?EEDR                 
    -------------------------------------------------------------------------
ABSOLUTE
  Segment part 3. TENTATIVE. Used definition from ANSI200
           ENTRY                   ADDRESS         REF BY
           =====                   =======         ======
           __?EEARL                
    -------------------------------------------------------------------------
ABSOLUTE
  Segment part 4. TENTATIVE. Used definition from ANSI200
           ENTRY                   ADDRESS         REF BY
           =====                   =======         ======
           __?EEARH                
    -------------------------------------------------------------------------
CSTACK
  Segment part 5. NOT NEEDED.
    -------------------------------------------------------------------------
RSTACK
  Segment part 6. NOT NEEDED.
    -------------------------------------------------------------------------
NEAR_ID
  Relative segment, address: CODE 000057E0 - 000057EE (0xf bytes), align: 0
  Segment part 11.            Intra module refs:   Segment part 10
    -------------------------------------------------------------------------
INITTAB
  Relative segment, address: CODE 000057D2 - 000057D8 (0x7 bytes), align: 0
  Segment part 12.            Intra module refs:   Segment part 10
                                                   Segment part 10 (System_main)
                                                   Segment part 10 (clcd)
                                                   Segment part 10 (dio)
                                                   Segment part 11 (CalClkFuncGen)
                                                   Segment part 11 (System_Manager)
                                                   Segment part 11 (TimerManager)
                                                   Segment part 11 (adc)
                                                   Segment part 11 (avr_pwm)
                                                   Segment part 11 (pwm)
                                                   Segment part 11 (serialIO)
                                                   Segment part 12 (MC_E02SMB_v1_3DriverFactory)
                                                   Segment part 12 (dio)
                                                   Segment part 13
                                                   Segment part 13 (CalClkFuncGen)
                                                   Segment part 13 (TimerManager)
                                                   Segment part 13 (adc)
                                                   Segment part 13 (dio_adaptor)
                                                   Segment part 13 (pwm)
                                                   Segment part 13 (serialIO)
                                                   Segment part 14 (avr_pwm)
                                                   Segment part 15
                                                   Segment part 15 (CalClkFuncGen)
                                                   Segment part 15 (TimerManager)
                                                   Segment part 15 (adc)
                                                   Segment part 15 (pwm)
                                                   Segment part 16 (MC_E02SMB_v1_3DriverFactory)
                                                   Segment part 16 (Term_Project_s)
                                                   Segment part 16 (dio_adaptor)
                                                   Segment part 17
                                                   Segment part 17 (CalClkFuncGen)
                                                   Segment part 17 (TimerManager)
                                                   Segment part 17 (adc)
                                                   Segment part 17 (avr_uart)
                                                   Segment part 18 (dio_adaptor)
                                                   Segment part 19
                                                   Segment part 19 (CalClkFuncGen)
                                                   Segment part 19 (Term_Project_s)
                                                   Segment part 19 (TimerManager)
                                                   Segment part 19 (serialIO)
                                                   Segment part 20 (MC_E02SMB_v1_3DriverFactory)
                                                   Segment part 20 (avr_uart)
                                                   Segment part 21
                                                   Segment part 21 (CalClkFuncGen)
                                                   Segment part 21 (Term_Project_s)
                                                   Segment part 21 (serialIO)
                                                   Segment part 23 (CalClkFuncGen)
                                                   Segment part 23 (Term_Project_s)
                                                   Segment part 23 (TimerManager)
                                                   Segment part 23 (serialIO)
                                                   Segment part 24 (MC_E02SMB_v1_3DriverFactory)
                                                   Segment part 25 (CalClkFuncGen)
                                                   Segment part 25 (Term_Project_s)
                                                   Segment part 27
                                                   Segment part 27 (CalClkFuncGen)
                                                   Segment part 27 (Term_Project_s)
                                                   Segment part 28 (MC_E02SMB_v1_3DriverFactory)
                                                   Segment part 29 (CalClkFuncGen)
                                                   Segment part 29 (Term_Project_s)
                                                   Segment part 3 (?xprintflarge)
                                                   Segment part 30
                                                   Segment part 31 (CalClkFuncGen)
                                                   Segment part 32 (MC_E02SMB_v1_3DriverFactory)
                                                   Segment part 33 (CalClkFuncGen)
                                                   Segment part 33 (Term_Project_s)
                                                   Segment part 35
                                                   Segment part 35 (CalClkFuncGen)
                                                   Segment part 36 (MC_E02SMB_v1_3DriverFactory)
                                                   Segment part 37 (CalClkFuncGen)
                                                   Segment part 37 (Term_Project_s)
                                                   Segment part 39 (CalClkFuncGen)
                                                   Segment part 39 (MC_E02SMB_v1_3DriverFactory)
                                                   Segment part 40
                                                   Segment part 41 (CalClkFuncGen)
                                                   Segment part 41 (Term_Project_s)
                                                   Segment part 43 (CalClkFuncGen)
                                                   Segment part 45
                                                   Segment part 45 (CalClkFuncGen)
                                                   Segment part 45 (Term_Project_s)
                                                   Segment part 47 (CalClkFuncGen)
                                                   Segment part 49 (CalClkFuncGen)
                                                   Segment part 49 (Term_Project_s)
                                                   Segment part 50
                                                   Segment part 53 (Term_Project_s)
                                                   Segment part 55
                                                   Segment part 57 (Term_Project_s)
                                                   Segment part 6 (?xprintflarge)
                                                   Segment part 61 (Term_Project_s)
                                                   Segment part 65 (Term_Project_s)
                                                   Segment part 69 (Term_Project_s)
                                                   Segment part 7 (System_main)
                                                   Segment part 7 (clcd)
                                                   Segment part 7 (dio)
                                                   Segment part 73 (Term_Project_s)
                                                   Segment part 8 (?xprintflarge)
                                                   Segment part 8 (CalClkFuncGen)
                                                   Segment part 8 (System_Manager)
                                                   Segment part 8 (TimerManager)
                                                   Segment part 8 (adc)
                                                   Segment part 8 (pwm)
                                                   Segment part 8 (serialIO)
                                                   Segment part 9 (MC_E02SMB_v1_3DriverFactory)
                                                   __Constant_0_0 (?xprintflarge)
                                                   flag_Clock (CalClkFuncGen)
           ENTRY                   ADDRESS         REF BY
           =====                   =======         ======
           ?<Segment init: NEAR_I>
                                   000057D2 
    -------------------------------------------------------------------------
NEAR_ID
  Relative segment, address: CODE 000057EF - 0000582C (0x3e bytes), align: 0
  Segment part 14.            Intra module refs:   Segment part 13
    -------------------------------------------------------------------------
NEAR_ID
  Relative segment, address: CODE 0000582D - 00005838 (0xc bytes), align: 0
  Segment part 16.            Intra module refs:   Segment part 15
    -------------------------------------------------------------------------
NEAR_ID
  Relative segment, address: CODE 00005839 - 00005841 (0x9 bytes), align: 0
  Segment part 18.            Intra module refs:   Segment part 17
    -------------------------------------------------------------------------
NEAR_ID
  Relative segment, address: CODE 00005842 - 00005849 (0x8 bytes), align: 0
  Segment part 20.            Intra module refs:   Segment part 19
    -------------------------------------------------------------------------
NEAR_ID
  Relative segment, address: CODE 0000584A - 00005856 (0xd bytes), align: 0
  Segment part 22.            Intra module refs:   Segment part 21
    -------------------------------------------------------------------------
INITTAB
  Relative segment, address: CODE 000057D9 - 000057DF (0x7 bytes), align: 0
  Segment part 24.            Intra module refs:   BCComponentManager::CreateAdc()::adc
                                                   BCComponentManager::CreateAdc()::static guard for adc
                                                   BCComponentManager::CreatePwm()::pwm
                                                   BCComponentManager::CreatePwm()::static guard for pwm
                                                   BCComponentManager::Driver
                                                   BCComponentManager::Init()::_serial0
                                                   BCComponentManager::Init()::static guard for _serial0
                                                   BCComponentManager::Init(){2}::static guard for timer
                                                   BCComponentManager::Init(){2}::timer
                                                   BCComponentManager::Init(){4}::static guard for ta0
                                                   BCComponentManager::Init(){4}::ta0
                                                   BCComponentManager::Init(){6}::static guard for ta1
                                                   BCComponentManager::Init(){6}::ta1
                                                   BCComponentManager::Instantce
                                                   DriverFactory::instance (DriverFactory)
                                                   MC_E02SMBDriver (MC_E02SMB_v1_3DriverFactory)
                                                   MC_E02SMBDriverFactory::CreateAdc()::avr_adc (MC_E02SMB_v1_3DriverFactory)
                                                   MC_E02SMBDriverFactory::CreateAdc()::static guard for avr_adc (MC_E02SMB_v1_3DriverFactory)
                                                   Segment part 18 (MC_E02SMB_v1_3DriverFactory)
                                                   Segment part 22 (MC_E02SMB_v1_3DriverFactory)
                                                   Segment part 25 (TimerManager)
                                                   Segment part 26 (MC_E02SMB_v1_3DriverFactory)
                                                   Segment part 29
                                                   Segment part 3 (?cppinit)
                                                   Segment part 3 (?xgetmemchunk)
                                                   Segment part 30 (MC_E02SMB_v1_3DriverFactory)
                                                   Segment part 32
                                                   Segment part 34 (MC_E02SMB_v1_3DriverFactory)
                                                   Segment part 35 (Term_Project_s)
                                                   Segment part 37
                                                   Segment part 38 (MC_E02SMB_v1_3DriverFactory)
                                                   Segment part 39 (Term_Project_s)
                                                   Segment part 41 (MC_E02SMB_v1_3DriverFactory)
                                                   Segment part 42
                                                   Segment part 43 (Term_Project_s)
                                                   Segment part 47
                                                   Segment part 47 (Term_Project_s)
                                                   Segment part 51 (Term_Project_s)
                                                   Segment part 52
                                                   Segment part 55 (Term_Project_s)
                                                   Segment part 57
                                                   Segment part 59 (Term_Project_s)
                                                   Segment part 63 (Term_Project_s)
                                                   Segment part 67 (Term_Project_s)
                                                   Segment part 71 (Term_Project_s)
                                                   Segment part 75 (Term_Project_s)
                                                   SystemManager::instance (System_Manager)
                                                   TimerManager::GetInstance(ITimer *){1}::static guard for tm (TimerManager)
                                                   TimerManager::GetInstance(ITimer *){1}::tm (TimerManager)
                                                   TimerManager::pInstance (TimerManager)
                                                   __iar_New_hand (?new)
                                                   __near_Aldata (?xxmemxmalloc)
                                                   adc_result (avr_adc)
                                                   bc
                                                   bcmod
                                                   ccf (Term_Project_s)
                                                   clcd (MC_E02SMB_v1_3DriverFactory)
                                                   com0 (MC_E02SMB_v1_3DriverFactory)
                                                   flag_EnShift (CalClkFuncGen)
                                                   flag_mode (CalClkFuncGen)
                                                   isconv (avr_adc)
                                                   led0 (MC_E02SMB_v1_3DriverFactory)
                                                   myApp (Term_Project_s)
                                                   myPwmadp (Term_Project_s)
                                                   mySW (Term_Project_s)
                                                   myadcEvent (Term_Project_s)
                                                   mylcdline1 (Term_Project_s)
                                                   mylcdline2 (Term_Project_s)
                                                   myserialEvent (Term_Project_s)
                                                   myserialadp (Term_Project_s)
                                                   mytimer_1sec (Term_Project_s)
                                                   mytimer_500ms (Term_Project_s)
                                                   pwm0 (MC_E02SMB_v1_3DriverFactory)
                                                   swDIn (MC_E02SMB_v1_3DriverFactory)
                                                   timeout (avr_timer)
                                                   timer (MC_E02SMB_v1_3DriverFactory)
                                                   uart0 (avr_uart)
           ENTRY                   ADDRESS         REF BY
           =====                   =======         ======
           ?<Segment init: NEAR_Z>
                                   000057D9 
    -------------------------------------------------------------------------
NEAR_ID
  Relative segment, address: CODE 00005857 - 0000585C (0x6 bytes), align: 0
  Segment part 28.            Intra module refs:   Segment part 27
    -------------------------------------------------------------------------
NEAR_ID
  Relative segment, address: CODE 0000585D - 00005862 (0x6 bytes), align: 0
  Segment part 31.            Intra module refs:   Segment part 30
    -------------------------------------------------------------------------
NEAR_ID
  Relative segment, address: CODE 00005863 - 00005868 (0x6 bytes), align: 0
  Segment part 36.            Intra module refs:   Segment part 35
    -------------------------------------------------------------------------
NEAR_ID
  Relative segment, address: CODE 00005869 - 0000586E (0x6 bytes), align: 0
  Segment part 41.            Intra module refs:   Segment part 40
    -------------------------------------------------------------------------
NEAR_ID
  Relative segment, address: CODE 0000586F - 00005874 (0x6 bytes), align: 0
  Segment part 46.            Intra module refs:   Segment part 45
    -------------------------------------------------------------------------
NEAR_ID
  Relative segment, address: CODE 00005875 - 0000587A (0x6 bytes), align: 0
  Segment part 51.            Intra module refs:   Segment part 50
    -------------------------------------------------------------------------
NEAR_ID
  Relative segment, address: CODE 0000587B - 00005880 (0x6 bytes), align: 0
  Segment part 56.            Intra module refs:   Segment part 55
    -------------------------------------------------------------------------
DIFUNCT
  Relative segment, address: CODE 000002C6 - 000002C7 (0x2 bytes), align: 0
  Segment part 61. ROOT.
    -------------------------------------------------------------------------
NEAR_F
  Relative segment, address: CODE 0000008C - 0000008F (0x4 bytes), align: 0
  Segment part 7.             Intra module refs:   DInTimerAdaptor::DInTimerAdaptor(DIn &, unsigned char)
           LOCAL                   ADDRESS         
           =====                   =======         
           DInTimerAdaptor::__vtbl
                                   0000008C 
    -------------------------------------------------------------------------
NEAR_F
  Relative segment, address: CODE 00000090 - 00000093 (0x4 bytes), align: 0
  Segment part 8.             Intra module refs:   TimerWithLedAdapter::TimerWithLedAdapter(Led *)
           LOCAL                   ADDRESS         
           =====                   =======         
           TimerWithLedAdapter::__vtbl
                                   00000090 
    -------------------------------------------------------------------------
NEAR_F
  Relative segment, address: CODE 00000094 - 00000099 (0x6 bytes), align: 0
  Segment part 9.             Intra module refs:   BCComponentMod::BCComponentMod()
           LOCAL                   ADDRESS         
           =====                   =======         
           BCComponentMod::__vtbl
                                   00000094 

    *************************************************************************

  FILE NAME : C:\work\ATmega128_Debug\Obj\CalClkFuncGen.r90
  PROGRAM MODULE, NAME : CalClkFuncGen

  SEGMENTS IN THE MODULE
  ======================
NEAR_I
  Relative segment, address: DATA 00000701 - 00000710 (0x10 bytes), align: 0
  Segment part 8.             Intra module refs:   CalClkFuncGen::Init()
                                                   CalClkFuncGen::Switch()
    -------------------------------------------------------------------------
NEAR_I
  Relative segment, address: DATA 00000711 - 0000071E (0xe bytes), align: 0
  Segment part 11.            Intra module refs:   CalClkFuncGen::Init()
    -------------------------------------------------------------------------
NEAR_I
  Relative segment, address: DATA 0000071F - 0000072E (0x10 bytes), align: 0
  Segment part 13.            Intra module refs:   CalClkFuncGen::SetIStringOut(IStringOut *, IStringOut *, IStringOut *)
    -------------------------------------------------------------------------
NEAR_I
  Relative segment, address: DATA 0000072F - 00000759 (0x2b bytes), align: 0
  Segment part 15.            Intra module refs:   CalClkFuncGen::SetIStringOut(IStringOut *, IStringOut *, IStringOut *)
                                                   CalClkFuncGen::SetPwm(IPwmOut *)
    -------------------------------------------------------------------------
NEAR_I
  Relative segment, address: DATA 0000075A - 00000769 (0x10 bytes), align: 0
  Segment part 17.            Intra module refs:   CalClkFuncGen::SetIStringOut(IStringOut *, IStringOut *, IStringOut *)
    -------------------------------------------------------------------------
NEAR_I
  Relative segment, address: DATA 0000076A - 00000776 (0xd bytes), align: 0
  Segment part 19.            Intra module refs:   CalClkFuncGen::SetIStringOut(IStringOut *, IStringOut *, IStringOut *)
    -------------------------------------------------------------------------
NEAR_I
  Relative segment, address: DATA 00000777 - 00000780 (0xa bytes), align: 0
  Segment part 21.            Intra module refs:   CalClkFuncGen::SetPwm(IPwmOut *)
    -------------------------------------------------------------------------
NEAR_I
  Relative segment, address: DATA 00000781 - 00000789 (0x9 bytes), align: 0
  Segment part 23.            Intra module refs:   CalClkFuncGen::InputCh(char)
                                                   CalClkFuncGen::Switch()
    -------------------------------------------------------------------------
NEAR_I
  Relative segment, address: DATA 0000078A - 00000797 (0xe bytes), align: 0
  Segment part 25.            Intra module refs:   CalClkFuncGen::Switch()
    -------------------------------------------------------------------------
NEAR_I
  Relative segment, address: DATA 00000798 - 000007A8 (0x11 bytes), align: 0
  Segment part 27.            Intra module refs:   CalClkFuncGen::Switch()
    -------------------------------------------------------------------------
NEAR_I
  Relative segment, address: DATA 000007A9 - 000007B1 (0x9 bytes), align: 0
  Segment part 29.            Intra module refs:   CalClkFuncGen::Switch()
    -------------------------------------------------------------------------
NEAR_I
  Relative segment, address: DATA 000007B2 - 000007CE (0x1d bytes), align: 0
  Segment part 31.            Intra module refs:   CalClkFuncGen::Switch()
    -------------------------------------------------------------------------
NEAR_I
  Relative segment, address: DATA 000007CF - 000007D3 (0x5 bytes), align: 0
  Segment part 33.            Intra module refs:   CalClkFuncGen::InputCh(char)
    -------------------------------------------------------------------------
NEAR_I
  Relative segment, address: DATA 000007D4 - 000007D9 (0x6 bytes), align: 0
  Segment part 35.            Intra module refs:   CalClkFuncGen::InputCh(char)
    -------------------------------------------------------------------------
NEAR_I
  Relative segment, address: DATA 000007DA - 000007DD (0x4 bytes), align: 0
  Segment part 37.            Intra module refs:   CalClkFuncGen::InputCh(char)
    -------------------------------------------------------------------------
NEAR_I
  Relative segment, address: DATA 000007DE - 000007F1 (0x14 bytes), align: 0
  Segment part 39.            Intra module refs:   CalClkFuncGen::InputCh(char)
    -------------------------------------------------------------------------
NEAR_I
  Relative segment, address: DATA 000007F2 - 000007F9 (0x8 bytes), align: 0
  Segment part 41.            Intra module refs:   CalClkFuncGen::InputCh(char)
    -------------------------------------------------------------------------
NEAR_I
  Relative segment, address: DATA 000007FA - 00000807 (0xe bytes), align: 0
  Segment part 43.            Intra module refs:   CalClkFuncGen::InputCh(char)
    -------------------------------------------------------------------------
NEAR_I
  Relative segment, address: DATA 00000808 - 00000813 (0xc bytes), align: 0
  Segment part 45.            Intra module refs:   CalClkFuncGen::InputAdc(unsigned short)
    -------------------------------------------------------------------------
NEAR_I
  Relative segment, address: DATA 00000814 - 00000820 (0xd bytes), align: 0
  Segment part 47.            Intra module refs:   CalClkFuncGen::InputAdc(unsigned short)
    -------------------------------------------------------------------------
NEAR_I
  Relative segment, address: DATA 00000821 - 0000082F (0xf bytes), align: 0
  Segment part 49.            Intra module refs:   CalClkFuncGen::tm1s()
    -------------------------------------------------------------------------
NEAR_I
  Relative segment, address: DATA 00000830 - 00000830 (0x1 bytes), align: 0
  Segment part 51.            Intra module refs:   CalClkFuncGen::InputCh(char)
                                                   CalClkFuncGen::Switch()
           ENTRY                   ADDRESS         REF BY
           =====                   =======         ======
           flag_Clock              00000830 
    -------------------------------------------------------------------------
NEAR_Z
  Relative segment, address: DATA 00000DF0 - 00000DF0 (0x1 bytes), align: 0
  Segment part 53.            Intra module refs:   CalClkFuncGen::InputCh(char)
                                                   CalClkFuncGen::Switch()
                                                   CalClkFuncGen::tm500ms()
           ENTRY                   ADDRESS         REF BY
           =====                   =======         ======
           flag_EnShift            00000DF0 
    -------------------------------------------------------------------------
NEAR_Z
  Relative segment, address: DATA 00000DF1 - 00000DF2 (0x2 bytes), align: 0
  Segment part 55.            Intra module refs:   CalClkFuncGen::InputAdc(unsigned short)
                                                   CalClkFuncGen::InputCh(char)
                                                   CalClkFuncGen::Switch()
                                                   CalClkFuncGen::tm1s()
           ENTRY                   ADDRESS         REF BY
           =====                   =======         ======
           flag_mode               00000DF1 
    -------------------------------------------------------------------------
CODE
  Segment part 56. NOT NEEDED.
           ENTRY                   ADDRESS         REF BY
           =====                   =======         ======
           CalClkFuncGen::new CalClkFuncGen()
                                   
               calls direct
               not allocated function
    -------------------------------------------------------------------------
CODE
  Relative segment, address: CODE 00000994 - 000009BD (0x2a bytes), align: 1
  Segment part 57.
           ENTRY                   ADDRESS         REF BY
           =====                   =======         ======
           CalClkFuncGen::CalClkFuncGen()
                                   00000994        __sti__routine() (Term_Project_s)
               RSTACK = 00000000 ( 00000002 )
    -------------------------------------------------------------------------
CODE
  Relative segment, address: CODE 000009BE - 000009DB (0x1e bytes), align: 1
  Segment part 58.            Intra module refs:   CalClkFuncGen::__vtbl
           ENTRY                   ADDRESS         REF BY
           =====                   =======         ======
           CalClkFuncGen::~CalClkFuncGen()
                                   000009BE        <Unnamed 1> (Term_Project_s)
               calls direct
               CSTACK = 00000000 ( 00000002 )
               RSTACK = 00000000 ( 00000002 )
    -------------------------------------------------------------------------
CODE
  Relative segment, address: CODE 000009DC - 00000A39 (0x5e bytes), align: 1
  Segment part 59.
           ENTRY                   ADDRESS         REF BY
           =====                   =======         ======
           CalClkFuncGen::Init()   000009DC        Term_Project_s::Init() (Term_Project_s)
               calls indirect
               CSTACK = 00000000 ( 00000004 )
               RSTACK = 00000000 ( 00000002 )
    -------------------------------------------------------------------------
CODE
  Relative segment, address: CODE 00000A3A - 00000A7D (0x44 bytes), align: 1
  Segment part 60.            Intra module refs:   CalClkFuncGen::InputCh(char)
           ENTRY                   ADDRESS         REF BY
           =====                   =======         ======
           CalClkFuncGen::InputTime(char *)
                                   00000A3A 
               RSTACK = 00000000 ( 00000002 )
    -------------------------------------------------------------------------
CODE
  Relative segment, address: CODE 00000A7E - 00000AEF (0x72 bytes), align: 1
  Segment part 61.
           ENTRY                   ADDRESS         REF BY
           =====                   =======         ======
           CalClkFuncGen::SetIStringOut(IStringOut *, IStringOut *, IStringOut *)
                                   00000A7E        Term_Project_s::Init() (Term_Project_s)
               calls direct
               CSTACK = 00000000 ( 00000008 )
               RSTACK = 00000000 ( 00000002 )
    -------------------------------------------------------------------------
CODE
  Relative segment, address: CODE 00000AF0 - 00000B1D (0x2e bytes), align: 1
  Segment part 62.
           ENTRY                   ADDRESS         REF BY
           =====                   =======         ======
           CalClkFuncGen::SetPwm(IPwmOut *)
                                   00000AF0        Term_Project_s::Init() (Term_Project_s)
               calls direct
               CSTACK = 00000000 ( 00000004 )
               RSTACK = 00000000 ( 00000002 )
    -------------------------------------------------------------------------
CODE
  Relative segment, address: CODE 00000B1E - 00000C9D (0x180 bytes), align: 1
  Segment part 63.
           ENTRY                   ADDRESS         REF BY
           =====                   =======         ======
           CalClkFuncGen::Switch()
                                   00000B1E        mySWEvent::Changed(enum DInEvent::EDGE) (Term_Project_s)
               calls indirect
               CSTACK = 00000000 ( 00000004 )
               RSTACK = 00000000 ( 00000004 )
    -------------------------------------------------------------------------
CODE
  Relative segment, address: CODE 00000C9E - 00000FCF (0x332 bytes), align: 1
  Segment part 64.
           ENTRY                   ADDRESS         REF BY
           =====                   =======         ======
           CalClkFuncGen::InputCh(char)
[...]
          | Stack used (prev) :  00000015 0000000A
          | + function block  :  00000015 00000002
          |  Already listed
  03      __iar_EmptyStepPoint
          | Stack used (prev) :  0000000B 00000004
          | + function block  :  00000000 00000002
          |  Already listed
  03      __record_needed_destruction
          | Stack used (prev) :  00000057 00000018
          | + function block  :  00000002 00000002
          |  Already listed
  05          __taabi_assert
              | Stack used (prev) :  00000015 0000000A
              | + function block  :  00000015 00000002
              |  Already listed
  05          __iar_EmptyStepPoint
              | Stack used (prev) :  0000000B 00000004
              | + function block  :  00000000 00000002
              |  Already listed
  04        ISerialPort::SetSerialIO(SerialIO &)
            | Stack used (prev) :  000001E2 0000004E
            | + function block  :  00000004 00000002
  04        RingBuffer::RingBuffer()
            | Stack used (prev) :  000001E2 0000004E
            | + function block  :  00000000 00000002
  03      SerialIO::SerialIO(ISerialPort &)
          | Stack used (prev) :  000001E6 00000050
          | + function block  :  00000004 00000002
  03      TimerManager::AddEvent(ITimerEvent *)
          | Stack used (prev) :  000001D6 00000048
          | + function block  :  00000006 00000002
          |  Already listed
  04        __taabi_assert
            | Stack used (prev) :  00000015 0000000A
            | + function block  :  00000015 00000002
            |  Already listed
  04        __iar_EmptyStepPoint
            | Stack used (prev) :  0000000B 00000004
            | + function block  :  00000000 00000002
            |  Already listed
  04        __record_needed_destruction
            | Stack used (prev) :  00000057 00000018
            | + function block  :  00000002 00000002
            |  Already listed
  05          __taabi_assert
              | Stack used (prev) :  00000015 0000000A
              | + function block  :  00000015 00000002
              |  Already listed
  05          __iar_EmptyStepPoint
              | Stack used (prev) :  0000000B 00000004
              | + function block  :  00000000 00000002
              |  Already listed
  08                _ClassUtil::_AllocHolder<_Alloc, false>[with _Alloc=allocator<void>]::_AllocHolder()
                    | Stack used (prev) :  000001E2 0000004E
                    | + function block  :  00000000 00000002
  07              _Vector_value<allocator<void>>::_Vector_value()
                  | Stack used (prev) :  000001E2 00000050
                  | + function block  :  00000002 00000002
  06            _Vector_impl<unsigned short, allocator<unsigned short>>::_Vector_impl()
                | Stack used (prev) :  000001E4 00000052
                | + function block  :  00000002 00000002
  06            _Vector_value<allocator<void>>::_Zero()
                | Stack used (prev) :  00000057 00000018
                | + function block  :  00000000 00000002
                |  Already listed
  05          vector<ITimerEvent *>::vector()
              | Stack used (prev) :  000001E6 00000054
              | + function block  :  00000002 00000002
  04        TimerManager::TimerManager(ITimer *)
            | Stack used (prev) :  000001E8 00000056
            | + function block  :  00000004 00000002
  03      TimerManager::GetInstance(ITimer *)
          | Stack used (prev) :  000001EC 00000058
          | + function block  :  00000002 00000002
  03      SystemManager::AddModule(IModule &)
          | Stack used (prev) :  000001E2 0000004E
          | + function block  :  00000000 00000002
  03      SystemManager::Instance()
          | Stack used (prev) :  000001E2 0000004E
          | + function block  :  00000000 00000002
          |  Already listed
  03      GetDriverFactory()
          | Stack used (prev) :  00000166 0000002A
          | + function block  :  00000000 00000002
          |  Already listed
  04        ITimerEvent::Resume()
            | Stack used (prev) :  00000166 0000002A
            | + function block  :  00000000 00000002
            |  Already listed
  04        ITimerEvent::ITimerEvent(unsigned char, unsigned short)
            | Stack used (prev) :  00000166 0000002A
            | + function block  :  00000000 00000002
            |  Already listed
  03      TimerWithLedAdapter::TimerWithLedAdapter(Led *)
          | Stack used (prev) :  000001E2 0000004E
          | + function block  :  00000004 00000002
  03      TimerWithLedAdapter::TimerWithLedAdapter(Led *)
          | Stack used (prev) :  000001E2 0000004E
          | + function block  :  00000004 00000002
          |  Already listed
  05          __taabi_assert
              | Stack used (prev) :  00000015 0000000A
              | + function block  :  00000015 00000002
              |  Already listed
  05          __iar_EmptyStepPoint
              | Stack used (prev) :  0000000B 00000004
              | + function block  :  00000000 00000002
              |  Already listed
  04        DIn::SetTimerInterval(unsigned char)
            | Stack used (prev) :  000001E2 0000004E
            | + function block  :  00000004 00000002
  04        ITimerEvent::Resume()
            | Stack used (prev) :  00000166 0000002A
            | + function block  :  00000000 00000002
            |  Already listed
  04        ITimerEvent::ITimerEvent(unsigned char, unsigned short)
            | Stack used (prev) :  00000166 0000002A
            | + function block  :  00000000 00000002
            |  Already listed
  03      DInTimerAdaptor::DInTimerAdaptor(DIn &, unsigned char)
          | Stack used (prev) :  000001E6 00000050
          | + function block  :  00000006 00000002
  02    BCComponentManager::Init()
        | Stack used (prev) :  000001EE 0000005A
        | + function block  :  00000006 00000002
  01  main
      | Stack used (prev) :  000001F4 0000005C
      | + function block  :  00000002 00000002
  <-Sub-tree of type: Function tree that makes indirect calls
    | Stack used          :  000001F6 0000005E


  ->Sub-tree of type: Function tree that makes indirect calls
                             CSTACK   RSTACK
    | Stack used (prev) :  000001F6 0000005E
  01  __call_ctors
      | Stack used (prev) :  000001F6 0000005E
      | + function block  :  0000000B 00000002
  <-Sub-tree of type: Function tree that makes indirect calls
    | Stack used          :  00000201 00000060


  ->Sub-tree of type: Function tree that makes indirect calls
                             CSTACK   RSTACK
    | Stack used (prev) :  00000201 00000060
  01  __call_dtors
      | Stack used (prev) :  00000201 00000060
      | + function block  :  00000002 00000002
  <-Sub-tree of type: Function tree that makes indirect calls
    | Stack used          :  00000203 00000062


  ->Sub-tree of type: Function tree
                             CSTACK   RSTACK
    | Stack used (prev) :  00000203 00000062
  02    __record_needed_destruction
        | Stack used (prev) :  00000057 00000018
        | + function block  :  00000002 00000002
        |  Already listed
  03      IModule::IModule()
          | Stack used (prev) :  00000203 00000062
          | + function block  :  00000000 00000002
  02    BCComponentMod::BCComponentMod()
        | Stack used (prev) :  00000203 00000064
        | + function block  :  00000002 00000002
  03      __taabi_assert
          | Stack used (prev) :  00000015 0000000A
          | + function block  :  00000015 00000002
          |  Already listed
  03      __iar_EmptyStepPoint
          | Stack used (prev) :  0000000B 00000004
          | + function block  :  00000000 00000002
          |  Already listed
  02    BCComponentManager::BCComponentManager()
        | Stack used (prev) :  00000203 00000062
        | + function block  :  00000002 00000002
  01  __sti__routine()
      | Stack used (prev) :  00000205 00000066
      | + function block  :  00000000 00000002
  <-Sub-tree of type: Function tree
    | Stack used          :  00000205 00000068


  ->Sub-tree of type: Function tree
                             CSTACK   RSTACK
    | Stack used (prev) :  00000205 00000068
  02    __record_needed_destruction
        | Stack used (prev) :  00000057 00000018
        | + function block  :  00000002 00000002
        |  Already listed
  03      DIn::DIn()
          | Stack used (prev) :  00000205 00000068
          | + function block  :  00000000 00000002
  02    DigialIn::DigialIn()
        | Stack used (prev) :  00000205 0000006A
        | + function block  :  00000002 00000002
  04        Led::Init()
            | Stack used (prev) :  00000057 00000018
            | + function block  :  00000000 00000002
            |  Already listed
  04        DOut::DOut()
            | Stack used (prev) :  00000205 00000068
            | + function block  :  00000000 00000002
  03      Led::Led()
          | Stack used (prev) :  00000205 0000006A
          | + function block  :  00000002 00000002
  03      E02SMBLed::SetPort(unsigned char)
          | Stack used (prev) :  00000057 00000018
          | + function block  :  00000004 00000002
          |  Already listed
  02    E02SMBLed::E02SMBLed()
        | Stack used (prev) :  00000207 0000006C
        | + function block  :  00000002 00000002
  03      ClcdAdaptor::Init()
          | Stack used (prev) :  0000005B 0000001C
          | + function block  :  00000002 00000002
          |  Already listed
  04        Clcd::Init()
            | Stack used (prev) :  00000205 00000068
            | + function block  :  00000000 00000002
  03      Clcd::Clcd()
          | Stack used (prev) :  00000205 0000006A
          | + function block  :  00000002 00000002
  02    ClcdAdaptor::ClcdAdaptor()
        | Stack used (prev) :  00000207 0000006C
        | + function block  :  00000002 00000002
  03      ISerialPort::ISerialPort(unsigned long)
          | Stack used (prev) :  00000205 00000068
          | + function block  :  00000000 00000002
  03      Avr_uart0::Init()
          | Stack used (prev) :  00000057 00000018
          | + function block  :  00000002 00000004
          |  Already listed
  02    Avr_uart0::Avr_uart0()
        | Stack used (prev) :  00000205 0000006A
        | + function block  :  00000002 00000002
  03      ITimer::ITimer()
          | Stack used (prev) :  00000205 00000068
          | + function block  :  00000000 00000002
  03      Avr_timer0::Init()
          | Stack used (prev) :  00000057 00000018
          | + function block  :  00000000 00000002
          |  Already listed
  02    Avr_timer0::Avr_timer0()
        | Stack used (prev) :  00000205 0000006A
        | + function block  :  00000002 00000002
  03      IPwmPort::IPwmPort()
          | Stack used (prev) :  00000205 00000068
          | + function block  :  00000000 00000002
  03      Avr_pwm::Init()
          | Stack used (prev) :  00000205 00000068
          | + function block  :  00000000 00000002
  02    Avr_pwm::Avr_pwm(unsigned char)
        | Stack used (prev) :  00000205 0000006A
        | + function block  :  00000004 00000002
  04        __taabi_assert
            | Stack used (prev) :  00000015 0000000A
            | + function block  :  00000015 00000002
            |  Already listed
  04        __iar_EmptyStepPoint
            | Stack used (prev) :  0000000B 00000004
            | + function block  :  00000000 00000002
            |  Already listed
  03      DriverFactory::DriverFactory()
          | Stack used (prev) :  00000205 00000068
          | + function block  :  00000002 00000002
  02    MC_E02SMBDriverFactory::MC_E02SMBDriverFactory()
        | Stack used (prev) :  00000207 0000006A
        | + function block  :  00000002 00000002
  01  __sti__routine()
      | Stack used (prev) :  00000209 0000006E
      | + function block  :  00000000 00000002
  <-Sub-tree of type: Function tree
    | Stack used          :  00000209 00000070


  ->Sub-tree of type: Function tree
                             CSTACK   RSTACK
    | Stack used (prev) :  00000209 00000070
  02    __record_needed_destruction
        | Stack used (prev) :  00000057 00000018
        | + function block  :  00000002 00000002
        |  Already listed
  03      IStringOut::IStringOut()
          | Stack used (prev) :  00000209 00000070
          | + function block  :  00000000 00000002
  02    mylcdAdaptor::mylcdAdaptor()
        | Stack used (prev) :  00000209 00000072
        | + function block  :  00000002 00000002
  02    mylcdAdaptor::mylcdAdaptor()
        | Stack used (prev) :  00000209 00000072
        | + function block  :  00000002 00000002
        |  Already listed
  03      IStringOut::IStringOut()
          | Stack used (prev) :  00000209 00000070
          | + function block  :  00000000 00000002
          |  Already listed
  02    mySerialOutAdaptor::mySerialOutAdaptor()
        | Stack used (prev) :  00000209 00000072
        | + function block  :  00000002 00000002
  03      SerialEvent::SerialEvent()
          | Stack used (prev) :  00000209 00000070
          | + function block  :  00000000 00000002
  02    mySerialEvent::mySerialEvent()
        | Stack used (prev) :  00000209 00000072
        | + function block  :  00000002 00000002
  03      IPwmOut::IPwmOut()
          | Stack used (prev) :  00000209 00000070
          | + function block  :  00000000 00000002
  02    myPwmAdaptor::myPwmAdaptor()
        | Stack used (prev) :  00000209 00000072
        | + function block  :  00000002 00000002
  03      AdcEvent::AdcEvent()
          | Stack used (prev) :  00000209 00000070
          | + function block  :  00000000 00000002
  02    myAdcAdaptor::myAdcAdaptor()
        | Stack used (prev) :  00000209 00000072
        | + function block  :  00000002 00000002
  03      DInEvent::DInEvent()
          | Stack used (prev) :  00000209 00000070
          | + function block  :  00000000 00000002
  02    mySWEvent::mySWEvent()
        | Stack used (prev) :  00000209 00000072
        | + function block  :  00000002 00000002
  03      ITimerEvent::ITimerEvent(unsigned char, unsigned short)
          | Stack used (prev) :  00000166 0000002A
          | + function block  :  00000000 00000002
          |  Already listed
  02    myTimer500ms::myTimer500ms()
        | Stack used (prev) :  00000209 00000070
        | + function block  :  00000002 00000002
  03      ITimerEvent::ITimerEvent(unsigned char, unsigned short)
          | Stack used (prev) :  00000166 0000002A
          | + function block  :  00000000 00000002
          |  Already listed
  02    myTimer1s::myTimer1s()
        | Stack used (prev) :  00000209 00000070
        | + function block  :  00000002 00000002
  04        __taabi_assert
            | Stack used (prev) :  00000015 0000000A
            | + function block  :  00000015 00000002
            |  Already listed
  04        __iar_EmptyStepPoint
            | Stack used (prev) :  0000000B 00000004
            | + function block  :  00000000 00000002
            |  Already listed
  03      SystemManager::SystemManager()
          | Stack used (prev) :  00000209 00000070
          | + function block  :  00000002 00000002
  02    Term_Project_s::Term_Project_s()
        | Stack used (prev) :  0000020B 00000072
        | + function block  :  00000002 00000002
  02    CalClkFuncGen::CalClkFuncGen()
        | Stack used (prev) :  00000209 00000070
        | + function block  :  00000000 00000002
  01  __sti__routine()
      | Stack used (prev) :  0000020D 00000074
      | + function block  :  00000000 00000002
  <-Sub-tree of type: Function tree
    | Stack used          :  0000020D 00000076


  ->Sub-tree of type: Function tree
                             CSTACK   RSTACK
    | Stack used (prev) :  0000020D 00000076
  01  exit
      | Stack used (prev) :  0000020D 00000076
      | + function block  :  00000000 00000002
  <-Sub-tree of type: Function tree
    | Stack used          :  0000020D 00000078


  ->Sub-tree of type: Function tree
                             CSTACK   RSTACK
    | Stack used (prev) :  0000020D 00000078
  01  __low_level_init
      | Stack used (prev) :  0000020D 00000078
      | + function block  :  00000000 00000002
  <-Sub-tree of type: Function tree
    | Stack used          :  0000020D 0000007A


  ->Sub-tree of type: Function tree
                             CSTACK   RSTACK
    | Stack used (prev) :  0000020D 0000007A
  02    __flashcpy
        | Stack used (prev) :  0000020D 0000007A
        | + function block  :  00000000 00000002
  02    __memclr
        | Stack used (prev) :  0000020D 0000007A
        | + function block  :  00000000 00000002
  01  __segment_init
      | Stack used (prev) :  0000020D 0000007C
      | + function block  :  00000000 00000002
  <-Sub-tree of type: Function tree
    | Stack used          :  0000020D 0000007E




                ****************************************
                *                                      *
                *      SEGMENTS IN ADDRESS ORDER       *
                *                                      *
                ****************************************


SEGMENT              SPACE    START ADDRESS   END ADDRESS     SIZE  TYPE  ALIGN
=======              =====    =============   ===========     ====  ====  =====
INTVEC               CODE          00000000 - 00000057          58   com    1
?FILL1               CODE          00000058 - 0000008B          34   rel    0
NEAR_F               CODE          0000008C - 00000290         205   rel    0
SWITCH               CODE          00000292 - 000002C5          34   rel    1
DIFUNCT              CODE          000002C6 - 000002CB           6   rel    0
CODE                 CODE          000002CC - 000057D1        5506   rel    1
INITTAB              CODE          000057D2 - 000057DF           E   rel    0
NEAR_ID              CODE          000057E0 - 00005EF5         716   rel    0
ABSOLUTE             DATA               0000001C                     rel    0
                     DATA               0000001D                   
                     DATA               0000001E                   
                     DATA               0000001F                   
                     DATA          00000024 - 00000027           4 
                     DATA          00000029 - 0000002F           7 
                     DATA          00000031 - 00000032           2 
                     DATA          00000037 - 00000037           1 
                     DATA          00000043 - 00000045           3 
                     DATA          00000051 - 00000051           1 
                     DATA          00000053 - 00000053           1 
                     DATA          00000055 - 00000055           1 
                     DATA          00000057 - 00000057           1 
                     DATA          00000063 - 00000064           2 
                     DATA          0000006C - 0000006D           2 
                     DATA          00000090 - 00000090           1 
                     DATA          00000095 - 00000095           1 
CSTACK               DATA          00000100 - 000003BF         2C0   dse    0
NEAR_HEAP            DATA          000003C0 - 0000061F         260   dse    0
RSTACK               DATA          00000620 - 0000065F          40   dse    0
NEAR_I               DATA          00000660 - 00000D75         716   rel    0
NEAR_Z               DATA          00000D76 - 00000ECF         15A   rel    0

                ****************************************
                *                                      *
                *        END OF CROSS REFERENCE        *
                *                                      *
                ****************************************

 24 257 bytes of CODE memory (+             52 range fill )
  3 536 bytes of DATA memory (+ 27 absolute )

Errors: none
Warnings: none

